
Warning: proc_open(): posix_spawn() failed: No such file or directory in /var/www/html/vendor/sebastian/version/src/Version.php on line 85
Unable to set application key. No APP_KEY variable was found in the .env file.

Warning: proc_open(): posix_spawn() failed: No such file or directory in /var/www/html/vendor/sebastian/version/src/Version.php on line 85

   INFO  Encryption keys generated successfully.  


Warning: proc_open(): posix_spawn() failed: No such file or directory in /var/www/html/vendor/sebastian/version/src/Version.php on line 85

Warning: proc_open(): posix_spawn() failed: No such file or directory in /var/www/html/vendor/sebastian/version/src/Version.php on line 85

   PASS  Tests\Unit\EpkSnapshotBuilderTest
  ✓ it returns an array with all expected top-level keys                 0.70s  
  ✓ it returns empty arrays for optional sections when no related data…  0.02s  
  ✓ it returns the band name from the profile                            0.02s  
  ✓ it returns null for rider URLs when paths are not set                0.02s  
  ✓ it returns storage-prefixed URLs when rider paths are set            0.03s  
  ✓ it includes social links when they exist                             0.02s  
  ✓ it includes multiple social links with correct shape                 0.02s  
  ✓ it excludes member social links from the band social links section   0.02s  
  ✓ it includes only featured press articles                             0.02s  
  ✓ it returns empty press_articles when no articles are featured        0.02s  
  ✓ it limits press articles to 3 most recent featured ones              0.02s  
  ✓ it orders featured press articles by published_at descending         0.02s  
  ✓ it returns correct shape for press article entries                   0.02s  
  ✓ it includes only epk_featured photos                                 0.02s  
  ✓ it returns empty press_photos when no photos are epk_featured        0.02s  
  ✓ it orders press photos by sort_order                                 0.02s  
  ✓ it returns correct shape for press photo entries                     0.02s  
  ✓ it includes upcoming concerts ordered by date                        0.03s  
  ✓ it excludes past concerts                                            0.03s  
  ✓ it limits upcoming concerts to 5                                     0.02s  
  ✓ it includes venue details on upcoming concerts                       0.02s  
  ✓ it returns correct shape for upcoming concert entries                0.02s  

   PASS  Tests\Unit\ExampleTest
  ✓ that true is true                                                    0.03s  

   PASS  Tests\Unit\LocalesTest
  ✓ it lists the supported locale codes                                  0.02s  
  ✓ it names a default locale that is itself supported                   0.01s  
  ✓ it rejects a locale that is not registered                           0.01s  
  ✓ it walks a locale through its own declared fallbacks                 0.02s  
  ✓ it starts the chain from the default for an unsupported locale       0.02s  
  ✓ it never repeats a locale in a chain                                 0.01s  
  ✓ it resolves to the requested locale when it has a value              0.01s  
  ✓ it resolves down the chain when the requested locale is empty        0.02s  
  ✓ it treats an empty string as absent, not as a translation            0.02s  
  ✓ it returns null when no locale in the chain has a value              0.01s  
  ✓ it reports which keys of a translation bag are not registered local… 0.02s  
  ✓ it exposes display metadata for every locale                         0.01s  

   PASS  Tests\Feature\AlbumTest
  ✓ GET /api/albums → it is publicly accessible                          0.08s  
  ✓ GET /api/albums → it returns albums ordered by taken_at desc         0.02s  
  ✓ GET /api/albums/{album} → it returns the album                       0.02s  
  ✓ GET /api/albums/{album} → it returns 404 for a non-existent album    0.02s  
  ✓ POST /api/albums/batch → it returns 401 without authentication       0.03s  
  ✓ POST /api/albums/batch → it returns 403 for non-admin roles          0.04s  
  ✓ POST /api/albums/batch → it creates an album with uploaded photos    0.08s  
  ✓ POST /api/albums/batch → it validates title is required              0.03s  
  ✓ POST /api/albums/batch → it validates files are required             0.04s  
  ✓ PUT /api/albums/{album} → it returns 401 without authentication      0.02s  
  ✓ PUT /api/albums/{album} → it returns 403 for non-admin roles         0.03s  
  ✓ PUT /api/albums/{album} → it updates an album                        0.04s  
  ✓ PUT /api/albums/{album} → it returns 404 for a non-existent album    0.02s  
  ✓ DELETE /api/albums/{album} → it returns 401 without authentication   0.02s  
  ✓ DELETE /api/albums/{album} → it deletes an album                     0.02s  
  ✓ DELETE /api/albums/{album} → it returns 404 for a non-existent albu… 0.02s  
  ✓ POST /api/albums/{album}/photos → it returns 401 without authentica… 0.03s  
  ✓ POST /api/albums/{album}/photos → it returns 403 for non-admin role… 0.03s  
  ✓ POST /api/albums/{album}/photos → it adds photos to an album         0.03s  
  ✓ POST /api/albums/{album}/photos → it validates files are required    0.03s  
  ✓ POST /api/albums/{album}/photos → it returns 404 for a non-existent… 0.02s  
  ✓ PUT /api/albums/{album}/photos/reorder → it returns 401 without aut… 0.02s  
  ✓ PUT /api/albums/{album}/photos/reorder → it returns 403 for non-adm… 0.02s  
  ✓ PUT /api/albums/{album}/photos/reorder → it reorders photos          0.03s  
  ✓ DELETE /api/albums/{album}/photos/{photo} → it returns 401 without…  0.02s  
  ✓ DELETE /api/albums/{album}/photos/{photo} → it returns 403 for non-… 0.02s  
  ✓ DELETE /api/albums/{album}/photos/{photo} → it removes a photo from… 0.02s  
  ✓ DELETE /api/albums/{album}/photos/{photo} → it returns 404 if photo… 0.02s  

   PASS  Tests\Feature\AuthTest
  ✓ POST /api/auth/login → it returns a token on valid credentials       0.12s  
  ✓ POST /api/auth/login → it returns 401 on wrong password              0.23s  
  ✓ POST /api/auth/login → it returns 401 when email does not exist      0.22s  
  ✓ POST /api/auth/login → it validates email is required                0.02s  
  ✓ POST /api/auth/login → it validates email must be a valid email add… 0.02s  
  ✓ POST /api/auth/login → it validates password is required             0.02s  
  ✓ POST /api/auth/logout → it returns 401 without authentication        0.02s  
  ✓ POST /api/auth/logout → it logs out an authenticated user and revok… 0.02s  

   PASS  Tests\Feature\AuthorTest
  ✓ GET /api/authors → it returns 401 without authentication             0.03s  
  ✓ GET /api/authors → it returns 403 for non-admin roles                0.02s  
  ✓ GET /api/authors → it returns authors ordered by name                0.02s  
  ✓ GET /api/authors/{author} → it returns 401 without authentication    0.02s  
  ✓ GET /api/authors/{author} → it returns the author                    0.03s  
  ✓ GET /api/authors/{author} → it returns 404 for a non-existent autho… 0.02s  
  ✓ POST /api/authors → it returns 401 without authentication            0.03s  
  ✓ POST /api/authors → it returns 403 for non-admin roles               0.02s  
  ✓ POST /api/authors → it creates an author with required fields        0.03s  
  ✓ POST /api/authors → it creates an author with all contact fields     0.03s  
  ✓ POST /api/authors → it validates name is required                    0.02s  
  ✓ POST /api/authors → it validates email must be a valid email addres… 0.02s  
  ✓ PUT /api/authors/{author} → it returns 401 without authentication    0.02s  
  ✓ PUT /api/authors/{author} → it returns 403 for non-admin roles       0.03s  
  ✓ PUT /api/authors/{author} → it updates an author                     0.03s  
  ✓ PUT /api/authors/{author} → it returns 404 for a non-existent autho… 0.02s  
  ✓ DELETE /api/authors/{author} → it returns 401 without authenticatio… 0.02s  
  ✓ DELETE /api/authors/{author} → it returns 403 for non-admin roles    0.02s  
  ✓ DELETE /api/authors/{author} → it deletes an author                  0.02s  
  ✓ DELETE /api/authors/{author} → it returns 404 for a non-existent au… 0.02s  
  ✓ author social links → it stores social links sent with a new author  0.04s  
  ✓ author social links → it returns the stored social links when the a… 0.03s  
  ✓ author social links → it replaces social links on update             0.03s  
  ✓ author social links → it keeps author links out of the band profile… 0.03s  
  ✓ author social links → it stores an explicit position for each socia… 0.03s  
  ✓ author social links → it reads links back in position order even wh… 0.03s  
  ✓ author social links → it renumbers positions when links are reorder… 0.04s  
  ✓ author social links → it ignores owner foreign keys smuggled into a… 0.03s  
  ✓ author bands → it attaches bands to an author on create              0.03s  
  ✓ author bands → it syncs bands on update                              0.03s  
  ✓ author bands → it validates that every band id exists                0.02s  
  ✓ author bands → it keeps bands when band_ids is omitted entirely      0.02s  
  ✓ author bands → it detaches the pivot row when a band is deleted      0.02s  

   PASS  Tests\Feature\BandLogoTest
  ✓ GET /api/band-profile/logos → it returns 401 without authentication  0.06s  
  ✓ GET /api/band-profile/logos → it returns 403 for non-admin roles     0.02s  
  ✓ GET /api/band-profile/logos → it returns all logos including deprec… 0.04s  
  ✓ GET /api/band-profile/logos → it returns logos ordered by sort_orde… 0.02s  
  ✓ GET /api/band-profile/logos → it returns empty array when no logos…  0.02s  
  ✓ GET /api/band-profile/logos → it includes expected resource fields   0.03s  
  ✓ POST /api/band-profile/logos → it returns 401 without authenticatio… 0.02s  
  ✓ POST /api/band-profile/logos → it returns 403 for non-admin roles    0.03s  
  ✓ POST /api/band-profile/logos → it uploads a logo and stores the fil… 0.02s  
  ✓ POST /api/band-profile/logos → it first logo auto-becomes default    0.02s  
  ✓ POST /api/band-profile/logos → it subsequent logos are not default…  0.02s  
  ✓ POST /api/band-profile/logos → it validates file is required         0.02s  
  ✓ POST /api/band-profile/logos → it validates file must be an image    0.02s  
  ✓ POST /api/band-profile/logos → it validates variant must be a known… 0.03s  
  ✓ POST /api/band-profile/logos → it validates background must be a kn… 0.02s  
  ✓ POST /api/band-profile/logos → it accepts SVG files                  0.03s  
  ✓ PUT /api/band-profile/logos/{logo} → it returns 401 without authent… 0.03s  
  ✓ PUT /api/band-profile/logos/{logo} → it returns 403 for non-admin r… 0.03s  
  ✓ PUT /api/band-profile/logos/{logo} → it updates metadata             0.03s  
  ✓ PUT /api/band-profile/logos/{logo} → it can deprecate a non-default… 0.03s  
  ✓ PUT /api/band-profile/logos/{logo} → it cannot deprecate the curren… 0.02s  
  ✓ PUT /api/band-profile/logos/{logo} → it returns 404 for a non-exist… 0.03s  
  ✓ POST /api/band-profile/logos/{logo}/set-default → it returns 401 wi… 0.03s  
  ✓ POST /api/band-profile/logos/{logo}/set-default → it returns 403 fo… 0.03s  
  ✓ POST /api/band-profile/logos/{logo}/set-default → it sets the logo…  0.03s  
  ✓ POST /api/band-profile/logos/{logo}/set-default → it cannot set a d… 0.03s  
  ✓ POST /api/band-profile/logos/{logo}/set-default → it returns 404 fo… 0.03s  
  ✓ DELETE /api/band-profile/logos/{logo} → it returns 401 without auth… 0.03s  
  ✓ DELETE /api/band-profile/logos/{logo} → it returns 403 for non-admi… 0.03s  
  ✓ DELETE /api/band-profile/logos/{logo} → it deletes a non-default lo… 0.05s  
  ✓ DELETE /api/band-profile/logos/{logo} → it deletes the default logo… 0.03s  
  ✓ DELETE /api/band-profile/logos/{logo} → it cannot delete the defaul… 0.03s  
  ✓ DELETE /api/band-profile/logos/{logo} → it can delete the default l… 0.03s  
  ✓ DELETE /api/band-profile/logos/{logo} → it deletes the stored file…  0.02s  
  ✓ DELETE /api/band-profile/logos/{logo} → it returns 404 for a non-ex… 0.03s  

   PASS  Tests\Feature\BandMemberTest
  ✓ GET /api/band-profile/members → it returns 404 when no profile exis… 0.07s  
  ✓ GET /api/band-profile/members → it is publicly accessible without a… 0.02s  
  ✓ GET /api/band-profile/members → it returns empty collection when pr… 0.02s  
  ✓ GET /api/band-profile/members → it returns current members before f… 0.03s  
  ✓ GET /api/band-profile/members → it returns members with social_link… 0.03s  
  ✓ POST /api/band-profile/members → it returns 401 without authenticat… 0.02s  
  ✓ POST /api/band-profile/members → it returns 403 for non-admin roles  0.02s  
  ✓ POST /api/band-profile/members → it creates a band member with requ… 0.03s  
  ✓ POST /api/band-profile/members → it creates a member with nickname…  0.03s  
  ✓ POST /api/band-profile/members → it validates that first_name is re… 0.02s  
  ✓ POST /api/band-profile/members → it validates that last_name is req… 0.02s  
  ✓ POST /api/band-profile/members → it creates a member with social li… 0.02s  
  ✓ POST /api/band-profile/members → it validates social link platform…  0.02s  
  ✓ POST /api/band-profile/members → it validates quit_at must be after… 0.02s  
  ✓ PUT /api/band-profile/members/{member} → it returns 401 without aut… 0.02s  
  ✓ PUT /api/band-profile/members/{member} → it allows admin to update…  0.02s  
  ✓ PUT /api/band-profile/members/{member} → it allows a member to upda… 0.03s  
  ✓ PUT /api/band-profile/members/{member} → it forbids a member from u… 0.02s  
  ✓ PUT /api/band-profile/members/{member} → it replaces social links o… 0.03s  
  ✓ PUT /api/band-profile/members/{member} → it returns 404 for a non-e… 0.02s  
  ✓ DELETE /api/band-profile/members/{member} → it returns 401 without…  0.02s  
  ✓ DELETE /api/band-profile/members/{member} → it returns 403 for non-… 0.02s  
  ✓ DELETE /api/band-profile/members/{member} → it deletes a member      0.02s  
  ✓ DELETE /api/band-profile/members/{member} → it returns 404 for a no… 0.02s  
  ✓ PUT /api/band-profile/members/reorder → it returns 401 without auth… 0.03s  
  ✓ PUT /api/band-profile/members/reorder → it returns 403 for non-admi… 0.02s  
  ✓ PUT /api/band-profile/members/reorder → it reorders members by upda… 0.02s  
  ✓ PUT /api/band-profile/members/reorder → it validates ids is require… 0.02s  

   PASS  Tests\Feature\BandProfileTest
  ✓ GET /api/band-profile → it returns 404 when no profile exists        0.04s  
  ✓ GET /api/band-profile → it is publicly accessible without authentic… 0.02s  
  ✓ GET /api/band-profile → it returns the band name                     0.03s  
  ✓ GET /api/band-profile → it includes empty members and social_links…  0.02s  
  ✓ PUT /api/band-profile → it returns 401 without authentication        0.02s  
  ✓ PUT /api/band-profile → it returns 403 for non-admin roles           0.02s  
  ✓ PUT /api/band-profile → it updates the band name                     0.02s  
  ✓ PUT /api/band-profile → it validates name max length is 255          0.02s  
  ✓ PUT /api/band-profile → it does not allow clearing the name          0.02s  
  ✓ PUT /api/band-profile → it updates all four bio versions             0.02s  
  ✓ PUT /api/band-profile → it validates bio_short max length is 280     0.03s  
  ✓ PUT /api/band-profile → it allows clearing bios to null              0.03s  
  ✓ PUT /api/band-profile → it updates career fields                     0.03s  
  ✓ PUT /api/band-profile → it validates career_level must be between 1… 0.03s  
  ✓ PUT /api/band-profile → it accepts all valid career_level values wi… 0.03s  
  ✓ PUT /api/band-profile → it accepts all valid career_level values wi… 0.03s  
  ✓ PUT /api/band-profile → it accepts all valid career_level values wi… 0.03s  
  ✓ PUT /api/band-profile → it accepts all valid career_level values wi… 0.03s  
  ✓ PUT /api/band-profile → it updates contact fields                    0.08s  
  ✓ PUT /api/band-profile → it validates contact email fields must be v… 0.04s  
  ✓ PUT /api/band-profile → it is a partial update — unset fields are n… 0.03s  
  ✓ GET /api/band-profile/epk → it returns 404 when no profile exists    0.02s  
  ✓ GET /api/band-profile/epk → it is publicly accessible without authe… 0.02s  
  ✓ GET /api/band-profile/epk → it returns a data key in the response    0.02s  
  ✓ GET /api/band-profile/epk → it returns the published snapshot when…  0.02s  
  ✓ GET /api/band-profile/epk → it returns the live profile data when n… 0.02s  
  ✓ GET /api/band-profile/epk → it returns the latest published snapsho… 0.03s  
  ✓ POST /api/band-profile/tech-rider → it returns 401 without authenti… 0.02s  
  ✓ POST /api/band-profile/tech-rider → it returns 403 for non-admin ro… 0.02s  
  ✓ POST /api/band-profile/tech-rider → it stores the PDF and updates t… 0.02s  
  ✓ POST /api/band-profile/tech-rider → it returns tech_rider_url in th… 0.02s  
  ✓ POST /api/band-profile/tech-rider → it rejects non-PDF files         0.02s  
  ✓ POST /api/band-profile/tech-rider → it requires a file to be presen… 0.02s  
  ✓ POST /api/band-profile/tech-rider → it replaces an existing tech ri… 0.03s  
  ✓ DELETE /api/band-profile/tech-rider → it returns 401 without authen… 0.03s  
  ✓ DELETE /api/band-profile/tech-rider → it returns 403 for non-admin…  0.02s  
  ✓ DELETE /api/band-profile/tech-rider → it clears the tech_rider_path… 0.03s  
  ✓ DELETE /api/band-profile/tech-rider → it deletes the file from stor… 0.03s  
  ✓ DELETE /api/band-profile/tech-rider → it returns null for tech_ride… 0.03s  
  ✓ DELETE /api/band-profile/tech-rider → it succeeds even when no tech… 0.02s  
  ✓ POST /api/band-profile/stage-plot → it returns 401 without authenti… 0.02s  
  ✓ POST /api/band-profile/stage-plot → it returns 403 for non-admin ro… 0.02s  
  ✓ POST /api/band-profile/stage-plot → it stores the image and updates… 0.04s  
  ✓ POST /api/band-profile/stage-plot → it returns stage_plot_url in th… 0.03s  
  ✓ POST /api/band-profile/stage-plot → it rejects non-image files       0.02s  
  ✓ POST /api/band-profile/stage-plot → it requires a file to be presen… 0.02s  
  ✓ POST /api/band-profile/stage-plot → it replaces an existing stage p… 0.03s  
  ✓ DELETE /api/band-profile/stage-plot → it returns 401 without authen… 0.02s  
  ✓ DELETE /api/band-profile/stage-plot → it returns 403 for non-admin…  0.02s  
  ✓ DELETE /api/band-profile/stage-plot → it clears the stage_plot_path… 0.03s  
  ✓ DELETE /api/band-profile/stage-plot → it deletes the file from stor… 0.04s  
  ✓ DELETE /api/band-profile/stage-plot → it returns null for stage_plo… 0.03s  
  ✓ DELETE /api/band-profile/stage-plot → it succeeds even when no stag… 0.02s  

   PASS  Tests\Feature\BandTest
  ✓ GET /api/bands → it returns 401 without authentication               0.08s  
  ✓ GET /api/bands → it returns 403 for non-admin roles                  0.04s  
  ✓ GET /api/bands → it returns all bands ordered by name                0.02s  
  ✓ GET /api/bands → it returns empty collection when no bands exist     0.02s  
  ✓ GET /api/bands/{band} → it returns the band                          0.02s  
  ✓ GET /api/bands/{band} → it returns 404 for a non-existent band       0.02s  
  ✓ POST /api/bands → it returns 401 without authentication              0.02s  
  ✓ POST /api/bands → it returns 403 for non-admin roles                 0.02s  
  ✓ POST /api/bands → it creates a band                                  0.04s  
  ✓ POST /api/bands → it creates a band with a website                   0.02s  
  ✓ POST /api/bands → it validates name is required                      0.02s  
  ✓ POST /api/bands → it validates name max length is 255                0.02s  
  ✓ POST /api/bands → it validates name must be unique                   0.02s  
  ✓ POST /api/bands → it validates website must be a valid URL           0.02s  
  ✓ PUT /api/bands/{band} → it returns 401 without authentication        0.02s  
  ✓ PUT /api/bands/{band} → it returns 403 for non-admin roles           0.02s  
  ✓ PUT /api/bands/{band} → it updates a band name                       0.04s  
  ✓ PUT /api/bands/{band} → it validates name must not be empty on upda… 0.02s  
  ✓ PUT /api/bands/{band} → it allows keeping the same name on update    0.03s  
  ✓ PUT /api/bands/{band} → it returns 404 for a non-existent band       0.02s  
  ✓ DELETE /api/bands/{band} → it returns 401 without authentication     0.02s  
  ✓ DELETE /api/bands/{band} → it returns 403 for non-admin roles        0.02s  
  ✓ DELETE /api/bands/{band} → it deletes a band                         0.02s  
  ✓ DELETE /api/bands/{band} → it returns 404 for a non-existent band    0.02s  
  ✓ band contact people → it creates a band with contact people attache… 0.04s  
  ✓ band contact people → it exposes contact details on the band listin… 0.02s  
  ✓ band contact people → it replaces contact people on update           0.02s  
  ✓ band contact people → it clears contact people when an empty array…  0.02s  
  ✓ band contact people → it keeps contact people when author_ids is om… 0.02s  
  ✓ band contact people → it reports the gig count and last gig on a si… 0.03s  
  ✓ band contact people → it validates that every author id exists       0.02s  
  ✓ band contact people → it detaches the pivot row when a contact is d… 0.03s  
  ✓ band contact people → it does not attach the same contact twice      0.02s  

   PASS  Tests\Feature\CalendarTest
  ✓ GET /api/band-profile/calendar/events → it returns 401 without auth… 0.05s  
  ✓ GET /api/band-profile/calendar/events → it returns 403 for non-admi… 0.02s  
  ✓ GET /api/band-profile/calendar/events → it validates start is requi… 0.02s  
  ✓ GET /api/band-profile/calendar/events → it validates end is require… 0.04s  
  ✓ GET /api/band-profile/calendar/events → it validates end must be af… 0.02s  
  ✓ GET /api/band-profile/calendar/events → it returns empty data array… 0.02s  
  ✓ GET /api/band-profile/calendar/availability → it is publicly access… 0.02s  
  ✓ GET /api/band-profile/calendar/availability → it validates date is…  0.02s  
  ✓ GET /api/band-profile/calendar/availability → it returns availabili… 0.02s  
  ✓ GET /api/band-profile/calendar/availability → it never exposes whic… 0.02s  
  ✓ GET /api/band-profile/calendar/availability-range → it is publicly…  0.05s  
  ✓ GET /api/band-profile/calendar/availability-range → it validates st… 0.02s  
  ✓ GET /api/band-profile/calendar/availability-range → it rejects an e… 0.02s  
  ✓ GET /api/band-profile/calendar/availability-range → it caps the ran… 0.02s  
  ✓ GET /api/band-profile/calendar/availability-range → it returns one…  0.02s  
  ✓ GET /api/band-profile/calendar/availability-range → it reports days… 0.02s  
  ✓ GET /api/band-profile/calendar/availability-range → it exposes only… 0.02s  
  ✓ availability-range iCal coverage → it sees an event on the final da… 0.04s  
  ✓ availability-range iCal coverage → it marks every day a multi-day t… 0.04s  
  ✓ availability-range iCal coverage → it honours an exclusive all-day…  0.02s  
  ✓ availability-range iCal coverage → it marks days for an event that…  0.02s  
  ✓ availability-range iCal coverage → it reports open across the range… 0.02s  
  ✓ availability-range day coverage → it emits an entry for the final d… 0.02s  
  ✓ availability-range day coverage → it marks a concert on the final d… 0.02s  
  ✓ availability-range day coverage → it marks a concert on the first d… 0.02s  
  ✓ availability-range day coverage → it is rate limited                 0.02s  

   PASS  Tests\Feature\CheckoutTest
  ✓ POST /api/checkout → it creates an order and returns a checkout url  0.12s  
  ✓ POST /api/checkout → it returns 422 when item stock is insufficient  0.03s  
  ✓ POST /api/checkout → it returns 422 when variant stock is zero       0.03s  
  ✓ POST /api/checkout → it returns 422 when item has no price in the r… 0.03s  
  ✓ POST /api/checkout → it validates required fields                    0.03s  
  ✓ POST /api/webhooks/stripe → it marks order as paid and decrements s… 0.05s  
  ✓ POST /api/webhooks/stripe → it returns 400 with an invalid Stripe s… 0.02s  
  ✓ POST /api/webhooks/stripe → it is idempotent — does not double-proc… 0.04s  
  ✓ GET /api/orders/{uuid} → it returns order data by uuid               0.03s  
  ✓ GET /api/orders/{uuid} → it returns 404 for unknown uuid             0.02s  
  ✓ GET /api/orders/{uuid} → it is publicly accessible (no auth require… 0.02s  

   PASS  Tests\Feature\ConcertTest
  ✓ GET /api/concerts → it is publicly accessible                        0.03s  
  ✓ GET /api/concerts → it returns concerts with venue and bands         0.03s  
  ✓ GET /api/concerts → it returns concerts sorted by date then start_t… 0.05s  
  ✓ GET /api/concerts/{concert} → it returns the concert with relations  0.03s  
  ✓ GET /api/concerts/{concert} → it returns 404 for a non-existent con… 0.02s  
  ✓ POST /api/concerts → it returns 401 without authentication           0.02s  
  ✓ POST /api/concerts → it returns 403 for non-admin roles              0.02s  
  ✓ POST /api/concerts → it creates a concert with required fields       0.03s  
  ✓ POST /api/concerts → it refuses to create a concert when no venue e… 0.02s  
  ✓ POST /api/concerts → it reports a readable message when the venue i… 0.02s  
  ✓ POST /api/concerts → it creates a concert with bands                 0.04s  
  ✓ POST /api/concerts → it creates a concert with times                 0.03s  
  ✓ POST /api/concerts → it validates venue_id is required               0.02s  
  ✓ POST /api/concerts → it validates venue must exist                   0.02s  
  ✓ POST /api/concerts → it rejects the unselected placeholder venue wi… 0.02s  
  ✓ POST /api/concerts → it validates date is required                   0.02s  
  ✓ POST /api/concerts → it validates date format must be Y-m-d          0.03s  
  ✓ POST /api/concerts → it validates start_time format must be H:i      0.04s  
  ✓ PUT /api/concerts/{concert} → it returns 401 without authentication  0.02s  
  ✓ PUT /api/concerts/{concert} → it updates a concert                   0.03s  
  ✓ PUT /api/concerts/{concert} → it replaces bands on update            0.03s  
  ✓ PUT /api/concerts/{concert} → it returns 404 for a non-existent con… 0.02s  
  ✓ PUT /api/concerts/{concert} → it validates date format must be Y-m-… 0.02s  
  ✓ DELETE /api/concerts/{concert} → it returns 401 without authenticat… 0.02s  
  ✓ DELETE /api/concerts/{concert} → it returns 403 for non-admin roles  0.02s  
  ✓ DELETE /api/concerts/{concert} → it deletes a concert                0.04s  
  ✓ DELETE /api/concerts/{concert} → it returns 404 for a non-existent…  0.02s  
  ✓ POST /api/concerts/{concert}/poster → it returns 401 without authen… 0.02s  
  ✓ POST /api/concerts/{concert}/poster → it returns 403 for non-admin…  0.02s  
  ✓ POST /api/concerts/{concert}/poster → it returns 404 for a non-exis… 0.02s  
  ✓ POST /api/concerts/{concert}/poster → it requires an image file      0.02s  
  ✓ POST /api/concerts/{concert}/poster → it rejects non-image files     0.02s  
  ✓ POST /api/concerts/{concert}/poster → it stores the poster and upda… 0.03s  
  ✓ POST /api/concerts/{concert}/poster → it deletes the old poster whe… 0.06s  
  ✓ DELETE /api/concerts/{concert}/poster → it returns 401 without auth… 0.03s  
  ✓ DELETE /api/concerts/{concert}/poster → it returns 403 for non-admi… 0.03s  
  ✓ DELETE /api/concerts/{concert}/poster → it returns 404 for a non-ex… 0.02s  
  ✓ DELETE /api/concerts/{concert}/poster → it clears the poster field…  0.03s  
  ✓ DELETE /api/concerts/{concert}/poster → it returns the concert reso… 0.03s  
  ✓ GET /api/concerts/{concert}/setlist → it is publicly accessible      0.02s  
  ✓ GET /api/concerts/{concert}/setlist → it returns the setlist for th… 0.04s  
  ✓ GET /api/concerts/{concert}/setlist → it returns 404 when the conce… 0.02s  
  ✓ GET /api/concerts/{concert}/setlist → it returns 404 when the conce… 0.02s  

   PASS  Tests\Feature\ConcertTicketRouteVisibilityTest
  ✓ ticket listing routes stay distinct → it serves the public ticket-t… 0.07s  
  ✓ ticket listing routes stay distinct → it requires authentication fo… 0.03s  
  ✓ ticket listing routes stay distinct → it forbids a non-admin from t… 0.04s  
  ✓ ticket listing routes stay distinct → it lets an admin read the adm… 0.04s  

   PASS  Tests\Feature\ContactTest
  ✓ POST /api/contact → it is publicly accessible                        0.03s  
  ✓ POST /api/contact → it sends a ContactInquiry email to the configur… 0.02s  
  ✓ POST /api/contact → it includes reply-to set to the sender email     0.02s  
  ✓ POST /api/contact → it silently accepts but ignores spam when honey… 0.02s  
  ✓ POST /api/contact → it validates reason is required                  0.02s  
  ✓ POST /api/contact → it validates reason must be one of the allowed…  0.02s  
  ✓ POST /api/contact → it validates name is required                    0.03s  
  ✓ POST /api/contact → it validates email is required                   0.02s  
  ✓ POST /api/contact → it validates email must be a valid email addres… 0.02s  
  ✓ POST /api/contact → it validates message is required                 0.02s  
  ✓ POST /api/contact → it accepts an optional subject                   0.02s  
  ✓ POST /api/contact → it rejects a message exceeding 5000 characters   0.02s  
  ✓ POST /api/contact → it rejects a name exceeding 255 characters       0.02s  

   PASS  Tests\Feature\EmbedProviderTest
  ✓ EmbedProvider::detect → it detects youtube from both hosts           0.05s  
  ✓ EmbedProvider::detect → it detects vimeo, instagram and tiktok       0.02s  
  ✓ EmbedProvider::detect → it falls back to link for any other host, f… 0.02s  
  ✓ EmbedProvider::detect → it falls back to link rather than throwing…  0.02s  
  ✓ EmbedProvider::embedId → it extracts a youtube id from watch, short… 0.02s  
  ✓ EmbedProvider::embedId → it extracts vimeo, instagram and tiktok id… 0.02s  
  ✓ EmbedProvider::embedId → it extracts an instagram reel id as well a… 0.02s  
  ✓ EmbedProvider::embedId → it returns null for a link and for an unpa… 0.02s  

   PASS  Tests\Feature\EpkVersionTest
  ✓ GET /api/epk-versions → it returns 401 without authentication        0.05s  
  ✓ GET /api/epk-versions → it returns 403 for non-admin users           0.02s  
  ✓ GET /api/epk-versions → it returns an empty list when there are no…  0.02s  
  ✓ GET /api/epk-versions → it returns versions ordered by version_numb… 0.02s  
  ✓ POST /api/epk-versions → it returns 401 without authentication       0.02s  
  ✓ POST /api/epk-versions → it returns 403 for non-admin users          0.02s  
  ✓ POST /api/epk-versions → it creates a new pending version with the…  0.03s  
  ✓ POST /api/epk-versions → it auto-increments version number beyond e… 0.04s  
  ✓ POST /api/epk-versions → it returns 422 when a pending version alre… 0.02s  
  ✓ POST /api/epk-versions → it release_reason is optional               0.02s  
  ✓ POST /api/epk-versions/{version}/publish → it returns 401 without a… 0.02s  
  ✓ POST /api/epk-versions/{version}/publish → it returns 403 for non-a… 0.02s  
  ✓ POST /api/epk-versions/{version}/publish → it publishes a pending v… 0.02s  
  ✓ POST /api/epk-versions/{version}/publish → it returns 422 when tryi… 0.02s  
  ✓ POST /api/epk-versions/{version}/publish → it returns 422 when tryi… 0.04s  
  ✓ POST /api/epk-versions/{version}/publish → it returns 404 for a non… 0.03s  
  ✓ DELETE /api/epk-versions/{version} → it returns 401 without authent… 0.02s  
  ✓ DELETE /api/epk-versions/{version} → it returns 403 for non-admin u… 0.03s  
  ✓ DELETE /api/epk-versions/{version} → it deletes a pending version a… 0.03s  
  ✓ DELETE /api/epk-versions/{version} → it returns 422 when trying to…  0.03s  
  ✓ DELETE /api/epk-versions/{version} → it returns 422 when trying to…  0.03s  
  ✓ DELETE /api/epk-versions/{version} → it returns 404 for a non-exist… 0.05s  

   PASS  Tests\Feature\ExampleTest
  ✓ the application returns a successful response                        0.08s  

   PASS  Tests\Feature\FacebookSyncTest
  ✓ POST /api/band-profile/sync-facebook-likes → it returns 401 without… 0.03s  
  ✓ POST /api/band-profile/sync-facebook-likes → it returns 403 for non… 0.02s  
  ✓ POST /api/band-profile/sync-facebook-likes → it returns 503 when Fa… 0.02s  
  ✓ POST /api/band-profile/sync-facebook-likes → it returns 503 when on… 0.02s  
  ✓ POST /api/band-profile/sync-facebook-likes → it syncs fan_count and… 0.04s  
  ✓ POST /api/band-profile/sync-facebook-likes → it returns 502 when th… 0.02s  
  ✓ POST /api/band-profile/sync-facebook-likes → it returns 422 when fa… 0.02s  

   PASS  Tests\Feature\FanAccountTest
  ✓ POST /api/fan/auth/magic-link → it returns 200 and message for a va… 0.03s  
  ✓ POST /api/fan/auth/magic-link → it creates a new fan account if ema… 0.02s  
  ✓ POST /api/fan/auth/magic-link → it returns 422 for an invalid email  0.02s  
  ✓ GET /api/fan/auth/verify → it returns 200 with token and fan data f… 0.04s  
  ✓ GET /api/fan/auth/verify → it returns 401 for an invalid token       0.02s  
  ✓ GET /api/fan/auth/verify → it returns 401 for an expired token       0.02s  
  ✓ GET /api/fan/me → it returns 200 with fan data when authenticated    0.02s  
  ✓ GET /api/fan/me → it returns 401 without authentication              0.02s  
  ✓ GET /api/fan/me → it returns 401 with invalid session token          0.02s  
  ✓ GET /api/fan/tickets → it returns 200 with ticket array when authen… 0.02s  
  ✓ GET /api/fan/tickets → it returns tickets linked by fan_account_id   0.02s  
  ✓ GET /api/fan/tickets → it returns 401 without authentication         0.03s  
  ✓ GET /api/fan/orders → it returns 200 with order array when authenti… 0.02s  
  ✓ GET /api/fan/orders → it returns orders matching fan email           0.02s  
  ✓ GET /api/fan/orders → it returns 401 without authentication          0.02s  
  ✓ GET /api/fan-accounts (admin list) → it returns 403 for a member ro… 0.02s  
  ✓ GET /api/fan-accounts (admin list) → it returns 200 for an admin us… 0.02s  
  ✓ GET /api/fan-accounts (admin list) → it returns 401 without authent… 0.02s  
  ✓ POST /api/fan/auth/logout → it returns 200 and clears the session t… 0.04s  
  ✓ POST /api/fan/auth/logout → it returns 401 without authentication    0.02s  

   PASS  Tests\Feature\FaqTest
  ✓ it serves published faqs without auth                                0.04s  
  ✓ it filters by module so each subpage gets only its own questions     0.02s  
  ✓ it returns an empty list for a module with no questions              0.02s  
  ✓ it hides unpublished faqs from the public endpoint                   0.02s  
  ✓ it orders by sort_order                                              0.03s  
  ✓ it resolves the requested locale                                     0.02s  
  ✓ it falls back to the other locale rather than emitting an empty str… 0.02s  
  ✓ it requires auth for every write route                               0.03s  
  ✓ it creates a faq against a real module                               0.04s  
  ✓ it applies the generated length rules to every registered locale     0.03s  
  ✓ it rejects a module_slug that is not a real module                   0.04s  
  ✓ it allows assigning to a disabled module                             0.02s  
  ✓ it appends new questions to the end of their own module              0.02s  
  ✓ it leaves the other locale alone on a partial update                 0.02s  
  ✓ it clears one locale when explicitly sent null                       0.02s  
  ✓ it reorders within one module without renumbering another            0.03s  
  ✓ it deletes a faq                                                     0.02s  
  ✓ it rejects a faq with no question rather than failing at the databa… 0.05s  
  ✓ it rejects a faq whose question is blank in both locales             0.03s  
  ✓ it accepts a question in one locale only                             0.03s  
  ✓ it rejects a faq with no answer key rather than failing at the data… 0.03s  
  ✓ it accepts an answer that is blank in both locales                   0.03s  
  ✓ it keys the missing-question error where the editor renders it       0.02s  
  ✓ it rejects an answer carrying only unsupported locales               0.02s  
  ✓ it rejects an answer sent as a list rather than a locale map         0.04s  
  ✓ it stores a row when answer is blank in both locales                 0.02s  

   PASS  Tests\Feature\GeocodeVenuesTest
  ✓ it writes coordinates onto a venue with an address                   0.05s  
  ✓ it leaves the database untouched on a dry run                        0.02s  
  ✓ it skips venues that already have coordinates                        0.02s  
  ✓ it re-geocodes an already-pinned venue when --all is given           0.02s  
  ✓ it skips a venue with no address rather than searching for its name  0.04s  
  ✓ it makes one request per distinct address, not one per venue         0.03s  
  ✓ it records no match when the geocoder finds nothing, and leaves the… 0.02s  
  ✓ it treats a failed lookup as a miss instead of aborting the whole r… 1.02s  
  ✓ it stops after --limit venues                                        1.03s  

   PASS  Tests\Feature\HealthCheckTest
  ✓ GET /api/health → it returns a 200 with healthy status when the dat… 0.03s  
  ✓ GET /api/health → it is publicly accessible without authentication   0.03s  

   PASS  Tests\Feature\HeroImageTest
  ✓ it orders a scope by position, not by id                             0.06s  
  ✓ it drops out of every scope when its photo is deleted                0.02s  
  ✓ it allows the same photo in several scopes                           0.02s  
  ✓ it treats every live module slug plus main and home as a valid scop… 0.02s  
  ✓ it keeps a disabled module as a valid scope                          0.02s  
  ✓ it rejects hero image reads without auth                             0.03s  
  ✓ it replaces a scope rather than appending to it                      0.04s  
  ✓ it writes position from the payload order                            0.03s  
  ✓ it clears a scope when given an empty list                           0.06s  
  ✓ it leaves other scopes untouched when one is saved                   0.04s  
  ✓ it rejects an unknown scope                                          0.03s  
  ✓ it accepts a disabled module as a scope                              0.03s  
  ✓ it rejects a photo id that does not exist                            0.03s  
  ✓ it serves hero images from site-config without auth                  0.03s  
  ✓ it omits a hero row whose photo has no file                          0.03s  
  ✓ it serves an empty hero_images object rather than null when none ar… 0.02s  
  ✓ it keeps hero images out of module_config so the slug map is unaffe… 0.05s  
  ✓ it serves an empty admin payload as an object, not an array          0.03s  
  ✓ it asks the public site to rebuild when auto-rebuild is on           0.03s  
  ✓ it does not rebuild when auto-rebuild is off                         0.03s  
  ✓ it clears hero entries when the album holding the photo is deleted   0.03s  
  ✓ it rejects an unbounded photo_ids array                              0.04s  

   PASS  Tests\Feature\HorizonTest
  ✓ it SendTicketConfirmationEmail job can be instantiated               0.06s  
  ✓ it GenerateAppleWalletPass job can be instantiated                   0.02s  
  ✓ it SendTicketTransferNotification job can be instantiated            0.02s  
  ✓ it dispatches SendTicketConfirmationEmail                            0.02s  
  ✓ it dispatches GenerateAppleWalletPass                                0.02s  
  ✓ it dispatches SendTicketTransferNotification                         0.02s  

   PASS  Tests\Feature\InstrumentTest
  ✓ GET /api/instruments → it is publicly accessible                     0.03s  
  ✓ GET /api/instruments → it returns instruments ordered by category t… 0.04s  
  ✓ POST /api/instruments → it returns 401 without authentication        0.02s  
  ✓ POST /api/instruments → it returns 403 for non-admin roles           0.02s  
  ✓ POST /api/instruments → it creates an instrument                     0.02s  
  ✓ POST /api/instruments → it creates an instrument without a category  0.02s  
  ✓ POST /api/instruments → it validates name is required                0.02s  
  ✓ POST /api/instruments → it validates name must be unique             0.02s  
  ✓ POST /api/instruments → it validates name max length                 0.02s  
  ✓ POST /api/instruments → it accepts every stage plot type in the enu… 0.13s  
  ✓ POST /api/instruments → it rejects an unknown stage plot type        0.02s  
  ✓ POST /api/instruments → it allows a null stage plot type             0.02s  
  ✓ PUT /api/instruments/{instrument} → it returns 401 without authenti… 0.02s  
  ✓ PUT /api/instruments/{instrument} → it returns 403 for non-admin ro… 0.02s  
  ✓ PUT /api/instruments/{instrument} → it updates an instrument         0.03s  
  ✓ PUT /api/instruments/{instrument} → it allows keeping the same name… 0.02s  
  ✓ PUT /api/instruments/{instrument} → it validates name must not be e… 0.05s  
  ✓ PUT /api/instruments/{instrument} → it validates name must be uniqu… 0.03s  
  ✓ PUT /api/instruments/{instrument} → it returns 404 for a non-existe… 0.02s  
  ✓ DELETE /api/instruments/{instrument} → it returns 401 without authe… 0.02s  
  ✓ DELETE /api/instruments/{instrument} → it returns 403 for non-admin… 0.02s  
  ✓ DELETE /api/instruments/{instrument} → it deletes an instrument      0.02s  
  ✓ DELETE /api/instruments/{instrument} → it returns 404 for a non-exi… 0.02s  

   PASS  Tests\Feature\LoginThrottleTest
  ✓ it allows attempts up to the configured limit                        0.67s  
  ✓ it returns 429 once the configured limit is exceeded                 0.63s  
  ✓ it takes the limit from config rather than a hardcoded value         0.23s  
  ✓ it still rejects bad credentials with 401 while under the limit      0.22s  

   PASS  Tests\Feature\MemberSetupTest
  ✓ GET /api/band-profile/members/{member}/setups → it returns 401 with… 0.03s  
  ✓ GET /api/band-profile/members/{member}/setups → it allows admin to…  0.02s  
  ✓ GET /api/band-profile/members/{member}/setups → it allows a member…  0.04s  
  ✓ GET /api/band-profile/members/{member}/setups → it forbids a member… 0.02s  
  ✓ POST /api/band-profile/members/{member}/setups → it returns 401 wit… 0.02s  
  ✓ POST /api/band-profile/members/{member}/setups → it creates a setup… 0.04s  
  ✓ POST /api/band-profile/members/{member}/setups → it allows a member… 0.03s  
  ✓ POST /api/band-profile/members/{member}/setups → it forbids a membe… 0.02s  
  ✓ POST /api/band-profile/members/{member}/setups → it validates name…  0.02s  
  ✓ POST /api/band-profile/members/{member}/setups → it validates signa… 0.04s  
  ✓ POST /api/band-profile/members/{member}/setups → it validates signa… 0.02s  
  ✓ POST /api/band-profile/members/{member}/setups → it accepts all kno… 0.02s  
  ✓ POST /api/band-profile/members/{member}/setups → it accepts all kno… 0.02s  
  ✓ POST /api/band-profile/members/{member}/setups → it accepts all kno… 0.02s  
  ✓ POST /api/band-profile/members/{member}/setups → it accepts all kno… 0.02s  
  ✓ POST /api/band-profile/members/{member}/setups → it accepts all kno… 0.02s  
  ✓ POST /api/band-profile/members/{member}/setups → it accepts all kno… 0.02s  
  ✓ POST /api/band-profile/members/{member}/setups → it accepts all kno… 0.04s  
  ✓ POST /api/band-profile/members/{member}/setups → it accepts all kno… 0.02s  
  ✓ POST /api/band-profile/members/{member}/setups → it accepts all kno… 0.02s  
  ✓ POST /api/band-profile/members/{member}/setups → it accepts all kno… 0.02s  
  ✓ POST /api/band-profile/members/{member}/setups → it accepts all kno… 0.02s  
  ✓ POST /api/band-profile/members/{member}/setups → it accepts all kno… 0.02s  
  ✓ POST /api/band-profile/members/{member}/setups → it accepts all kno… 0.02s  
  ✓ POST /api/band-profile/members/{member}/setups → it accepts all kno… 0.02s  
  ✓ POST /api/band-profile/members/{member}/setups → it accepts all kno… 0.04s  
  ✓ POST /api/band-profile/members/{member}/setups → it accepts all kno… 0.02s  
  ✓ PUT /api/band-profile/members/{member}/setups/{setup} → it returns…  0.02s  
  ✓ PUT /api/band-profile/members/{member}/setups/{setup} → it updates…  0.03s  
  ✓ PUT /api/band-profile/members/{member}/setups/{setup} → it returns…  0.03s  
  ✓ DELETE /api/band-profile/members/{member}/setups/{setup} → it retur… 0.02s  
  ✓ DELETE /api/band-profile/members/{member}/setups/{setup} → it delet… 0.02s  
  ✓ DELETE /api/band-profile/members/{member}/setups/{setup} → it allow… 0.03s  
  ✓ GET /api/band-profile/member-setups → it returns 401 without authen… 0.03s  
  ✓ GET /api/band-profile/member-setups → it returns 403 for non-admin…  0.06s  
  ✓ GET /api/band-profile/member-setups → it returns all setups grouped… 0.03s  
  ✓ rig validation → it accepts a partial update that sends only is_def… 0.03s  
  ✓ rig validation → it stores multiple monitor sends without dropping…  0.03s  
  ✓ rig validation → it rejects a monitor with an unknown type           0.03s  
  ✓ rig validation → it accepts a backline list rather than a single it… 0.03s  

   PASS  Tests\Feature\MusicVideoTest
  ✓ GET /api/music-videos → it is publicly accessible                    0.10s  
  ✓ GET /api/music-videos → it returns videos ordered by sort_order      0.03s  
  ✓ POST /api/music-videos → it returns 401 without authentication       0.02s  
  ✓ POST /api/music-videos → it returns 403 for non-admin roles          0.03s  
  ✓ POST /api/music-videos → it creates a music video                    0.03s  
  ✓ POST /api/music-videos → it validates title is required              0.03s  
  ✓ POST /api/music-videos → it validates video_url is required          0.03s  
  ✓ POST /api/music-videos → it validates video_url must be a valid URL  0.05s  
  ✓ POST /api/music-videos → it validates published_at must be Y-m-d fo… 0.03s  
  ✓ PUT /api/music-videos/{musicVideo} → it returns 401 without authent… 0.02s  
  ✓ PUT /api/music-videos/{musicVideo} → it returns 403 for non-admin r… 0.02s  
  ✓ PUT /api/music-videos/{musicVideo} → it updates a music video        0.03s  
  ✓ PUT /api/music-videos/{musicVideo} → it returns 404 for a non-exist… 0.03s  
  ✓ DELETE /api/music-videos/{musicVideo} → it returns 401 without auth… 0.03s  
  ✓ DELETE /api/music-videos/{musicVideo} → it returns 403 for non-admi… 0.05s  
  ✓ DELETE /api/music-videos/{musicVideo} → it deletes a music video     0.03s  
  ✓ DELETE /api/music-videos/{musicVideo} → it returns 404 for a non-ex… 0.03s  
  ✓ POST /api/music-videos/{musicVideo}/fetch-preview → it returns 401…  0.02s  
  ✓ POST /api/music-videos/{musicVideo}/fetch-preview → it returns 403…  0.03s  
  ✓ POST /api/music-videos/{musicVideo}/fetch-preview → it fetches OEmb… 0.03s  
  ✓ POST /api/music-videos/{musicVideo}/fetch-preview → it returns 422…  0.03s  
  ✓ POST /api/music-videos/{musicVideo}/fetch-preview → it returns 404…  0.02s  

   PASS  Tests\Feature\NewsletterTest
  ✓ POST /api/newsletter/subscribe → it is publicly accessible           0.06s  
  ✓ POST /api/newsletter/subscribe → it subscribes a new email and send… 0.02s  
  ✓ POST /api/newsletter/subscribe → it silently accepts but ignores sp… 0.02s  
  ✓ POST /api/newsletter/subscribe → it rejects email domain with no DN… 0.28s  
  ✓ POST /api/newsletter/subscribe → it returns 200 and resends email w… 0.03s  
  ✓ POST /api/newsletter/subscribe → it returns 200 and sends no email…  0.02s  
  ✓ POST /api/newsletter/subscribe → it validates email is required      0.02s  
  ✓ POST /api/newsletter/subscribe → it validates email must be a valid… 0.06s  
  ✓ GET /api/newsletter/confirm/{token} → it confirms a subscriber with… 0.03s  
  ✓ GET /api/newsletter/confirm/{token} → it returns 404 for an invalid… 0.02s  
  ✓ GET /api/newsletter/unsubscribe/{token} → it removes a subscriber w… 0.02s  
  ✓ GET /api/newsletter/unsubscribe/{token} → it returns 404 for an inv… 0.02s  
  ✓ GET /api/newsletter-subscribers → it returns 401 without authentica… 0.03s  
  ✓ GET /api/newsletter-subscribers → it returns 403 for non-admin role… 0.04s  
  ✓ GET /api/newsletter-subscribers → it returns paginated subscriber l… 0.05s  
  ✓ DELETE /api/newsletter-subscribers/{subscriber} → it returns 401 wi… 0.02s  
  ✓ DELETE /api/newsletter-subscribers/{subscriber} → it returns 403 fo… 0.03s  
  ✓ DELETE /api/newsletter-subscribers/{subscriber} → it deletes a subs… 0.03s  
  ✓ DELETE /api/newsletter-subscribers/{subscriber} → it returns 404 fo… 0.02s  

   PASS  Tests\Feature\PdfTicketTest
  ✓ GET /api/tickets/{uuid}/pdf — status guard → it returns 410 for a v… 0.07s  
  ✓ GET /api/tickets/{uuid}/pdf — status guard → it returns 410 for a t… 0.02s  
  ✓ GET /api/tickets/{uuid}/qr — status guard → it returns 410 for a vo… 0.03s  

   PASS  Tests\Feature\PhotoTest
  ✓ GET /api/photos → it is publicly accessible without authentication   0.02s  
  ✓ GET /api/photos → it returns an empty list when there are no photos  0.02s  
  ✓ GET /api/photos → it returns all photos ordered by sort_order        0.02s  
  ✓ GET /api/photos/{photo} → it is publicly accessible without authent… 0.02s  
  ✓ GET /api/photos/{photo} → it returns the photo with its album        0.05s  
  ✓ GET /api/photos/{photo} → it returns 404 for a non-existent photo    0.02s  
  ✓ POST|PUT /api/photos/{photo} → it returns 401 without authenticatio… 0.02s  
  ✓ POST|PUT /api/photos/{photo} → it returns 403 for non-admin users    0.02s  
  ✓ POST|PUT /api/photos/{photo} → it updates caption, sort_order and e… 0.02s  
  ✓ POST|PUT /api/photos/{photo} → it validates caption max length       0.02s  
  ✓ POST|PUT /api/photos/{photo} → it validates sort_order is a non-neg… 0.02s  
  ✓ POST|PUT /api/photos/{photo} → it returns 404 for a non-existent ph… 0.02s  
  ✓ DELETE /api/photos/{photo} → it returns 401 without authentication   0.05s  
  ✓ DELETE /api/photos/{photo} → it returns 403 for non-admin users      0.02s  
  ✓ DELETE /api/photos/{photo} → it deletes the photo and returns 204    0.02s  
  ✓ DELETE /api/photos/{photo} → it returns 404 for a non-existent phot… 0.02s  

   PASS  Tests\Feature\PostBlockBackfillTest
  ✓ it emits content as a text block at position 0, preserving translat… 0.04s  
  ✓ it treats a non-JSON legacy content value as English                 0.06s  
  ✓ it emits no text block when content is null or empty                 0.02s  
  ✓ it orders content, then press, then related, then links              0.05s  
  ✓ it keeps link labels rather than discarding them                     0.07s  
  ✓ it re-detects the provider from the url instead of mapping the old…  0.02s  
  ✓ it preserves the incoming link order                                 0.02s  
  ✓ it emits nothing at all for an empty post                            0.02s  

   PASS  Tests\Feature\PostBlockModelTest
  ✓ it casts payload to an array                                         0.03s  
  ✓ it orders blocks by position, not by id                              0.02s  
  ✓ it cascades on post delete                                           0.02s  

   FAIL  Tests\Feature\PostTest
  ✓ GET /api/posts → it is publicly accessible                           0.03s  
  ⨯ GET /api/posts → it returns posts newest first                       0.07s  
  ⨯ GET /api/posts → it filters by search term in title                  0.03s  
  ⨯ GET /api/posts → it filters by search term in content                0.02s  
  ⨯ GET /api/posts → it filters by tag_id                                0.03s  
  ⨯ GET /api/posts/{post} → it returns the post with full content        0.02s  
  ✓ GET /api/posts/{post} → it returns 404 for a non-existent post       0.02s  
  ✓ POST /api/posts → it returns 401 without authentication              0.02s  
  ✓ POST /api/posts → it returns 403 for member role                     0.02s  
  ⨯ POST /api/posts → it allows publisher role to create a post          0.08s  
  ⨯ POST /api/posts → it creates a post with required fields             0.05s  
  ⨯ POST /api/posts → it auto-generates a slug from the title            0.05s  
  ⨯ POST /api/posts → it creates a draft when published_at is null       0.03s  
  ⨯ POST /api/posts → it creates a post with tags                        0.03s  
  ⨯ POST /api/posts → it creates a post with links                       0.05s  
  ✓ POST /api/posts → it validates title is required                     0.02s  
  ✓ POST /api/posts → it validates image must be a base64 data URL       0.04s  
  ✓ POST /api/posts → it validates link type must be a known value       0.02s  
  ✓ POST /api/posts → it validates link url must be a valid URL          0.02s  
  ⨯ POST /api/posts → it accepts all known link types with ('youtube')   0.02s  
  ⨯ POST /api/posts → it accepts all known link types with ('instagram'… 0.02s  
  ⨯ POST /api/posts → it accepts all known link types with ('facebook')  0.02s  
  ⨯ POST /api/posts → it accepts all known link types with ('normal')    0.02s  
  ✓ PUT /api/posts/{post} → it returns 401 without authentication        0.02s  
  ⨯ PUT /api/posts/{post} → it updates a post                            0.08s  
  ⨯ PUT /api/posts/{post} → it replaces links on update                  0.02s  
  ⨯ PUT /api/posts/{post} → it syncs tags on update                      0.06s  
  ✓ PUT /api/posts/{post} → it returns 404 for a non-existent post       0.02s  
  ✓ DELETE /api/posts/{post} → it returns 401 without authentication     0.02s  
  ✓ DELETE /api/posts/{post} → it returns 403 for member role            0.02s  
  ✓ DELETE /api/posts/{post} → it deletes a post                         0.02s  
  ✓ DELETE /api/posts/{post} → it returns 404 for a non-existent post    0.02s  
  ⨯ it exposes the publication name alongside each press release         0.02s  
  ⨯ it falls back to the url host when no site name was scraped          0.05s  
  ⨯ it omits press releases for a post with no coverage                  0.02s  

   PASS  Tests\Feature\PresaleCodeTest
  ✓ POST /api/presale-codes/validate → it validates a valid presale cod… 0.06s  
  ✓ POST /api/presale-codes/validate → it rejects an invalid code        0.02s  
  ✓ POST /api/presale-codes/validate → it rejects an expired code        0.02s  
  ✓ POST /api/presale-codes/validate → it rejects an exhausted code      0.07s  
  ✓ POST /api/presale-codes/validate → it validates a global code for a… 0.02s  
  ✓ GET /api/presale-codes → it lists presale codes — requires auth      0.05s  
  ✓ GET /api/presale-codes → it lists presale codes — admin can list     0.03s  
  ✓ POST /api/presale-codes → it creates a single presale code           0.03s  
  ✓ POST /api/presale-codes → it bulk generates presale codes            0.03s  
  ✓ DELETE /api/presale-codes/{id} → it deletes a presale code           0.02s  

   PASS  Tests\Feature\PressReleaseTest
  ✓ GET /api/press-releases → it is publicly accessible                  0.04s  
  ✓ GET /api/press-releases → it returns press releases ordered by publ… 0.03s  
  ✓ GET /api/press-releases/{pressRelease} → it returns the press relea… 0.02s  
  ✓ GET /api/press-releases/{pressRelease} → it returns 404 for a non-e… 0.02s  
  ✓ POST /api/press-releases → it returns 401 without authentication     0.02s  
  ✓ POST /api/press-releases → it returns 403 for non-admin roles        0.02s  
  ✓ POST /api/press-releases → it creates a press release                0.03s  
  ✓ POST /api/press-releases → it creates a featured press release       0.05s  
  ✓ POST /api/press-releases → it creates a press release with tags      0.03s  
  ✓ POST /api/press-releases → it validates url is required              0.02s  
  ✓ POST /api/press-releases → it validates url must be a valid URL      0.02s  
  ✓ PUT /api/press-releases/{pressRelease} → it returns 401 without aut… 0.02s  
  ✓ PUT /api/press-releases/{pressRelease} → it returns 403 for non-adm… 0.02s  
  ✓ PUT /api/press-releases/{pressRelease} → it updates a press release  0.03s  
  ✓ PUT /api/press-releases/{pressRelease} → it returns 404 for a non-e… 0.04s  
  ✓ DELETE /api/press-releases/{pressRelease} → it returns 401 without…  0.02s  
  ✓ DELETE /api/press-releases/{pressRelease} → it returns 403 for non-… 0.02s  
  ✓ DELETE /api/press-releases/{pressRelease} → it deletes a press rele… 0.02s  
  ✓ DELETE /api/press-releases/{pressRelease} → it returns 404 for a no… 0.02s  
  ✓ POST /api/press-releases/fetch-meta → it returns 401 without authen… 0.02s  
  ✓ POST /api/press-releases/fetch-meta → it returns 403 for non-admin…  0.02s  
  ✓ POST /api/press-releases/fetch-meta → it validates url is required   0.04s  
  ✓ POST /api/press-releases/fetch-meta → it validates url must be a va… 0.02s  
  ✓ POST /api/press-releases/fetch-meta → it returns parsed OG metadata… 0.02s  
  ✓ POST /api/press-releases/fetch-meta → it returns 422 when the URL c… 0.02s  

   PASS  Tests\Feature\PurgeE2eFixturesTest
  ✓ it removes every row the seeder created, across all eight tables     0.06s  
  ✓ it leaves no orphans behind when the venue cascade fires             0.06s  
  ✓ it does not touch real data                                          0.06s  
  ✓ it keeps fixtures younger than --older-than                          0.02s  
  ✓ it removes fixtures once they are older than --older-than            0.03s  
  ✓ it deletes nothing on a dry run                                      0.02s  
  ✓ it removes a ticket that was transferred away from the e2e address   0.03s  
  ✓ it reports that there is nothing to purge on a clean database        0.02s  
  ✓ it sweeps stale fixtures when the seeder runs                        0.03s  
  ✓ it does not sweep a fixture from the current run when seeding again  0.03s  

   PASS  Tests\Feature\ReleaseTest
  ✓ GET /api/releases → it is publicly accessible                        0.03s  
  ✓ GET /api/releases → it returns releases ordered by release_date des… 0.02s  
  ✓ GET /api/releases → it returns empty collection when no releases ex… 0.02s  
  ✓ GET /api/releases/{release} → it returns the release                 0.02s  
  ✓ GET /api/releases/{release} → it returns 404 for a non-existent rel… 0.02s  
  ✓ POST /api/releases → it returns 401 without authentication           0.02s  
  ✓ POST /api/releases → it returns 403 for non-admin roles              0.02s  
  ✓ POST /api/releases → it creates a release                            0.09s  
  ✓ POST /api/releases → it creates a release with streaming links       0.03s  
  ✓ POST /api/releases → it validates title is required                  0.03s  
  ✓ POST /api/releases → it validates type is required                   0.02s  
  ✓ POST /api/releases → it validates type must be a known value         0.03s  
  ✓ POST /api/releases → it accepts all known release types with ('LP')  0.03s  
  ✓ POST /api/releases → it accepts all known release types with ('EP')  0.03s  
  ✓ POST /api/releases → it accepts all known release types with ('sing… 0.15s  
  ✓ POST /api/releases → it accepts all known release types with ('comp… 0.09s  
  ✓ POST /api/releases → it validates streaming link platform must be a… 0.02s  
  ✓ PUT /api/releases/{release} → it returns 401 without authentication  0.02s  
  ✓ PUT /api/releases/{release} → it returns 403 for non-admin roles     0.03s  
  ✓ PUT /api/releases/{release} → it updates a release                   0.03s  
  ✓ PUT /api/releases/{release} → it updates release_date field          0.03s  
  ✓ PUT /api/releases/{release} → it replaces streaming links on update  0.05s  
  ✓ PUT /api/releases/{release} → it validates title is required         0.02s  
  ✓ PUT /api/releases/{release} → it returns 404 for a non-existent rel… 0.02s  
  ✓ DELETE /api/releases/{release} → it returns 401 without authenticat… 0.02s  
  ✓ DELETE /api/releases/{release} → it returns 403 for non-admin roles  0.02s  
  ✓ DELETE /api/releases/{release} → it deletes a release                0.02s  
  ✓ DELETE /api/releases/{release} → it returns 404 for a non-existent…  0.02s  
  ✓ POST /api/releases/{release}/cover → it returns 401 without authent… 0.04s  
  ✓ POST /api/releases/{release}/cover → it returns 403 for non-admin r… 0.02s  
  ✓ POST /api/releases/{release}/cover → it stores the cover image and…  0.02s  
  ✓ POST /api/releases/{release}/cover → it requires an image file       0.02s  
  ✓ POST /api/releases/{release}/cover → it returns 404 for a non-exist… 0.02s  
  ✓ DELETE /api/releases/{release}/cover → it returns 401 without authe… 0.02s  
  ✓ DELETE /api/releases/{release}/cover → it returns 403 for non-admin… 0.02s  
  ✓ DELETE /api/releases/{release}/cover → it clears the cover_image fi… 0.02s  
  ✓ DELETE /api/releases/{release}/cover → it returns 404 for a non-exi… 0.08s  
  ✓ POST /api/releases/{release}/photos → it returns 401 without authen… 0.02s  
  ✓ POST /api/releases/{release}/photos → it returns 403 for non-admin…  0.02s  
  ✓ POST /api/releases/{release}/photos → it attaches uploaded photos t… 0.03s  
  ✓ POST /api/releases/{release}/photos → it requires a files array      0.05s  
  ✓ POST /api/releases/{release}/photos → it returns 404 for a non-exis… 0.02s  
  ✓ DELETE /api/releases/{release}/photos/{photo} → it returns 401 with… 0.04s  
  ✓ DELETE /api/releases/{release}/photos/{photo} → it returns 403 for…  0.08s  
  ✓ DELETE /api/releases/{release}/photos/{photo} → it detaches the pho… 0.02s  
  ✓ DELETE /api/releases/{release}/photos/{photo} → it returns 404 for…  0.02s  
  ✓ DELETE /api/releases/{release}/photos/{photo} → it returns 404 for…  0.02s  
  ✓ PUT /api/releases/{release}/photos/reorder → it returns 401 without… 0.02s  
  ✓ PUT /api/releases/{release}/photos/reorder → it returns 403 for non… 0.02s  
  ✓ PUT /api/releases/{release}/photos/reorder → it reorders photos      0.02s  
  ✓ PUT /api/releases/{release}/photos/reorder → it validates order arr… 0.04s  
  ✓ PUT /api/releases/{release}/photos/reorder → it returns 404 for a n… 0.02s  

   PASS  Tests\Feature\SetlistFmTest
  ✓ GET /api/setlists/setlistfm/search → it returns 401 without authent… 0.07s  
  ✓ GET /api/setlists/setlistfm/search → it returns 403 for non-admin u… 0.02s  
  ✓ GET /api/setlists/setlistfm/search → it validates q is required      0.26s  
  ✓ GET /api/setlists/setlistfm/search → it validates q max length is 1… 0.05s  
  ✓ GET /api/setlists/setlistfm/search → it returns 503 when the setlis… 0.02s  
  ✓ GET /api/setlists/setlistfm/search → it returns mapped artist list…  0.03s  
  ✓ GET /api/setlists/setlistfm/search → it returns 502 when the setlis… 0.07s  
  ✓ GET /api/setlists/setlistfm/{mbid}/setlists → it returns 401 withou… 0.04s  
  ✓ GET /api/setlists/setlistfm/{mbid}/setlists → it returns 403 for no… 0.02s  
  ✓ GET /api/setlists/setlistfm/{mbid}/setlists → it returns 503 when t… 0.04s  
  ✓ GET /api/setlists/setlistfm/{mbid}/setlists → it returns mapped set… 0.06s  
  ✓ GET /api/setlists/setlistfm/{mbid}/setlists → it filters out setlis… 0.02s  
  ✓ GET /api/setlists/setlistfm/{mbid}/setlists → it returns 502 when t… 0.02s  

   PASS  Tests\Feature\SetlistTest
  ✓ GET /api/songs → it returns 401 without authentication               0.03s  
  ✓ GET /api/songs → it returns 403 for non-admin roles                  0.04s  
  ✓ GET /api/songs → it returns songs ordered by title                   0.02s  
  ✓ POST /api/songs → it returns 401 without authentication              0.02s  
  ✓ POST /api/songs → it creates a song                                  0.04s  
  ✓ POST /api/songs → it validates title is required                     0.03s  
  ✓ POST /api/songs → it validates bpm must be between 20 and 400        0.02s  
  ✓ PUT /api/songs/{song} → it updates a song                            0.02s  
  ✓ PUT /api/songs/{song} → it returns 404 for a non-existent song       0.04s  
  ✓ DELETE /api/songs/{song} → it deletes a song                         0.02s  
  ✓ DELETE /api/songs/{song} → it returns 404 for a non-existent song    0.02s  
  ✓ GET /api/setlists → it returns 401 without authentication            0.02s  
  ✓ GET /api/setlists → it returns 403 for non-admin roles               0.02s  
  ✓ GET /api/setlists → it returns setlists                              0.04s  
  ✓ POST /api/setlists → it returns 401 without authentication           0.04s  
  ✓ POST /api/setlists → it creates a setlist                            0.08s  
  ✓ POST /api/setlists → it validates name is required                   0.04s  
  ✓ PUT /api/setlists/{setlist} → it updates a setlist name              0.02s  
  ✓ PUT /api/setlists/{setlist} → it returns 404 for a non-existent set… 0.05s  
  ✓ PUT /api/setlists/{setlist} → it validates name does not exceed 255… 0.02s  
  ✓ DELETE /api/setlists/{setlist} → it deletes a setlist                0.02s  
  ✓ DELETE /api/setlists/{setlist} → it returns 404 for a non-existent…  0.02s  
  ✓ POST /api/setlists/{setlist}/items → it adds a song to a setlist     0.03s  
  ✓ POST /api/setlists/{setlist}/items → it validates song_id is requir… 0.07s  
  ✓ POST /api/setlists/{setlist}/items → it validates song_id must exis… 0.02s  
  ✓ PUT /api/setlists/{setlist}/items/reorder → it returns 401 without…  0.02s  
  ✓ PUT /api/setlists/{setlist}/items/reorder → it returns 403 for non-… 0.03s  
  ✓ PUT /api/setlists/{setlist}/items/reorder → it reorders setlist ite… 0.05s  
  ✓ PUT /api/setlists/{setlist}/items/reorder → it validates order arra… 0.05s  
  ✓ PUT /api/setlists/{setlist}/items/{item} → it returns 401 without a… 0.04s  
  ✓ PUT /api/setlists/{setlist}/items/{item} → it returns 403 for non-a… 0.07s  
  ✓ PUT /api/setlists/{setlist}/items/{item} → it updates a setlist ite… 0.02s  
  ✓ PUT /api/setlists/{setlist}/items/{item} → it updates override_dura… 0.02s  
  ✓ PUT /api/setlists/{setlist}/items/{item} → it returns 404 if item b… 0.02s  
  ✓ PUT /api/setlists/{setlist}/items/{item} → it returns 404 for a non… 0.02s  
  ✓ PUT /api/setlists/{setlist}/items/{item} → it validates transition…  0.03s  
  ✓ DELETE /api/setlists/{setlist}/items/{item} → it returns 401 withou… 0.02s  
  ✓ DELETE /api/setlists/{setlist}/items/{item} → it returns 403 for no… 0.05s  
  ✓ DELETE /api/setlists/{setlist}/items/{item} → it removes an item fr… 0.03s  
  ✓ DELETE /api/setlists/{setlist}/items/{item} → it resequences remain… 0.03s  
  ✓ DELETE /api/setlists/{setlist}/items/{item} → it returns 404 if ite… 0.02s  
  ✓ POST /api/setlists/import-setlistfm → it returns 401 without authen… 0.05s  
  ✓ POST /api/setlists/import-setlistfm → it returns 403 for non-admin…  0.02s  
  ✓ POST /api/setlists/import-setlistfm → it imports a setlist from set… 0.06s  
  ✓ POST /api/setlists/import-setlistfm → it reuses an existing song wh… 0.08s  
  ✓ POST /api/setlists/import-setlistfm → it assigns sequential positio… 0.06s  
  ✓ POST /api/setlists/import-setlistfm → it validates setlistfm_id and… 0.35s  
  ✓ POST /api/setlists/import-setlistfm → it validates songs array is r… 0.02s  
  ✓ POST /api/setlists/import-setlistfm → it validates each song entry…  0.02s  

   PASS  Tests\Feature\ShopCategoryTest
  ✓ GET /api/shop-categories → it is publicly accessible                 0.12s  
  ✓ GET /api/shop-categories → it returns categories ordered by sort_or… 0.02s  
  ✓ POST /api/shop-categories → it returns 401 without authentication    0.02s  
  ✓ POST /api/shop-categories → it returns 403 for non-admin roles       0.02s  
  ✓ POST /api/shop-categories → it creates a category and auto-generate… 0.03s  
  ✓ POST /api/shop-categories → it validates name is required            0.04s  
  ✓ POST /api/shop-categories → it validates name must be unique         0.04s  
  ✓ PUT /api/shop-categories/{shopCategory} → it returns 401 without au… 0.06s  
  ✓ PUT /api/shop-categories/{shopCategory} → it returns 403 for non-ad… 0.02s  
  ✓ PUT /api/shop-categories/{shopCategory} → it updates a category and… 0.02s  
  ✓ PUT /api/shop-categories/{shopCategory} → it allows keeping the sam… 0.02s  
  ✓ PUT /api/shop-categories/{shopCategory} → it returns 404 for non-ex… 0.02s  
  ✓ DELETE /api/shop-categories/{shopCategory} → it returns 401 without… 0.03s  
  ✓ DELETE /api/shop-categories/{shopCategory} → it returns 403 for non… 0.04s  
  ✓ DELETE /api/shop-categories/{shopCategory} → it deletes a category   0.06s  
  ✓ DELETE /api/shop-categories/{shopCategory} → it returns 404 for non… 0.02s  

   PASS  Tests\Feature\ShopItemTest
  ✓ GET /api/shop → it is publicly accessible                            0.04s  
  ✓ GET /api/shop → it returns only available items                      0.03s  
  ✓ GET /api/shop → it returns items ordered by sort_order asc           0.02s  
  ✓ GET /api/shop → it returns empty collection when no available items… 0.02s  
  ✓ GET /api/shop → it includes prices in response                       0.05s  
  ✓ GET /api/shop → it includes categories in summary response           0.03s  
  ✓ GET /api/shop/{shopItem} → it returns the item                       0.03s  
  ✓ GET /api/shop/{shopItem} → it returns 404 for an unavailable item    0.03s  
  ✓ GET /api/shop/{shopItem} → it returns 404 for a non-existent item    0.03s  
  ✓ GET /api/shop/{shopItem} → it returns full resource with relations   0.04s  
  ✓ GET /api/shop-admin → it returns 401 without authentication          0.03s  
  ✓ GET /api/shop-admin → it returns 403 for non-admin roles             0.06s  
  ✓ GET /api/shop-admin → it returns all items including unavailable on… 0.03s  
  ✓ GET /api/shop-admin → it includes categories in the admin index      0.03s  
  ✓ POST /api/shop → it returns 401 without authentication               0.02s  
  ✓ POST /api/shop → it returns 403 for non-admin roles                  0.02s  
  ✓ POST /api/shop → it creates a shop item with prices                  0.03s  
  ✓ POST /api/shop → it persists prices in the shop_item_prices table    0.06s  
  ✓ POST /api/shop → it validates name is required                       0.02s  
  ✓ POST /api/shop → it validates prices are required                    0.03s  
  ✓ POST /api/shop → it validates price currency must be 3 characters    0.03s  
  ✓ POST /api/shop → it syncs category_ids on create                     0.03s  
  ✓ POST /api/shop → it syncs tag_ids on create                          0.04s  
  ✓ POST /api/shop → it auto-uppercases currency codes                   0.04s  
  ✓ POST /api/shop → it generates a unique slug on name collision        0.09s  
  ✓ PUT /api/shop/{shopItem} → it returns 401 without authentication     0.03s  
  ✓ PUT /api/shop/{shopItem} → it returns 403 for non-admin roles        0.03s  
  ✓ PUT /api/shop/{shopItem} → it updates an item                        0.03s  
  ✓ PUT /api/shop/{shopItem} → it replaces all prices on update          0.03s  
  ✓ PUT /api/shop/{shopItem} → it updates category associations          0.03s  
  ✓ PUT /api/shop/{shopItem} → it regenerates slug when name changes     0.03s  
  ✓ PUT /api/shop/{shopItem} → it returns 404 for a non-existent item    0.04s  
  ✓ DELETE /api/shop/{shopItem} → it returns 401 without authentication  0.02s  
  ✓ DELETE /api/shop/{shopItem} → it returns 403 for non-admin roles     0.03s  
  ✓ DELETE /api/shop/{shopItem} → it deletes an item                     0.03s  
  ✓ DELETE /api/shop/{shopItem} → it returns 404 for a non-existent ite… 0.02s  
  ✓ POST /api/shop/{shopItem}/photos → it returns 401 without authentic… 0.03s  
  ✓ POST /api/shop/{shopItem}/photos → it returns 403 for non-admin rol… 0.03s  
  ✓ POST /api/shop/{shopItem}/photos → it uploads a photo and returns t… 0.07s  
  ✓ POST /api/shop/{shopItem}/photos → it validates photo is required    0.03s  
  ✓ POST /api/shop/{shopItem}/photos → it validates photo must be an im… 0.03s  
  ✓ DELETE /api/shop/{shopItem}/photos/{photo} → it returns 401 without… 0.02s  
  ✓ DELETE /api/shop/{shopItem}/photos/{photo} → it returns 403 for non… 0.02s  
  ✓ DELETE /api/shop/{shopItem}/photos/{photo} → it deletes the photo    0.02s  
  ✓ DELETE /api/shop/{shopItem}/photos/{photo} → it returns 404 when ph… 0.02s  
  ✓ PUT /api/shop/{shopItem}/photos/reorder → it returns 401 without au… 0.05s  
  ✓ PUT /api/shop/{shopItem}/photos/reorder → it returns 403 for non-ad… 0.02s  
  ✓ PUT /api/shop/{shopItem}/photos/reorder → it reorders photos         0.02s  
  ✓ PUT /api/shop/{shopItem}/photos/reorder → it validates ids is requi… 0.02s  
  ✓ GET /api/shop-currencies → it returns 401 without authentication     0.02s  
  ✓ GET /api/shop-currencies → it returns 403 for non-admin roles        0.03s  
  ✓ GET /api/shop-currencies → it returns an empty array when no curren… 0.03s  
  ✓ GET /api/shop-currencies → it returns configured currencies          0.08s  
  ✓ PUT /api/shop-currencies → it returns 401 without authentication     0.02s  
  ✓ PUT /api/shop-currencies → it returns 403 for non-admin roles        0.03s  
  ✓ PUT /api/shop-currencies → it saves currencies                       0.05s  
  ✓ PUT /api/shop-currencies → it uppercases currency codes              0.04s  
  ✓ PUT /api/shop-currencies → it validates currencies array is require… 0.03s  
  ✓ PUT /api/shop-currencies → it validates each currency code must be…  0.02s  
  ✓ PUT /api/shop-currencies → it validates currencies array must not b… 0.05s  
  ✓ GET /api/shop/by-slug/{slug} → it serves an available item by its E… 0.02s  
  ✓ GET /api/shop/by-slug/{slug} → it serves an item by its Polish slug  0.02s  
  ✓ GET /api/shop/by-slug/{slug} → it 404s a presale item that is not y… 0.02s  
  ✓ GET /api/shop/by-slug/{slug} → it 404s an item that is neither avai… 0.02s  
  ✓ GET /api/shop/by-slug/{slug} → it 404s an unknown slug               0.02s  

   PASS  Tests\Feature\ShopItemVariantTest
  ✓ GET /api/shop/{shopItem}/variants → it returns 401 without authenti… 0.11s  
  ✓ GET /api/shop/{shopItem}/variants → it returns 403 for non-admin us… 0.02s  
  ✓ GET /api/shop/{shopItem}/variants → it returns variants for a shop…  0.02s  
  ✓ POST /api/shop/{shopItem}/variants → it returns 401 without authent… 0.02s  
  ✓ POST /api/shop/{shopItem}/variants → it returns 403 for non-admin r… 0.02s  
  ✓ POST /api/shop/{shopItem}/variants → it creates a variant            0.05s  
  ✓ POST /api/shop/{shopItem}/variants → it validates required fields    0.02s  
  ✓ PUT /api/shop/{shopItem}/variants/{variant} → it updates a variant   0.02s  
  ✓ PUT /api/shop/{shopItem}/variants/{variant} → it returns 404 when v… 0.02s  
  ✓ DELETE /api/shop/{shopItem}/variants/{variant} → it deletes a varia… 0.02s  
  ✓ DELETE /api/shop/{shopItem}/variants/{variant} → it returns 404 whe… 0.02s  
  ✓ DELETE /api/shop/{shopItem}/variants/{variant} → it returns 401 wit… 0.02s  

   PASS  Tests\Feature\SocialLinkTest
  ✓ GET /api/band-profile/social-links → it returns 404 when no profile… 0.06s  
  ✓ GET /api/band-profile/social-links → it is publicly accessible with… 0.02s  
  ✓ GET /api/band-profile/social-links → it returns empty collection wh… 0.02s  
  ✓ GET /api/band-profile/social-links → it returns band-level links in… 0.02s  
  ✓ GET /api/band-profile/social-links → it excludes member-scoped soci… 0.02s  
  ✓ POST /api/band-profile/social-links → it returns 401 without authen… 0.02s  
  ✓ POST /api/band-profile/social-links → it returns 403 for non-admin…  0.02s  
  ✓ POST /api/band-profile/social-links → it creates a social link       0.02s  
  ✓ POST /api/band-profile/social-links → it validates platform is requ… 0.05s  
  ✓ POST /api/band-profile/social-links → it validates platform must be… 0.02s  
  ✓ POST /api/band-profile/social-links → it accepts all known platform… 0.02s  
  ✓ POST /api/band-profile/social-links → it accepts all known platform… 0.02s  
  ✓ POST /api/band-profile/social-links → it accepts all known platform… 0.02s  
  ✓ POST /api/band-profile/social-links → it accepts all known platform… 0.02s  
  ✓ POST /api/band-profile/social-links → it accepts all known platform… 0.02s  
  ✓ POST /api/band-profile/social-links → it accepts all known platform… 0.02s  
  ✓ POST /api/band-profile/social-links → it accepts all known platform… 0.05s  
  ✓ POST /api/band-profile/social-links → it accepts all known platform… 0.02s  
  ✓ POST /api/band-profile/social-links → it accepts all known platform… 0.02s  
  ✓ POST /api/band-profile/social-links → it validates url format        0.02s  
  ✓ POST /api/band-profile/social-links → it validates url is required   0.03s  
  ✓ PUT /api/band-profile/social-links/{link} → it returns 401 without…  0.02s  
  ✓ PUT /api/band-profile/social-links/{link} → it returns 403 for non-… 0.02s  
  ✓ PUT /api/band-profile/social-links/{link} → it updates a social lin… 0.02s  
  ✓ PUT /api/band-profile/social-links/{link} → it can change the platf… 0.05s  
  ✓ PUT /api/band-profile/social-links/{link} → it validates platform o… 0.03s  
  ✓ PUT /api/band-profile/social-links/{link} → it returns 404 for a no… 0.03s  
  ✓ PUT /api/band-profile/social-links (sync) → it returns 401 without…  0.03s  
  ✓ PUT /api/band-profile/social-links (sync) → it returns 403 for non-… 0.03s  
  ✓ PUT /api/band-profile/social-links (sync) → it replaces all links a… 0.03s  
  ✓ PUT /api/band-profile/social-links (sync) → it stores position valu… 0.03s  
  ✓ PUT /api/band-profile/social-links (sync) → it clears all links whe… 0.03s  
  ✓ DELETE /api/band-profile/social-links/{link} → it returns 401 witho… 0.11s  
  ✓ DELETE /api/band-profile/social-links/{link} → it returns 403 for n… 0.03s  
  ✓ DELETE /api/band-profile/social-links/{link} → it deletes a social…  0.03s  
  ✓ DELETE /api/band-profile/social-links/{link} → it returns 404 for a… 0.03s  

   PASS  Tests\Feature\SongTest
  ✓ GET /api/songs → it returns 401 without authentication               0.08s  
  ✓ GET /api/songs → it returns 403 for non-admin users                  0.07s  
  ✓ GET /api/songs → it returns an empty list when there are no songs    0.02s  
  ✓ GET /api/songs → it returns all songs ordered alphabetically by tit… 0.03s  
  ✓ POST /api/songs → it returns 401 without authentication              0.03s  
  ✓ POST /api/songs → it returns 403 for non-admin users                 0.02s  
  ✓ POST /api/songs → it creates a song with only a title                0.02s  
  ✓ POST /api/songs → it creates a song with all optional fields         0.02s  
  ✓ POST /api/songs → it validates title is required                     0.05s  
  ✓ POST /api/songs → it validates title max length is 255               0.02s  
  ✓ POST /api/songs → it validates duration_sec is a positive integer    0.02s  
  ✓ POST /api/songs → it validates bpm is within 20–400 range with (19)  0.03s  
  ✓ POST /api/songs → it validates bpm is within 20–400 range with (401… 0.04s  
  ✓ POST /api/songs → it accepts bpm at the boundary values 20 and 400…  0.04s  
  ✓ POST /api/songs → it accepts bpm at the boundary values 20 and 400…  0.04s  
  ✓ PUT /api/songs/{song} → it returns 401 without authentication        0.06s  
  ✓ PUT /api/songs/{song} → it returns 403 for non-admin users           0.02s  
  ✓ PUT /api/songs/{song} → it updates a song title                      0.02s  
  ✓ PUT /api/songs/{song} → it allows partial updates — keeps existing…  0.02s  
  ✓ PUT /api/songs/{song} → it validates title max length on update      0.02s  
  ✓ PUT /api/songs/{song} → it returns 404 for a non-existent song       0.02s  
  ✓ DELETE /api/songs/{song} → it returns 401 without authentication     0.02s  
  ✓ DELETE /api/songs/{song} → it returns 403 for non-admin users        0.05s  
  ✓ DELETE /api/songs/{song} → it deletes a song and returns 204         0.03s  
  ✓ DELETE /api/songs/{song} → it returns 404 for a non-existent song    0.02s  

   PASS  Tests\Feature\TagTest
  ✓ GET /api/tags → it is publicly accessible                            0.05s  
  ✓ GET /api/tags → it returns tags ordered by name                      0.03s  
  ✓ GET /api/tags → it resolves the name for the requested locale, fall… 0.02s  
  ✓ GET /api/tags → it includes the raw per-locale translations bag for… 0.06s  
  ✓ GET /api/tags/{tag} → it returns the tag                             0.02s  
  ✓ GET /api/tags/{tag} → it returns 404 for a non-existent tag          0.02s  
  ✓ POST /api/tags → it returns 401 without authentication               0.02s  
  ✓ POST /api/tags → it returns 403 for non-admin roles                  0.02s  
  ✓ POST /api/tags → it creates a tag and auto-generates slug_en         0.03s  
  ✓ POST /api/tags → it also generates slug_pl when a Polish name is gi… 0.03s  
  ✓ POST /api/tags → it generates slug_en from whichever locale is fill… 0.03s  
  ✓ POST /api/tags → it validates name is required                       0.06s  
  ✓ POST /api/tags → it validates a name must be filled in at least one… 0.03s  
  ✓ POST /api/tags → it validates name.en must be unique per locale      0.03s  
  ✓ POST /api/tags → it allows the same word in different locales acros… 0.03s  
  ✓ PUT /api/tags/{tag} → it returns 401 without authentication          0.02s  
  ✓ PUT /api/tags/{tag} → it returns 403 for non-admin roles             0.02s  
  ✓ PUT /api/tags/{tag} → it renames a tag and updates its slug          0.03s  
  ✓ PUT /api/tags/{tag} → it allows keeping the same name on update      0.06s  
  ✓ PUT /api/tags/{tag} → it updates only the given locale, leaving the… 0.02s  
  ✓ PUT /api/tags/{tag} → it clears one locale via an explicit empty st… 0.03s  
  ✓ PUT /api/tags/{tag} → it returns 404 for a non-existent tag          0.02s  
  ✓ DELETE /api/tags/{tag} → it returns 401 without authentication       0.02s  
  ✓ DELETE /api/tags/{tag} → it returns 403 for non-admin roles          0.02s  
  ✓ DELETE /api/tags/{tag} → it deletes a tag                            0.02s  
  ✓ DELETE /api/tags/{tag} → it detaches from posts but keeps the posts  0.02s  
  ✓ DELETE /api/tags/{tag} → it returns 404 for a non-existent tag       0.06s  

   PASS  Tests\Feature\TechRiderPhaseFiveTest
  ✓ duplicating a rider → it returns 401 without authentication          0.05s  
  ✓ duplicating a rider → it returns 403 for non-admin users             0.02s  
  ✓ duplicating a rider → it copies the stage plot and the production e… 0.03s  
  ✓ duplicating a rider → it gives the copy its own public token         0.03s  
  ✓ duplicating a rider → it starts inactive even when the original is…  0.06s  
  ✓ duplicating a rider → it carries no versions — the copy has never b… 0.05s  
  ✓ duplicating a rider → it does not carry the concert over, so one gi… 0.03s  
  ✓ starting a rider from a concert → it returns 403 for non-admin user… 0.03s  
  ✓ starting a rider from a concert → it names it after the venue and d… 0.03s  
  ✓ starting a rider from a concert → it pre-fills the lineup with the…  0.03s  
  ✓ starting a rider from a concert → it starts inactive with an empty…  0.03s  
  ✓ starting a rider from a concert → it refuses a second rider for the… 0.07s  
  ✓ asking the band to confirm their rigs → it returns 403 for non-admi… 0.02s  
  ✓ asking the band to confirm their rigs → it mails every available me… 0.03s  
  ✓ asking the band to confirm their rigs → it skips musicians marked u… 0.03s  
  ✓ asking the band to confirm their rigs → it records the request agai… 0.03s  
  ✓ asking the band to confirm their rigs → it clears a previous answer… 0.03s  
  ✓ asking the band to confirm their rigs → it lists who has answered a… 0.07s  
  ✓ a musician confirming their own rig → it timestamps the confirmatio… 0.03s  
  ✓ a musician confirming their own rig → it confirms for the caller, n… 0.03s  
  ✓ a musician confirming their own rig → it lists the riders still wai… 0.03s  
  ✓ a musician confirming their own rig → it drops a rider off that lis… 0.03s  
  ✓ a musician confirming their own rig → it returns 401 without authen… 0.02s  
  ✓ a musician confirming their own rig → it refuses to confirm for an…  0.02s  
  ✓ a musician confirming their own rig → it shows an empty waiting lis… 0.05s  
  ✓ it drops confirmations with the rider                                0.03s  

   PASS  Tests\Feature\TechRiderTest
  ✓ GET /api/tech-riders/active → it is publicly accessible without aut… 0.09s  
  ✓ GET /api/tech-riders/active → it returns the active rider            0.04s  
  ✓ GET /api/tech-riders/active → it returns 404 when no active rider e… 0.04s  
  ✓ GET /api/tech-riders → it returns 401 without authentication         0.08s  
  ✓ GET /api/tech-riders → it returns 403 for non-admin users            0.04s  
  ✓ GET /api/tech-riders → it returns all riders ordered by active firs… 0.04s  
  ✓ GET /api/tech-riders → it returns an empty list when there are no r… 0.05s  
  ✓ POST /api/tech-riders → it returns 401 without authentication        0.02s  
  ✓ POST /api/tech-riders → it returns 403 for non-admin users           0.02s  
  ✓ POST /api/tech-riders → it creates a new rider                       0.03s  
  ✓ POST /api/tech-riders → it creates an active rider and deactivates…  0.07s  
  ✓ POST /api/tech-riders → it validates name is required                0.03s  
  ✓ POST /api/tech-riders → it validates name max length is 255          0.03s  
  ✓ POST /api/tech-riders → it accepts placements and production extras  0.03s  
  ✓ POST /api/tech-riders → it accepts an instrument slot that carries…  0.03s  
  ✓ POST /api/tech-riders → it rejects a placement that is missing its…  0.03s  
  ✓ POST /api/tech-riders → it rejects an extra channel with an unknown… 0.05s  
  ✓ POST /api/tech-riders → it rejects a placement override with a bad…  0.03s  
  ✓ GET /api/tech-riders/{techRider} → it returns 401 without authentic… 0.02s  
  ✓ GET /api/tech-riders/{techRider} → it returns 403 for non-admin use… 0.03s  
  ✓ GET /api/tech-riders/{techRider} → it returns the rider with all se… 0.02s  
  ✓ GET /api/tech-riders/{techRider} → it returns 404 for a non-existen… 0.02s  
  ✓ PUT /api/tech-riders/{techRider} → it returns 401 without authentic… 0.02s  
  ✓ PUT /api/tech-riders/{techRider} → it returns 403 for non-admin use… 0.05s  
  ✓ PUT /api/tech-riders/{techRider} → it updates the rider name         0.02s  
  ✓ PUT /api/tech-riders/{techRider} → it setting is_active=true deacti… 0.03s  
  ✓ PUT /api/tech-riders/{techRider} → it allows partial updates withou… 0.03s  
  ✓ PUT /api/tech-riders/{techRider} → it returns 404 for a non-existen… 0.02s  
  ✓ POST /api/tech-riders/{techRider}/activate → it returns 401 without… 0.02s  
  ✓ POST /api/tech-riders/{techRider}/activate → it returns 403 for non… 0.02s  
  ✓ POST /api/tech-riders/{techRider}/activate → it activates a rider a… 0.06s  
  ✓ POST /api/tech-riders/{techRider}/activate → it returns 404 for a n… 0.02s  
  ✓ DELETE /api/tech-riders/{techRider} → it returns 401 without authen… 0.02s  
  ✓ DELETE /api/tech-riders/{techRider} → it returns 403 for non-admin…  0.02s  
  ✓ DELETE /api/tech-riders/{techRider} → it deletes the rider and retu… 0.03s  
  ✓ DELETE /api/tech-riders/{techRider} → it returns 404 for a non-exis… 0.03s  
  ✓ referenced setups travel with the rider → it includes every setup t… 0.03s  
  ✓ referenced setups travel with the rider → it exposes them inside th… 0.06s  
  ✓ referenced setups travel with the rider → it returns an empty map w… 0.02s  

   PASS  Tests\Feature\TechRiderVersionTest
  ✓ publishing a rider → it returns 401 without authentication           0.06s  
  ✓ publishing a rider → it returns 403 for non-admin users              0.03s  
  ✓ publishing a rider → it creates version 1 and marks it published     0.07s  
  ✓ publishing a rider → it numbers versions per rider, not globally     0.03s  
  ✓ publishing a rider → it archives the previous version so only one i… 0.04s  
  ✓ publishing a rider → it gives every version its own public token     0.04s  
  ✓ publishing a rider → it rejects notes longer than the column allows  0.03s  
  ✓ the snapshot → it freezes the rider, the rigs it references and the… 0.03s  
  ✓ the snapshot → it does not change when the musician later edits the… 0.07s  
  ✓ the snapshot → it never carries admin-only member fields into a pub… 0.03s  
  ✓ the public rider link → it returns 404 while the rider has never be… 0.03s  
  ✓ the public rider link → it serves the published version through the… 0.03s  
  ✓ the public rider link → it follows the rider token forward as new v… 0.03s  
  ✓ the public rider link → it keeps serving an archived version throug… 0.03s  
  ✓ the public rider link → it returns 404 for an unknown token          0.03s  
  ✓ listing versions → it returns 401 without authentication             0.08s  
  ✓ listing versions → it lists the versions newest first                0.04s  
  ✓ listing versions → it does not include the snapshot payload          0.05s  
  ✓ listing versions → it excludes versions belonging to another rider   0.04s  
  ✓ deleting a version → it refuses to delete the version the public li… 0.03s  
  ✓ deleting a version → it deletes an archived version                  0.11s  
  ✓ deleting a version → it returns 403 for non-admin users              0.05s  
  ✓ it drops the versions with the rider                                 0.07s  

   PASS  Tests\Feature\TicketOnlyOrderTest
  ✓ it stores an order item for a ticket with no shop item attached      0.07s  
  ✓ it still stores a merch order item that has no ticket type           0.03s  

   PASS  Tests\Feature\TicketPdfTest
  ✓ GET /api/tickets/{uuid}/pdf → it returns a PDF for a valid ticket u… 0.43s  
  ✓ GET /api/tickets/{uuid}/pdf → it returns 404 for an unknown uuid     0.02s  
  ✓ GET /api/tickets/{uuid}/pdf → it returns 404 for an invalid uuid fo… 0.02s  
  ✓ GET /api/tickets/{uuid}/pdf → it is publicly accessible without aut… 0.32s  
  ✓ GET /api/tickets/{uuid}/pdf → it response has correct content dispo… 0.33s  

   PASS  Tests\Feature\TicketQrTest
  ✓ GET /api/tickets/{uuid}/qr → it returns a PNG image for a valid tic… 0.09s  
  ✓ GET /api/tickets/{uuid}/qr → it returns 404 for an unknown uuid      0.02s  
  ✓ GET /api/tickets/{uuid}/qr → it returns 404 for an invalid uuid for… 0.02s  
  ✓ GET /api/tickets/{uuid}/qr → it is publicly accessible without auth… 0.05s  
  ✓ GET /api/orders/{uuid} includes ticket_uuids for ticket items → it…  0.03s  
  ✓ GET /api/orders/{uuid} includes ticket_uuids for ticket items → it…  0.02s  

   PASS  Tests\Feature\TicketTransferTest
  ✓ POST /api/fan/tickets/{uuid}/transfer → it happy path: fan initiate… 0.07s  
  ✓ POST /api/fan/tickets/{uuid}/transfer → it cannot transfer a non-ac… 0.03s  
  ✓ POST /api/fan/tickets/{uuid}/transfer → it cannot transfer a ticket… 0.03s  
  ✓ POST /api/fan/tickets/{uuid}/transfer → it cannot transfer a ticket… 0.02s  
  ✓ POST /api/fan/tickets/{uuid}/transfer → it returns 422 when a pendi… 0.03s  
  ✓ POST /api/fan/tickets/{uuid}/transfer → it returns 401 when unauthe… 0.03s  
  ✓ POST /api/tickets/claim/{token} → it happy path: valid token claims… 0.03s  
  ✓ POST /api/tickets/claim/{token} → it returns 404 for an invalid tok… 0.02s  
  ✓ POST /api/tickets/claim/{token} → it returns 409 when the transfer…  0.03s  
  ✓ POST /api/tickets/claim/{token} → it returns 410 when the transfer…  0.06s  

   PASS  Tests\Feature\TourTest
  ✓ GET /api/tours → it is publicly accessible                           0.04s  
  ✓ GET /api/tours → it returns an empty list when there are no tours    0.02s  
  ✓ GET /api/tours → it returns tours ordered by start_date desc         0.02s  
  ✓ GET /api/tours → it includes concerts_count in the summary           0.02s  
  ✓ GET /api/tours/{tour} → it returns the tour                          0.03s  
  ✓ GET /api/tours/{tour} → it returns 404 for a non-existent tour       0.02s  
  ✓ GET /api/tours/{tour} → it includes images and links in the respons… 0.06s  
  ✓ GET /api/tours/{tour} → it includes concerts with venue in the resp… 0.04s  
  ✓ POST /api/tours → it returns 401 without authentication              0.03s  
  ✓ POST /api/tours → it returns 403 for non-admin roles                 0.02s  
  ✓ POST /api/tours → it creates a tour                                  0.03s  
  ✓ POST /api/tours → it validates name is required                      0.02s  
  ✓ POST /api/tours → it validates name max length of 255 characters     0.02s  
  ✓ POST /api/tours → it validates end_date must be after or equal to s… 0.06s  
  ✓ POST /api/tours → it validates poster must be a valid URL            0.02s  
  ✓ POST /api/tours → it creates a tour with images                      0.03s  
  ✓ POST /api/tours → it creates a tour with links                       0.03s  
  ✓ POST /api/tours → it creates a tour with associated concerts         0.03s  
  ✓ PUT /api/tours/{tour} → it returns 401 without authentication        0.02s  
  ✓ PUT /api/tours/{tour} → it returns 403 for non-admin roles           0.02s  
  ✓ PUT /api/tours/{tour} → it updates a tour                            0.06s  
  ✓ PUT /api/tours/{tour} → it returns 404 for a non-existent tour       0.02s  
  ✓ PUT /api/tours/{tour} → it validates name is required on update      0.02s  
  ✓ PUT /api/tours/{tour} → it validates name max length of 255 charact… 0.03s  
  ✓ PUT /api/tours/{tour} → it validates end_date must be after or equa… 0.02s  
  ✓ PUT /api/tours/{tour} → it replaces images on update                 0.03s  
  ✓ PUT /api/tours/{tour} → it replaces links on update                  0.03s  
  ✓ PUT /api/tours/{tour} → it syncs concerts on update                  0.07s  
  ✓ DELETE /api/tours/{tour} → it returns 401 without authentication     0.02s  
  ✓ DELETE /api/tours/{tour} → it returns 403 for non-admin roles        0.02s  
  ✓ DELETE /api/tours/{tour} → it deletes a tour                         0.03s  
  ✓ DELETE /api/tours/{tour} → it returns 404 for a non-existent tour    0.02s  

   PASS  Tests\Feature\UserTest
  ✓ GET /api/users → it returns 401 without authentication               0.07s  
  ✓ GET /api/users → it returns 403 for non-admin roles                  0.08s  
  ✓ GET /api/users → it returns a list of users                          0.03s  
  ✓ POST /api/users → it returns 401 without authentication              0.02s  
  ✓ POST /api/users → it returns 403 for non-admin roles                 0.02s  
  ✓ POST /api/users → it creates a user                                  0.03s  
  ✓ POST /api/users → it creates a user linked to a band member          0.03s  
  ✓ POST /api/users → it validates first_name is required                0.02s  
  ✓ POST /api/users → it validates email must be unique                  0.06s  
  ✓ POST /api/users → it validates role must be a known value            0.02s  
  ✓ POST /api/users → it accepts all valid roles with ('admin')          0.03s  
  ✓ POST /api/users → it accepts all valid roles with ('member')         0.03s  
  ✓ POST /api/users → it accepts all valid roles with ('publisher')      0.02s  
  ✓ POST /api/users → it validates password must be confirmed            0.03s  
  ✓ PUT /api/users/{user} → it returns 401 without authentication        0.02s  
  ✓ PUT /api/users/{user} → it updates a user                            0.02s  
  ✓ PUT /api/users/{user} → it returns 404 for a non-existent user       0.05s  
  ✓ DELETE /api/users/{user} → it returns 401 without authentication     0.02s  
  ✓ DELETE /api/users/{user} → it deletes a user                         0.02s  
  ✓ DELETE /api/users/{user} → it cannot delete own account              0.02s  
  ✓ DELETE /api/users/{user} → it returns 404 for a non-existent user    0.02s  

   PASS  Tests\Feature\VenueTest
  ✓ GET /api/venues → it returns 401 without authentication              0.04s  
  ✓ GET /api/venues → it returns venues ordered by name                  0.06s  
  ✓ GET /api/venues → it returns empty collection when no venues exist   0.02s  
  ✓ GET /api/venues/{venue} → it returns the venue                       0.05s  
  ✓ GET /api/venues/{venue} → it returns 404 for a non-existent venue    0.03s  
  ✓ POST /api/venues → it returns 401 without authentication             0.02s  
  ✓ POST /api/venues → it returns 403 for non-admin roles                0.03s  
  ✓ POST /api/venues → it creates a venue with required fields only      0.03s  
  ✓ POST /api/venues → it creates a venue with all optional fields       0.07s  
  ✓ POST /api/venues → it validates name is required                     0.03s  
  ✓ POST /api/venues → it validates name must be unique                  0.02s  
  ✓ POST /api/venues → it validates latitude range                       0.02s  
  ✓ POST /api/venues → it validates longitude range                      0.02s  
  ✓ PUT /api/venues/{venue} → it returns 401 without authentication      0.02s  
  ✓ PUT /api/venues/{venue} → it returns 403 for non-admin roles         0.02s  
  ✓ PUT /api/venues/{venue} → it updates a venue                         0.02s  
  ✓ PUT /api/venues/{venue} → it clears coordinates when null is sent    0.06s  
  ✓ PUT /api/venues/{venue} → it returns 404 for a non-existent venue    0.02s  
  ✓ DELETE /api/venues/{venue} → it returns 401 without authentication   0.02s  
  ✓ DELETE /api/venues/{venue} → it returns 403 for non-admin roles      0.03s  
  ✓ DELETE /api/venues/{venue} → it deletes a venue                      0.03s  
  ✓ DELETE /api/venues/{venue} → it returns 404 for a non-existent venu… 0.02s  
  ✓ venue social links → it stores social links sent with a new venue    0.03s  
  ✓ venue social links → it keeps venue links out of the band profile s… 0.03s  
  ✓ venue social links → it stores an explicit position for each social… 0.06s  

   PASS  Tests\Feature\WalletAppleTest
  ✓ GET /api/tickets/{uuid}/wallet/apple → it returns a pkpass for a va… 0.05s  
  ✓ GET /api/tickets/{uuid}/wallet/apple → it returns 404 for an unknow… 0.02s  
  ✓ GET /api/tickets/{uuid}/wallet/apple → it returns 404 for an invali… 0.02s  
  ✓ GET /api/tickets/{uuid}/wallet/apple → it is publicly accessible wi… 0.03s  
  ✓ GET /api/tickets/{uuid}/wallet/apple → it response has correct cont… 0.06s  
  ✓ GET /api/tickets/{uuid}/wallet/apple → it response body is a valid…  0.03s  

   PASS  Tests\Feature\WalletGoogleTest
  ✓ GET /api/tickets/{uuid}/wallet/google → it returns 200 JSON when Go… 0.03s  
  ✓ GET /api/tickets/{uuid}/wallet/google → it response JSON contains t… 0.02s  
  ✓ GET /api/tickets/{uuid}/wallet/google → it returns 404 for an unkno… 0.02s  
  ✓ GET /api/tickets/{uuid}/wallet/google → it returns 404 for an inval… 0.03s  
  ✓ GET /api/tickets/{uuid}/wallet/google → it is publicly accessible w… 0.06s  

   PASS  Tests\Feature\WebsiteModuleTest
  ✓ it returns enabled module map on site-config                         0.03s  
  ✓ it returns module_order sorted by sort_order on site-config          0.02s  
  ✓ it returns the baseline modules when nothing else is registered      0.02s  
  ✓ it registers contact as a configurable module with a Polish name     0.02s  
  ✓ it reports contact as disabled on site-config once it is switched o… 0.02s  
  ✓ it exposes the contact label on site-config so the public slug can…  0.02s  
  ✓ it requires auth to list modules                                     0.06s  
  ✓ it returns all modules and auto_rebuild for admin                    0.02s  
  ✓ it defaults auto_rebuild to false when setting missing               0.02s  
  ✓ it requires auth to update a module                                  0.04s  
  ✓ it toggles a module enabled state                                    0.04s  
  ✓ it returns 404 for unknown module slug                               0.04s  
  ✓ it triggers rebuild when auto_rebuild is true                        0.03s  
  ✓ it does not trigger rebuild when auto_rebuild is false               0.06s  
  ✓ it updates auto_rebuild setting                                      0.02s  
  ✓ it triggers rebuild on demand                                        0.02s  
  ✓ it requires auth to trigger rebuild                                  0.02s  
  ✓ it forbids a non-admin from listing modules                          0.02s  
  ✓ it forbids a non-admin from updating a module                        0.02s  
  ✓ it forbids a non-admin from triggering rebuild                       0.02s  
  ✓ it forbids a non-admin from reading rebuild status                   0.06s  
  ✓ it returns rebuild status from webhook                               0.02s  
  ✓ it requires auth for rebuild status                                  0.02s  
  ✓ it reorders modules by the given slug array                          0.03s  
  ✓ it requires auth to reorder modules                                  0.02s  
  ✓ it forbids non-admin from reordering modules                         0.02s  
  ✓ it returns custom_name and per_page in admin module list             0.06s  
  ✓ it saves custom_name translations                                    0.02s  
  ✓ it saves per_page                                                    0.02s  
  ✓ it clears per_page when null is sent                                 0.02s  
  ✓ it rejects invalid per_page value                                    0.02s  
  ✓ it rejects custom_name.en exceeding 80 characters                    0.02s  
  ✓ it allows enabled update alongside custom_name                       0.02s  
  ✓ it clears custom_name when null values sent                          0.08s  
  ✓ it returns module_config with label from custom_name                 0.02s  
  ✓ it falls back to display_name when custom_name absent                0.02s  
  ✓ it returns pl label when lang=pl requested                           0.02s  
  ✓ it returns per_page in module_config                                 0.02s  
  ✓ it backfills a module slug from its label so no existing URL moves   0.02s  
  ✓ it exposes the per-locale slug on site-config                        0.02s  
  ✓ it falls back to the module key when no slug is stored               0.03s  
  ✓ it returns custom_slug in the admin module list                      0.02s  
  ✓ it saves per-locale slugs                                            0.07s  
  ✓ it clears a slug back to the module key when null is sent            0.03s  
  ✓ it rejects a slug that is not URL-safe                               0.04s  
  ✓ it rejects a slug already used by another module in the same locale  0.02s  
  ✓ it rejects a slug colliding with another module key that has no slu… 0.02s  
  ✓ it allows the same slug in different locales                         0.02s  
  ✓ it lets a module keep its own slug on an unrelated update            0.02s  
  ✓ it leaves the other locale alone when only one slug is sent          0.06s  
  ✓ it clears one locale when that locale is explicitly null             0.03s  
  ✓ it honours "0" as a slug rather than treating it as empty            0.03s  
  ✓ it rejects a slug colliding with another module whose stored slug i… 0.02s  
  ✓ it serves module settings on site-config with the locale resolved    0.02s  
  ✓ it falls back to the other locale rather than emitting an empty set… 0.02s  
  ✓ it returns an object, never null, when a module has no settings      0.02s  
  ✓ it saves settings for both locales                                   0.05s  
  ✓ it leaves the other locale alone on a partial settings update        0.02s  
  ✓ it leaves untouched fields alone when one field is updated           0.02s  
  ✓ it clears one locale of one field when explicitly sent null          0.02s  
  ✓ it drops a field entirely once both locales are cleared              0.02s  
  ✓ it rejects a setting value over the length limit                     0.02s  
  ✓ it leaves settings untouched when the payload omits them             0.02s  
  ✓ it registers about as a module the migration created                 0.05s  
  ✓ it serves about under its own slug in each locale                    0.02s  
  ✓ it includes about in the module order                                0.02s  
  ✓ it does not collide with any existing module slug                    0.02s  
  ✓ it lets about be switched off like any other module                  0.02s  
  ✓ it accepts an faq assigned to the about module                       0.03s  
  ✓ it registers the footer as a module with editable copy               0.02s  
  ✓ it serves footer copy per locale                                     0.02s  
  ✓ it can be switched off like any other module                         0.08s  
  ✓ it accepts an edit to its copy                                       0.03s  
  ✓ it is not a page module                                              0.02s  
  ✓ it serves the locale registry on site-config                         0.03s  
  ✓ it serves the same locale registry whatever lang is requested        0.02s  
  ✓ it reports the resolved locale of the response itself                0.03s  

   PASS  Tests\Feature\YouTubeSyncTest
  ✓ POST /api/music-videos/sync-views → it returns 401 without authenti… 0.15s  
  ✓ POST /api/music-videos/sync-views → it returns 403 for non-admin us… 0.03s  
  ✓ POST /api/music-videos/sync-views → it returns 503 when the YouTube… 0.03s  
  ✓ POST /api/music-videos/sync-views → it returns a zero-updated respo… 0.02s  
  ✓ POST /api/music-videos/sync-views → it syncs view counts for valid…  0.02s  
  ✓ POST /api/music-videos/sync-views → it handles youtube.com/shorts/…  0.03s  
  ✓ POST /api/music-videos/sync-views → it reports skipped count for vi… 0.08s  
  ✓ POST /api/music-videos/sync-views → it returns 502 when the YouTube… 0.03s  
  ────────────────────────────────────────────────────────────────────────────  
   FAILED  Tests\Feature\PostTest > `GET /api/posts` → it returns posts newe…   
  Expected response status code [>=200, <300] but received 500.
Failed asserting that false is true.

The following exception occurred during the last request:

Spatie\Translatable\Exceptions\AttributeIsNotTranslatable: Cannot translate attribute `content` as it's not one of the translatable attributes: `title, intro` in /var/www/html/vendor/spatie/laravel-translatable/src/Exceptions/AttributeIsNotTranslatable.php:13
Stack trace:
#0 /var/www/html/vendor/spatie/laravel-translatable/src/HasTranslations.php(283): Spatie\Translatable\Exceptions\AttributeIsNotTranslatable::make('content', Object(App\Models\Post))
#1 /var/www/html/vendor/spatie/laravel-translatable/src/HasTranslations.php(136): App\Models\Post->guardAgainstNonTranslatableAttribute('content')
#2 /var/www/html/vendor/spatie/laravel-translatable/src/HasTranslations.php(249): App\Models\Post->getTranslations('content')
#3 /var/www/html/vendor/spatie/laravel-translatable/src/HasTranslations.php(289): App\Models\Post->getTranslatedLocales('content')
#4 /var/www/html/vendor/spatie/laravel-translatable/src/HasTranslations.php(82): App\Models\Post->normalizeLocale('content', 'en', false)
#5 /var/www/html/vendor/laravel/framework/src/Illuminate/Support/Traits/ForwardsCalls.php(23): App\Models\Post->getTranslation('content', 'en', false)
#6 /var/www/html/vendor/laravel/framework/src/Illuminate/Http/Resources/DelegatesToResource.php(155): Illuminate\Http\Resources\Json\JsonResource->forwardCallTo(Object(App\Models\Post), 'getTranslation', Array)
#7 /var/www/html/app/Http/Resources/PostSummaryResource.php(13): Illuminate\Http\Resources\Json\JsonResource->__call('getTranslation', Array)
#8 /var/www/html/vendor/laravel/framework/src/Illuminate/Collections/HigherOrderCollectionProxy.php(65): App\Http\Resources\PostSummaryResource->toArray(Object(Illuminate\Http\Request))
#9 [internal function]: Illuminate\Support\HigherOrderCollectionProxy->{closure:Illuminate\Support\HigherOrderCollectionProxy::__call():64}(Object(App\Http\Resources\PostSummaryResource), 0)
#10 /var/www/html/vendor/laravel/framework/src/Illuminate/Collections/Arr.php(609): array_map(Object(Closure), Array, Array)
#11 /var/www/html/vendor/laravel/framework/src/Illuminate/Collections/Collection.php(799): Illuminate\Support\Arr::map(Array, Object(Closure))
#12 /var/www/html/vendor/laravel/framework/src/Illuminate/Collections/HigherOrderCollectionProxy.php(64): Illuminate\Support\Collection->map(Object(Closure))
#13 /var/www/html/vendor/laravel/framework/src/Illuminate/Http/Resources/Json/ResourceCollection.php(102): Illuminate\Support\HigherOrderCollectionProxy->__call('toArray', Array)
#14 /var/www/html/vendor/laravel/framework/src/Illuminate/Http/Resources/Json/JsonResource.php(108): Illuminate\Http\Resources\Json\ResourceCollection->toArray(Object(Illuminate\Http\Request))
#15 /var/www/html/vendor/laravel/framework/src/Illuminate/Http/Resources/Json/ResourceResponse.php(39): Illuminate\Http\Resources\Json\JsonResource->resolve(Object(Illuminate\Http\Request))
#16 /var/www/html/vendor/laravel/framework/src/Illuminate/Http/Resources/Json/JsonResource.php(245): Illuminate\Http\Resources\Json\ResourceResponse->toResponse(Object(Illuminate\Http\Request))
#17 /var/www/html/vendor/laravel/framework/src/Illuminate/Http/Resources/Json/ResourceCollection.php(117): Illuminate\Http\Resources\Json\JsonResource->toResponse(Object(Illuminate\Http\Request))
#18 /var/www/html/vendor/laravel/framework/src/Illuminate/Routing/Router.php(902): Illuminate\Http\Resources\Json\ResourceCollection->toResponse(Object(Illuminate\Http\Request))
#19 /var/www/html/vendor/laravel/framework/src/Illuminate/Routing/Router.php(887): Illuminate\Routing\Router::toResponse(Object(Illuminate\Http\Request), Object(Illuminate\Http\Resources\Json\AnonymousResourceCollection))
#20 /var/www/html/vendor/laravel/framework/src/Illuminate/Routing/Router.php(807): Illuminate\Routing\Router->prepareResponse(Object(Illuminate\Http\Request), Object(Illuminate\Http\Resources\Json\AnonymousResourceCollection))
#21 /var/www/html/vendor/laravel/framework/src/Illuminate/Pipeline/Pipeline.php(170): Illuminate\Routing\Router->{closure:Illuminate\Routing\Router::runRouteWithinStack():807}(Object(Illuminate\Http\Request))
#22 /var/www/html/vendor/laravel/framework/src/Illuminate/Routing/Middleware/SubstituteBindings.php(51): Illuminate\Pipeline\Pipeline->{closure:Illuminate\Pipeline\Pipeline::prepareDestination():168}(Object(Illuminate\Http\Request))
#23 /var/www/html/vendor/laravel/framework/src/Illuminate/Pipeline/Pipeline.php(209): Illuminate\Routing\Middleware\SubstituteBindings->handle(Object(Illuminate\Http\Request), Object(Closure))
#24 /var/www/html/vendor/laravel/framework/src/Illuminate/Pipeline/Pipeline.php(127): Illuminate\Pipeline\Pipeline->{closure:{closure:Illuminate\Pipeline\Pipeline::carry():184}:185}(Object(Illuminate\Http\Request))
#25 /var/www/html/vendor/laravel/framework/src/Illuminate/Routing/Router.php(807): Illuminate\Pipeline\Pipeline->then(Object(Closure))
#26 /var/www/html/vendor/laravel/framework/src/Illuminate/Routing/Router.php(786): Illuminate\Routing\Router->runRouteWithinStack(Object(Illuminate\Routing\Route), Object(Illuminate\Http\Request))
#27 /var/www/html/vendor/laravel/framework/src/Illuminate/Routing/Router.php(750): Illuminate\Routing\Router->runRoute(Object(Illuminate\Http\Request), Object(Illuminate\Routing\Route))
#28 /var/www/html/vendor/laravel/framework/src/Illuminate/Routing/Router.php(739): Illuminate\Routing\Router->dispatchToRoute(Object(Illuminate\Http\Request))
#29 /var/www/html/vendor/laravel/framework/src/Illuminate/Foundation/Http/Kernel.php(201): Illuminate\Routing\Router->dispatch(Object(Illuminate\Http\Request))
#30 /var/www/html/vendor/laravel/framework/src/Illuminate/Pipeline/Pipeline.php(170): Illuminate\Foundation\Http\Kernel->{closure:Illuminate\Foundation\Http\Kernel::dispatchToRouter():198}(Object(Illuminate\Http\Request))
#31 /var/www/html/app/Http/Middleware/SetLocale.php(26): Illuminate\Pipeline\Pipeline->{closure:Illuminate\Pipeline\Pipeline::prepareDestination():168}(Object(Illuminate\Http\Request))
#32 /var/www/html/vendor/laravel/framework/src/Illuminate/Pipeline/Pipeline.php(209): App\Http\Middleware\SetLocale->handle(Object(Illuminate\Http\Request), Object(Closure))
#33 /var/www/html/vendor/laravel/framework/src/Illuminate/Foundation/Http/Middleware/TransformsRequest.php(21): Illuminate\Pipeline\Pipeline->{closure:{closure:Illuminate\Pipeline\Pipeline::carry():184}:185}(Object(Illuminate\Http\Request))
#34 /var/www/html/vendor/laravel/framework/src/Illuminate/Foundation/Http/Middleware/ConvertEmptyStringsToNull.php(31): Illuminate\Foundation\Http\Middleware\TransformsRequest->handle(Object(Illuminate\Http\Request), Object(Closure))
#35 /var/www/html/vendor/laravel/framework/src/Illuminate/Pipeline/Pipeline.php(209): Illuminate\Foundation\Http\Middleware\ConvertEmptyStringsToNull->handle(Object(Illuminate\Http\Request), Object(Closure))
#36 /var/www/html/vendor/laravel/framework/src/Illuminate/Foundation/Http/Middleware/TransformsRequest.php(21): Illuminate\Pipeline\Pipeline->{closure:{closure:Illuminate\Pipeline\Pipeline::carry():184}:185}(Object(Illuminate\Http\Request))
#37 /var/www/html/vendor/laravel/framework/src/Illuminate/Foundation/Http/Middleware/TrimStrings.php(51): Illuminate\Foundation\Http\Middleware\TransformsRequest->handle(Object(Illuminate\Http\Request), Object(Closure))
#38 /var/www/html/vendor/laravel/framework/src/Illuminate/Pipeline/Pipeline.php(209): Illuminate\Foundation\Http\Middleware\TrimStrings->handle(Object(Illuminate\Http\Request), Object(Closure))
#39 /var/www/html/vendor/laravel/framework/src/Illuminate/Http/Middleware/ValidatePostSize.php(27): Illuminate\Pipeline\Pipeline->{closure:{closure:Illuminate\Pipeline\Pipeline::carry():184}:185}(Object(Illuminate\Http\Request))
#40 /var/www/html/vendor/laravel/framework/src/Illuminate/Pipeline/Pipeline.php(209): Illuminate\Http\Middleware\ValidatePostSize->handle(Object(Illuminate\Http\Request), Object(Closure))
#41 /var/www/html/vendor/laravel/framework/src/Illuminate/Foundation/Http/Middleware/PreventRequestsDuringMaintenance.php(110): Illuminate\Pipeline\Pipeline->{closure:{closure:Illuminate\Pipeline\Pipeline::carry():184}:185}(Object(Illuminate\Http\Request))
#42 /var/www/html/vendor/laravel/framework/src/Illuminate/Pipeline/Pipeline.php(209): Illuminate\Foundation\Http\Middleware\PreventRequestsDuringMaintenance->handle(Object(Illuminate\Http\Request), Object(Closure))
#43 /var/www/html/vendor/laravel/framework/src/Illuminate/Http/Middleware/HandleCors.php(62): Illuminate\Pipeline\Pipeline->{closure:{closure:Illuminate\Pipeline\Pipeline::carry():184}:185}(Object(Illuminate\Http\Request))
#44 /var/www/html/vendor/laravel/framework/src/Illuminate/Pipeline/Pipeline.php(209): Illuminate\Http\Middleware\HandleCors->handle(Object(Illuminate\Http\Request), Object(Closure))
#45 /var/www/html/vendor/laravel/framework/src/Illuminate/Http/Middleware/TrustProxies.php(58): Illuminate\Pipeline\Pipeline->{closure:{closure:Illuminate\Pipeline\Pipeline::carry():184}:185}(Object(Illuminate\Http\Request))
#46 /var/www/html/vendor/laravel/framework/src/Illuminate/Pipeline/Pipeline.php(209): Illuminate\Http\Middleware\TrustProxies->handle(Object(Illuminate\Http\Request), Object(Closure))
#47 /var/www/html/vendor/laravel/framework/src/Illuminate/Foundation/Http/Middleware/InvokeDeferredCallbacks.php(22): Illuminate\Pipeline\Pipeline->{closure:{closure:Illuminate\Pipeline\Pipeline::carry():184}:185}(Object(Illuminate\Http\Request))
#48 /var/www/html/vendor/laravel/framework/src/Illuminate/Pipeline/Pipeline.php(209): Illuminate\Foundation\Http\Middleware\InvokeDeferredCallbacks->handle(Object(Illuminate\Http\Request), Object(Closure))
#49 /var/www/html/vendor/laravel/framework/src/Illuminate/Pipeline/Pipeline.php(127): Illuminate\Pipeline\Pipeline->{closure:{closure:Illuminate\Pipeline\Pipeline::carry():184}:185}(Object(Illuminate\Http\Request))
#50 /var/www/html/vendor/laravel/framework/src/Illuminate/Foundation/Http/Kernel.php(176): Illuminate\Pipeline\Pipeline->then(Object(Closure))
#51 /var/www/html/vendor/laravel/framework/src/Illuminate/Foundation/Http/Kernel.php(145): Illuminate\Foundation\Http\Kernel->sendRequestThroughRouter(Object(Illuminate\Http\Request))
#52 /var/www/html/vendor/laravel/framework/src/Illuminate/Foundation/Testing/Concerns/MakesHttpRequests.php(607): Illuminate\Foundation\Http\Kernel->handle(Object(Illuminate\Http\Request))
#53 /var/www/html/vendor/laravel/framework/src/Illuminate/Foundation/Testing/Concerns/MakesHttpRequests.php(573): Illuminate\Foundation\Testing\TestCase->call('GET', '/api/posts', Array, Array, Array, Array, '[]')
#54 /var/www/html/vendor/laravel/framework/src/Illuminate/Foundation/Testing/Concerns/MakesHttpRequests.php(381): Illuminate\Foundation\Testing\TestCase->json('GET', '/api/posts', Array, Array, 0)
#55 /var/www/html/tests/Feature/PostTest.php(22): Illuminate\Foundation\Testing\TestCase->getJson('/api/posts')
#56 /var/www/html/vendor/pestphp/pest/src/Factories/TestCaseMethodFactory.php(171): P\Tests\Feature\PostTest->{closure:{closure:/var/www/html/tests/Feature/PostTest.php:13}:18}()
#57 [internal function]: P\Tests\Feature\PostTest->{closure:Pest\Factories\TestCaseMethodFactory::getClosure():161}()
#58 /var/www/html/vendor/pestphp/pest/src/Concerns/Testable.php(419): call_user_func_array(Object(Closure), Array)
#59 /var/www/html/vendor/pestphp/pest/src/Support/ExceptionTrace.php(26): P\Tests\Feature\PostTest->{closure:Pest\Concerns\Testable::__callClosure():419}()
#60 /var/www/html/vendor/pestphp/pest/src/Concerns/Testable.php(419): Pest\Support\ExceptionTrace::ensure(Object(Closure))
#61 /var/www/html/vendor/pestphp/pest/src/Concerns/Testable.php(321): P\Tests\Feature\PostTest->__callClosure(Object(Closure), Array)
#62 /var/www/html/vendor/pestphp/pest/src/Factories/TestCaseFactory.php(170) : eval()'d code(26): P\Tests\Feature\PostTest->__runTest(Object(Closure))
#63 /var/www/html/vendor/phpunit/phpunit/src/Framework/TestCase.php(1667): P\Tests\Feature\PostTest->__pest_evaluable__GET__api_posts__→_it_returns_posts_newest_first()
#64 /var/www/html/vendor/phpunit/phpunit/src/Framework/TestCase.php(519): PHPUnit\Framework\TestCase->runTest()
#65 /var/www/html/vendor/phpunit/phpunit/src/Framework/TestRunner/TestRunner.php(87): PHPUnit\Framework\TestCase->runBare()
#66 /var/www/html/vendor/phpunit/phpunit/src/Framework/TestCase.php(365): PHPUnit\Framework\TestRunner->run(Object(P\Tests\Feature\PostTest))
#67 /var/www/html/vendor/phpunit/phpunit/src/Framework/TestSuite.php(369): PHPUnit\Framework\TestCase->run()
#68 /var/www/html/vendor/phpunit/phpunit/src/Framework/TestSuite.php(369): PHPUnit\Framework\TestSuite->run()
#69 /var/www/html/vendor/phpunit/phpunit/src/Framework/TestSuite.php(369): PHPUnit\Framework\TestSuite->run()
#70 /var/www/html/vendor/phpunit/phpunit/src/TextUI/TestRunner.php(64): PHPUnit\Framework\TestSuite->run()
#71 /var/www/html/vendor/phpunit/phpunit/src/TextUI/Application.php(211): PHPUnit\TextUI\TestRunner->run(Object(PHPUnit\TextUI\Configuration\Configuration), Object(PHPUnit\Runner\ResultCache\DefaultResultCache), Object(PHPUnit\Framework\TestSuite))
#72 /var/www/html/vendor/pestphp/pest/src/Kernel.php(103): PHPUnit\TextUI\Application->run(Array)
#73 /var/www/html/vendor/pestphp/pest/bin/pest(184): Pest\Kernel->handle(Array, Array)
#74 /var/www/html/vendor/pestphp/pest/bin/pest(192): {closure:/var/www/html/vendor/pestphp/pest/bin/pest:18}()
#75 {main}

----------------------------------------------------------------------------------

Cannot translate attribute `content` as it's not one of the translatable attributes: `title, intro`

  at tests/Feature/PostTest.php:23
     19▕         Post::factory()->create(['title' => 'Older', 'published_at' => now()->subDays(5)]);
     20▕         Post::factory()->create(['title' => 'Newer', 'published_at' => now()]);
     21▕ 
     22▕         $this->getJson('/api/posts')
  ➜  23▕             ->assertSuccessful()
     24▕             ->assertJsonPath('data.0.title', 'Newer');
     25▕     });
     26▕ 
     27▕     it('filters by search term in title', function () {

  ────────────────────────────────────────────────────────────────────────────  
   FAILED  Tests\Feature\PostTest > `GET /api/posts` → it filters by search…    
  Expected response status code [>=200, <300] but received 500.
Failed asserting that false is true.

The following exception occurred during the last request:

Spatie\Translatable\Exceptions\AttributeIsNotTranslatable: Cannot translate attribute `content` as it's not one of the translatable attributes: `title, intro` in /var/www/html/vendor/spatie/laravel-translatable/src/Exceptions/AttributeIsNotTranslatable.php:13
Stack trace:
#0 /var/www/html/vendor/spatie/laravel-translatable/src/HasTranslations.php(283): Spatie\Translatable\Exceptions\AttributeIsNotTranslatable::make('content', Object(App\Models\Post))
#1 /var/www/html/vendor/spatie/laravel-translatable/src/HasTranslations.php(136): App\Models\Post->guardAgainstNonTranslatableAttribute('content')
#2 /var/www/html/vendor/spatie/laravel-translatable/src/HasTranslations.php(249): App\Models\Post->getTranslations('content')
#3 /var/www/html/vendor/spatie/laravel-translatable/src/HasTranslations.php(289): App\Models\Post->getTranslatedLocales('content')
#4 /var/www/html/vendor/spatie/laravel-translatable/src/HasTranslations.php(82): App\Models\Post->normalizeLocale('content', 'en', false)
#5 /var/www/html/vendor/laravel/framework/src/Illuminate/Support/Traits/ForwardsCalls.php(23): App\Models\Post->getTranslation('content', 'en', false)
#6 /var/www/html/vendor/laravel/framework/src/Illuminate/Http/Resources/DelegatesToResource.php(155): Illuminate\Http\Resources\Json\JsonResource->forwardCallTo(Object(App\Models\Post), 'getTranslation', Array)
#7 /var/www/html/app/Http/Resources/PostSummaryResource.php(13): Illuminate\Http\Resources\Json\JsonResource->__call('getTranslation', Array)
#8 /var/www/html/vendor/laravel/framework/src/Illuminate/Collections/HigherOrderCollectionProxy.php(65): App\Http\Resources\PostSummaryResource->toArray(Object(Illuminate\Http\Request))
#9 [internal function]: Illuminate\Support\HigherOrderCollectionProxy->{closure:Illuminate\Support\HigherOrderCollectionProxy::__call():64}(Object(App\Http\Resources\PostSummaryResource), 0)
#10 /var/www/html/vendor/laravel/framework/src/Illuminate/Collections/Arr.php(609): array_map(Object(Closure), Array, Array)
#11 /var/www/html/vendor/laravel/framework/src/Illuminate/Collections/Collection.php(799): Illuminate\Support\Arr::map(Array, Object(Closure))
#12 /var/www/html/vendor/laravel/framework/src/Illuminate/Collections/HigherOrderCollectionProxy.php(64): Illuminate\Support\Collection->map(Object(Closure))
#13 /var/www/html/vendor/laravel/framework/src/Illuminate/Http/Resources/Json/ResourceCollection.php(102): Illuminate\Support\HigherOrderCollectionProxy->__call('toArray', Array)
#14 /var/www/html/vendor/laravel/framework/src/Illuminate/Http/Resources/Json/JsonResource.php(108): Illuminate\Http\Resources\Json\ResourceCollection->toArray(Object(Illuminate\Http\Request))
#15 /var/www/html/vendor/laravel/framework/src/Illuminate/Http/Resources/Json/ResourceResponse.php(39): Illuminate\Http\Resources\Json\JsonResource->resolve(Object(Illuminate\Http\Request))
#16 /var/www/html/vendor/laravel/framework/src/Illuminate/Http/Resources/Json/JsonResource.php(245): Illuminate\Http\Resources\Json\ResourceResponse->toResponse(Object(Illuminate\Http\Request))
#17 /var/www/html/vendor/laravel/framework/src/Illuminate/Http/Resources/Json/ResourceCollection.php(117): Illuminate\Http\Resources\Json\JsonResource->toResponse(Object(Illuminate\Http\Request))
#18 /var/www/html/vendor/laravel/framework/src/Illuminate/Routing/Router.php(902): Illuminate\Http\Resources\Json\ResourceCollection->toResponse(Object(Illuminate\Http\Request))
#19 /var/www/html/vendor/laravel/framework/src/Illuminate/Routing/Router.php(887): Illuminate\Routing\Router::toResponse(Object(Illuminate\Http\Request), Object(Illuminate\Http\Resources\Json\AnonymousResourceCollection))
#20 /var/www/html/vendor/laravel/framework/src/Illuminate/Routing/Router.php(807): Illuminate\Routing\Router->prepareResponse(Object(Illuminate\Http\Request), Object(Illuminate\Http\Resources\Json\AnonymousResourceCollection))
#21 /var/www/html/vendor/laravel/framework/src/Illuminate/Pipeline/Pipeline.php(170): Illuminate\Routing\Router->{closure:Illuminate\Routing\Router::runRouteWithinStack():807}(Object(Illuminate\Http\Request))
#22 /var/www/html/vendor/laravel/framework/src/Illuminate/Routing/Middleware/SubstituteBindings.php(51): Illuminate\Pipeline\Pipeline->{closure:Illuminate\Pipeline\Pipeline::prepareDestination():168}(Object(Illuminate\Http\Request))
#23 /var/www/html/vendor/laravel/framework/src/Illuminate/Pipeline/Pipeline.php(209): Illuminate\Routing\Middleware\SubstituteBindings->handle(Object(Illuminate\Http\Request), Object(Closure))
#24 /var/www/html/vendor/laravel/framework/src/Illuminate/Pipeline/Pipeline.php(127): Illuminate\Pipeline\Pipeline->{closure:{closure:Illuminate\Pipeline\Pipeline::carry():184}:185}(Object(Illuminate\Http\Request))
#25 /var/www/html/vendor/laravel/framework/src/Illuminate/Routing/Router.php(807): Illuminate\Pipeline\Pipeline->then(Object(Closure))
#26 /var/www/html/vendor/laravel/framework/src/Illuminate/Routing/Router.php(786): Illuminate\Routing\Router->runRouteWithinStack(Object(Illuminate\Routing\Route), Object(Illuminate\Http\Request))
#27 /var/www/html/vendor/laravel/framework/src/Illuminate/Routing/Router.php(750): Illuminate\Routing\Router->runRoute(Object(Illuminate\Http\Request), Object(Illuminate\Routing\Route))
#28 /var/www/html/vendor/laravel/framework/src/Illuminate/Routing/Router.php(739): Illuminate\Routing\Router->dispatchToRoute(Object(Illuminate\Http\Request))
#29 /var/www/html/vendor/laravel/framework/src/Illuminate/Foundation/Http/Kernel.php(201): Illuminate\Routing\Router->dispatch(Object(Illuminate\Http\Request))
#30 /var/www/html/vendor/laravel/framework/src/Illuminate/Pipeline/Pipeline.php(170): Illuminate\Foundation\Http\Kernel->{closure:Illuminate\Foundation\Http\Kernel::dispatchToRouter():198}(Object(Illuminate\Http\Request))
#31 /var/www/html/app/Http/Middleware/SetLocale.php(26): Illuminate\Pipeline\Pipeline->{closure:Illuminate\Pipeline\Pipeline::prepareDestination():168}(Object(Illuminate\Http\Request))
#32 /var/www/html/vendor/laravel/framework/src/Illuminate/Pipeline/Pipeline.php(209): App\Http\Middleware\SetLocale->handle(Object(Illuminate\Http\Request), Object(Closure))
#33 /var/www/html/vendor/laravel/framework/src/Illuminate/Foundation/Http/Middleware/TransformsRequest.php(21): Illuminate\Pipeline\Pipeline->{closure:{closure:Illuminate\Pipeline\Pipeline::carry():184}:185}(Object(Illuminate\Http\Request))
#34 /var/www/html/vendor/laravel/framework/src/Illuminate/Foundation/Http/Middleware/ConvertEmptyStringsToNull.php(31): Illuminate\Foundation\Http\Middleware\TransformsRequest->handle(Object(Illuminate\Http\Request), Object(Closure))
#35 /var/www/html/vendor/laravel/framework/src/Illuminate/Pipeline/Pipeline.php(209): Illuminate\Foundation\Http\Middleware\ConvertEmptyStringsToNull->handle(Object(Illuminate\Http\Request), Object(Closure))
#36 /var/www/html/vendor/laravel/framework/src/Illuminate/Foundation/Http/Middleware/TransformsRequest.php(21): Illuminate\Pipeline\Pipeline->{closure:{closure:Illuminate\Pipeline\Pipeline::carry():184}:185}(Object(Illuminate\Http\Request))
#37 /var/www/html/vendor/laravel/framework/src/Illuminate/Foundation/Http/Middleware/TrimStrings.php(51): Illuminate\Foundation\Http\Middleware\TransformsRequest->handle(Object(Illuminate\Http\Request), Object(Closure))
#38 /var/www/html/vendor/laravel/framework/src/Illuminate/Pipeline/Pipeline.php(209): Illuminate\Foundation\Http\Middleware\TrimStrings->handle(Object(Illuminate\Http\Request), Object(Closure))
#39 /var/www/html/vendor/laravel/framework/src/Illuminate/Http/Middleware/ValidatePostSize.php(27): Illuminate\Pipeline\Pipeline->{closure:{closure:Illuminate\Pipeline\Pipeline::carry():184}:185}(Object(Illuminate\Http\Request))
#40 /var/www/html/vendor/laravel/framework/src/Illuminate/Pipeline/Pipeline.php(209): Illuminate\Http\Middleware\ValidatePostSize->handle(Object(Illuminate\Http\Request), Object(Closure))
#41 /var/www/html/vendor/laravel/framework/src/Illuminate/Foundation/Http/Middleware/PreventRequestsDuringMaintenance.php(110): Illuminate\Pipeline\Pipeline->{closure:{closure:Illuminate\Pipeline\Pipeline::carry():184}:185}(Object(Illuminate\Http\Request))
#42 /var/www/html/vendor/laravel/framework/src/Illuminate/Pipeline/Pipeline.php(209): Illuminate\Foundation\Http\Middleware\PreventRequestsDuringMaintenance->handle(Object(Illuminate\Http\Request), Object(Closure))
#43 /var/www/html/vendor/laravel/framework/src/Illuminate/Http/Middleware/HandleCors.php(62): Illuminate\Pipeline\Pipeline->{closure:{closure:Illuminate\Pipeline\Pipeline::carry():184}:185}(Object(Illuminate\Http\Request))
#44 /var/www/html/vendor/laravel/framework/src/Illuminate/Pipeline/Pipeline.php(209): Illuminate\Http\Middleware\HandleCors->handle(Object(Illuminate\Http\Request), Object(Closure))
#45 /var/www/html/vendor/laravel/framework/src/Illuminate/Http/Middleware/TrustProxies.php(58): Illuminate\Pipeline\Pipeline->{closure:{closure:Illuminate\Pipeline\Pipeline::carry():184}:185}(Object(Illuminate\Http\Request))
#46 /var/www/html/vendor/laravel/framework/src/Illuminate/Pipeline/Pipeline.php(209): Illuminate\Http\Middleware\TrustProxies->handle(Object(Illuminate\Http\Request), Object(Closure))
#47 /var/www/html/vendor/laravel/framework/src/Illuminate/Foundation/Http/Middleware/InvokeDeferredCallbacks.php(22): Illuminate\Pipeline\Pipeline->{closure:{closure:Illuminate\Pipeline\Pipeline::carry():184}:185}(Object(Illuminate\Http\Request))
#48 /var/www/html/vendor/laravel/framework/src/Illuminate/Pipeline/Pipeline.php(209): Illuminate\Foundation\Http\Middleware\InvokeDeferredCallbacks->handle(Object(Illuminate\Http\Request), Object(Closure))
#49 /var/www/html/vendor/laravel/framework/src/Illuminate/Pipeline/Pipeline.php(127): Illuminate\Pipeline\Pipeline->{closure:{closure:Illuminate\Pipeline\Pipeline::carry():184}:185}(Object(Illuminate\Http\Request))
#50 /var/www/html/vendor/laravel/framework/src/Illuminate/Foundation/Http/Kernel.php(176): Illuminate\Pipeline\Pipeline->then(Object(Closure))
#51 /var/www/html/vendor/laravel/framework/src/Illuminate/Foundation/Http/Kernel.php(145): Illuminate\Foundation\Http\Kernel->sendRequestThroughRouter(Object(Illuminate\Http\Request))
#52 /var/www/html/vendor/laravel/framework/src/Illuminate/Foundation/Testing/Concerns/MakesHttpRequests.php(607): Illuminate\Foundation\Http\Kernel->handle(Object(Illuminate\Http\Request))
#53 /var/www/html/vendor/laravel/framework/src/Illuminate/Foundation/Testing/Concerns/MakesHttpRequests.php(573): Illuminate\Foundation\Testing\TestCase->call('GET', '/api/posts?sear...', Array, Array, Array, Array, '[]')
#54 /var/www/html/vendor/laravel/framework/src/Illuminate/Foundation/Testing/Concerns/MakesHttpRequests.php(381): Illuminate\Foundation\Testing\TestCase->json('GET', '/api/posts?sear...', Array, Array, 0)
#55 /var/www/html/tests/Feature/PostTest.php(31): Illuminate\Foundation\Testing\TestCase->getJson('/api/posts?sear...')
#56 /var/www/html/vendor/pestphp/pest/src/Factories/TestCaseMethodFactory.php(171): P\Tests\Feature\PostTest->{closure:{closure:/var/www/html/tests/Feature/PostTest.php:13}:27}()
#57 [internal function]: P\Tests\Feature\PostTest->{closure:Pest\Factories\TestCaseMethodFactory::getClosure():161}()
#58 /var/www/html/vendor/pestphp/pest/src/Concerns/Testable.php(419): call_user_func_array(Object(Closure), Array)
#59 /var/www/html/vendor/pestphp/pest/src/Support/ExceptionTrace.php(26): P\Tests\Feature\PostTest->{closure:Pest\Concerns\Testable::__callClosure():419}()
#60 /var/www/html/vendor/pestphp/pest/src/Concerns/Testable.php(419): Pest\Support\ExceptionTrace::ensure(Object(Closure))
#61 /var/www/html/vendor/pestphp/pest/src/Concerns/Testable.php(321): P\Tests\Feature\PostTest->__callClosure(Object(Closure), Array)
#62 /var/www/html/vendor/pestphp/pest/src/Factories/TestCaseFactory.php(170) : eval()'d code(35): P\Tests\Feature\PostTest->__runTest(Object(Closure))
#63 /var/www/html/vendor/phpunit/phpunit/src/Framework/TestCase.php(1667): P\Tests\Feature\PostTest->__pest_evaluable__GET__api_posts__→_it_filters_by_search_term_in_title()
#64 /var/www/html/vendor/phpunit/phpunit/src/Framework/TestCase.php(519): PHPUnit\Framework\TestCase->runTest()
#65 /var/www/html/vendor/phpunit/phpunit/src/Framework/TestRunner/TestRunner.php(87): PHPUnit\Framework\TestCase->runBare()
#66 /var/www/html/vendor/phpunit/phpunit/src/Framework/TestCase.php(365): PHPUnit\Framework\TestRunner->run(Object(P\Tests\Feature\PostTest))
#67 /var/www/html/vendor/phpunit/phpunit/src/Framework/TestSuite.php(369): PHPUnit\Framework\TestCase->run()
#68 /var/www/html/vendor/phpunit/phpunit/src/Framework/TestSuite.php(369): PHPUnit\Framework\TestSuite->run()
#69 /var/www/html/vendor/phpunit/phpunit/src/Framework/TestSuite.php(369): PHPUnit\Framework\TestSuite->run()
#70 /var/www/html/vendor/phpunit/phpunit/src/TextUI/TestRunner.php(64): PHPUnit\Framework\TestSuite->run()
#71 /var/www/html/vendor/phpunit/phpunit/src/TextUI/Application.php(211): PHPUnit\TextUI\TestRunner->run(Object(PHPUnit\TextUI\Configuration\Configuration), Object(PHPUnit\Runner\ResultCache\DefaultResultCache), Object(PHPUnit\Framework\TestSuite))
#72 /var/www/html/vendor/pestphp/pest/src/Kernel.php(103): PHPUnit\TextUI\Application->run(Array)
#73 /var/www/html/vendor/pestphp/pest/bin/pest(184): Pest\Kernel->handle(Array, Array)
#74 /var/www/html/vendor/pestphp/pest/bin/pest(192): {closure:/var/www/html/vendor/pestphp/pest/bin/pest:18}()
#75 {main}

----------------------------------------------------------------------------------

Cannot translate attribute `content` as it's not one of the translatable attributes: `title, intro`

  at tests/Feature/PostTest.php:32
     28▕         Post::factory()->create(['title' => 'Guitar Lessons Review']);
     29▕         Post::factory()->create(['title' => 'Drum Kit Advice']);
     30▕ 
     31▕         $this->getJson('/api/posts?search=guitar')
  ➜  32▕             ->assertSuccessful()
     33▕             ->assertJsonCount(1, 'data')
     34▕             ->assertJsonPath('data.0.title', 'Guitar Lessons Review');
     35▕     });
     36▕

  ────────────────────────────────────────────────────────────────────────────  
   FAILED  Tests\Feature\PostTest > `GET /api/posts` → it fi…  QueryException   
  SQLSTATE[HY000]: General error: 1 table posts has no column named content (Connection: sqlite, SQL: insert into "posts" ("title", "slug_en", "image", "published_at", "content", "updated_at", "created_at") values ({"en":"Post A"}, quo-est-sit-et-officia-ut, ?, 2026-02-06 00:45:19, We talked about amplifiers, 2026-09-08 10:00:21, 2026-09-08 10:00:21))

  at vendor/laravel/framework/src/Illuminate/Database/Connection.php:565
    561▕             if ($this->pretending()) {
    562▕                 return true;
    563▕             }
    564▕ 
  ➜ 565▕             $statement = $this->getPdo()->prepare($query);
    566▕ 
    567▕             $this->bindValues($statement, $this->prepareBindings($bindings));
    568▕ 
    569▕             $this->recordsHaveBeenModified();

      [2m+16 vendor frames [22m
  17  tests/Feature/PostTest.php:38

  ────────────────────────────────────────────────────────────────────────────  
   FAILED  Tests\Feature\PostTest > `GET /api/posts` → it filters by tag_id     
  Expected response status code [>=200, <300] but received 500.
Failed asserting that false is true.

The following exception occurred during the last request:

Spatie\Translatable\Exceptions\AttributeIsNotTranslatable: Cannot translate attribute `content` as it's not one of the translatable attributes: `title, intro` in /var/www/html/vendor/spatie/laravel-translatable/src/Exceptions/AttributeIsNotTranslatable.php:13
Stack trace:
#0 /var/www/html/vendor/spatie/laravel-translatable/src/HasTranslations.php(283): Spatie\Translatable\Exceptions\AttributeIsNotTranslatable::make('content', Object(App\Models\Post))
#1 /var/www/html/vendor/spatie/laravel-translatable/src/HasTranslations.php(136): App\Models\Post->guardAgainstNonTranslatableAttribute('content')
#2 /var/www/html/vendor/spatie/laravel-translatable/src/HasTranslations.php(249): App\Models\Post->getTranslations('content')
#3 /var/www/html/vendor/spatie/laravel-translatable/src/HasTranslations.php(289): App\Models\Post->getTranslatedLocales('content')
#4 /var/www/html/vendor/spatie/laravel-translatable/src/HasTranslations.php(82): App\Models\Post->normalizeLocale('content', 'en', false)
#5 /var/www/html/vendor/laravel/framework/src/Illuminate/Support/Traits/ForwardsCalls.php(23): App\Models\Post->getTranslation('content', 'en', false)
#6 /var/www/html/vendor/laravel/framework/src/Illuminate/Http/Resources/DelegatesToResource.php(155): Illuminate\Http\Resources\Json\JsonResource->forwardCallTo(Object(App\Models\Post), 'getTranslation', Array)
#7 /var/www/html/app/Http/Resources/PostSummaryResource.php(13): Illuminate\Http\Resources\Json\JsonResource->__call('getTranslation', Array)
#8 /var/www/html/vendor/laravel/framework/src/Illuminate/Collections/HigherOrderCollectionProxy.php(65): App\Http\Resources\PostSummaryResource->toArray(Object(Illuminate\Http\Request))
#9 [internal function]: Illuminate\Support\HigherOrderCollectionProxy->{closure:Illuminate\Support\HigherOrderCollectionProxy::__call():64}(Object(App\Http\Resources\PostSummaryResource), 0)
#10 /var/www/html/vendor/laravel/framework/src/Illuminate/Collections/Arr.php(609): array_map(Object(Closure), Array, Array)
#11 /var/www/html/vendor/laravel/framework/src/Illuminate/Collections/Collection.php(799): Illuminate\Support\Arr::map(Array, Object(Closure))
#12 /var/www/html/vendor/laravel/framework/src/Illuminate/Collections/HigherOrderCollectionProxy.php(64): Illuminate\Support\Collection->map(Object(Closure))
#13 /var/www/html/vendor/laravel/framework/src/Illuminate/Http/Resources/Json/ResourceCollection.php(102): Illuminate\Support\HigherOrderCollectionProxy->__call('toArray', Array)
#14 /var/www/html/vendor/laravel/framework/src/Illuminate/Http/Resources/Json/JsonResource.php(108): Illuminate\Http\Resources\Json\ResourceCollection->toArray(Object(Illuminate\Http\Request))
#15 /var/www/html/vendor/laravel/framework/src/Illuminate/Http/Resources/Json/ResourceResponse.php(39): Illuminate\Http\Resources\Json\JsonResource->resolve(Object(Illuminate\Http\Request))
#16 /var/www/html/vendor/laravel/framework/src/Illuminate/Http/Resources/Json/JsonResource.php(245): Illuminate\Http\Resources\Json\ResourceResponse->toResponse(Object(Illuminate\Http\Request))
#17 /var/www/html/vendor/laravel/framework/src/Illuminate/Http/Resources/Json/ResourceCollection.php(117): Illuminate\Http\Resources\Json\JsonResource->toResponse(Object(Illuminate\Http\Request))
#18 /var/www/html/vendor/laravel/framework/src/Illuminate/Routing/Router.php(902): Illuminate\Http\Resources\Json\ResourceCollection->toResponse(Object(Illuminate\Http\Request))
#19 /var/www/html/vendor/laravel/framework/src/Illuminate/Routing/Router.php(887): Illuminate\Routing\Router::toResponse(Object(Illuminate\Http\Request), Object(Illuminate\Http\Resources\Json\AnonymousResourceCollection))
#20 /var/www/html/vendor/laravel/framework/src/Illuminate/Routing/Router.php(807): Illuminate\Routing\Router->prepareResponse(Object(Illuminate\Http\Request), Object(Illuminate\Http\Resources\Json\AnonymousResourceCollection))
#21 /var/www/html/vendor/laravel/framework/src/Illuminate/Pipeline/Pipeline.php(170): Illuminate\Routing\Router->{closure:Illuminate\Routing\Router::runRouteWithinStack():807}(Object(Illuminate\Http\Request))
#22 /var/www/html/vendor/laravel/framework/src/Illuminate/Routing/Middleware/SubstituteBindings.php(51): Illuminate\Pipeline\Pipeline->{closure:Illuminate\Pipeline\Pipeline::prepareDestination():168}(Object(Illuminate\Http\Request))
#23 /var/www/html/vendor/laravel/framework/src/Illuminate/Pipeline/Pipeline.php(209): Illuminate\Routing\Middleware\SubstituteBindings->handle(Object(Illuminate\Http\Request), Object(Closure))
#24 /var/www/html/vendor/laravel/framework/src/Illuminate/Pipeline/Pipeline.php(127): Illuminate\Pipeline\Pipeline->{closure:{closure:Illuminate\Pipeline\Pipeline::carry():184}:185}(Object(Illuminate\Http\Request))
#25 /var/www/html/vendor/laravel/framework/src/Illuminate/Routing/Router.php(807): Illuminate\Pipeline\Pipeline->then(Object(Closure))
#26 /var/www/html/vendor/laravel/framework/src/Illuminate/Routing/Router.php(786): Illuminate\Routing\Router->runRouteWithinStack(Object(Illuminate\Routing\Route), Object(Illuminate\Http\Request))
#27 /var/www/html/vendor/laravel/framework/src/Illuminate/Routing/Router.php(750): Illuminate\Routing\Router->runRoute(Object(Illuminate\Http\Request), Object(Illuminate\Routing\Route))
#28 /var/www/html/vendor/laravel/framework/src/Illuminate/Routing/Router.php(739): Illuminate\Routing\Router->dispatchToRoute(Object(Illuminate\Http\Request))
#29 /var/www/html/vendor/laravel/framework/src/Illuminate/Foundation/Http/Kernel.php(201): Illuminate\Routing\Router->dispatch(Object(Illuminate\Http\Request))
#30 /var/www/html/vendor/laravel/framework/src/Illuminate/Pipeline/Pipeline.php(170): Illuminate\Foundation\Http\Kernel->{closure:Illuminate\Foundation\Http\Kernel::dispatchToRouter():198}(Object(Illuminate\Http\Request))
#31 /var/www/html/app/Http/Middleware/SetLocale.php(26): Illuminate\Pipeline\Pipeline->{closure:Illuminate\Pipeline\Pipeline::prepareDestination():168}(Object(Illuminate\Http\Request))
#32 /var/www/html/vendor/laravel/framework/src/Illuminate/Pipeline/Pipeline.php(209): App\Http\Middleware\SetLocale->handle(Object(Illuminate\Http\Request), Object(Closure))
#33 /var/www/html/vendor/laravel/framework/src/Illuminate/Foundation/Http/Middleware/TransformsRequest.php(21): Illuminate\Pipeline\Pipeline->{closure:{closure:Illuminate\Pipeline\Pipeline::carry():184}:185}(Object(Illuminate\Http\Request))
#34 /var/www/html/vendor/laravel/framework/src/Illuminate/Foundation/Http/Middleware/ConvertEmptyStringsToNull.php(31): Illuminate\Foundation\Http\Middleware\TransformsRequest->handle(Object(Illuminate\Http\Request), Object(Closure))
#35 /var/www/html/vendor/laravel/framework/src/Illuminate/Pipeline/Pipeline.php(209): Illuminate\Foundation\Http\Middleware\ConvertEmptyStringsToNull->handle(Object(Illuminate\Http\Request), Object(Closure))
#36 /var/www/html/vendor/laravel/framework/src/Illuminate/Foundation/Http/Middleware/TransformsRequest.php(21): Illuminate\Pipeline\Pipeline->{closure:{closure:Illuminate\Pipeline\Pipeline::carry():184}:185}(Object(Illuminate\Http\Request))
#37 /var/www/html/vendor/laravel/framework/src/Illuminate/Foundation/Http/Middleware/TrimStrings.php(51): Illuminate\Foundation\Http\Middleware\TransformsRequest->handle(Object(Illuminate\Http\Request), Object(Closure))
#38 /var/www/html/vendor/laravel/framework/src/Illuminate/Pipeline/Pipeline.php(209): Illuminate\Foundation\Http\Middleware\TrimStrings->handle(Object(Illuminate\Http\Request), Object(Closure))
#39 /var/www/html/vendor/laravel/framework/src/Illuminate/Http/Middleware/ValidatePostSize.php(27): Illuminate\Pipeline\Pipeline->{closure:{closure:Illuminate\Pipeline\Pipeline::carry():184}:185}(Object(Illuminate\Http\Request))
#40 /var/www/html/vendor/laravel/framework/src/Illuminate/Pipeline/Pipeline.php(209): Illuminate\Http\Middleware\ValidatePostSize->handle(Object(Illuminate\Http\Request), Object(Closure))
#41 /var/www/html/vendor/laravel/framework/src/Illuminate/Foundation/Http/Middleware/PreventRequestsDuringMaintenance.php(110): Illuminate\Pipeline\Pipeline->{closure:{closure:Illuminate\Pipeline\Pipeline::carry():184}:185}(Object(Illuminate\Http\Request))
#42 /var/www/html/vendor/laravel/framework/src/Illuminate/Pipeline/Pipeline.php(209): Illuminate\Foundation\Http\Middleware\PreventRequestsDuringMaintenance->handle(Object(Illuminate\Http\Request), Object(Closure))
#43 /var/www/html/vendor/laravel/framework/src/Illuminate/Http/Middleware/HandleCors.php(62): Illuminate\Pipeline\Pipeline->{closure:{closure:Illuminate\Pipeline\Pipeline::carry():184}:185}(Object(Illuminate\Http\Request))
#44 /var/www/html/vendor/laravel/framework/src/Illuminate/Pipeline/Pipeline.php(209): Illuminate\Http\Middleware\HandleCors->handle(Object(Illuminate\Http\Request), Object(Closure))
#45 /var/www/html/vendor/laravel/framework/src/Illuminate/Http/Middleware/TrustProxies.php(58): Illuminate\Pipeline\Pipeline->{closure:{closure:Illuminate\Pipeline\Pipeline::carry():184}:185}(Object(Illuminate\Http\Request))
#46 /var/www/html/vendor/laravel/framework/src/Illuminate/Pipeline/Pipeline.php(209): Illuminate\Http\Middleware\TrustProxies->handle(Object(Illuminate\Http\Request), Object(Closure))
#47 /var/www/html/vendor/laravel/framework/src/Illuminate/Foundation/Http/Middleware/InvokeDeferredCallbacks.php(22): Illuminate\Pipeline\Pipeline->{closure:{closure:Illuminate\Pipeline\Pipeline::carry():184}:185}(Object(Illuminate\Http\Request))
#48 /var/www/html/vendor/laravel/framework/src/Illuminate/Pipeline/Pipeline.php(209): Illuminate\Foundation\Http\Middleware\InvokeDeferredCallbacks->handle(Object(Illuminate\Http\Request), Object(Closure))
#49 /var/www/html/vendor/laravel/framework/src/Illuminate/Pipeline/Pipeline.php(127): Illuminate\Pipeline\Pipeline->{closure:{closure:Illuminate\Pipeline\Pipeline::carry():184}:185}(Object(Illuminate\Http\Request))
#50 /var/www/html/vendor/laravel/framework/src/Illuminate/Foundation/Http/Kernel.php(176): Illuminate\Pipeline\Pipeline->then(Object(Closure))
#51 /var/www/html/vendor/laravel/framework/src/Illuminate/Foundation/Http/Kernel.php(145): Illuminate\Foundation\Http\Kernel->sendRequestThroughRouter(Object(Illuminate\Http\Request))
#52 /var/www/html/vendor/laravel/framework/src/Illuminate/Foundation/Testing/Concerns/MakesHttpRequests.php(607): Illuminate\Foundation\Http\Kernel->handle(Object(Illuminate\Http\Request))
#53 /var/www/html/vendor/laravel/framework/src/Illuminate/Foundation/Testing/Concerns/MakesHttpRequests.php(573): Illuminate\Foundation\Testing\TestCase->call('GET', '/api/posts?tag_...', Array, Array, Array, Array, '[]')
#54 /var/www/html/vendor/laravel/framework/src/Illuminate/Foundation/Testing/Concerns/MakesHttpRequests.php(381): Illuminate\Foundation\Testing\TestCase->json('GET', '/api/posts?tag_...', Array, Array, 0)
#55 /var/www/html/tests/Feature/PostTest.php(52): Illuminate\Foundation\Testing\TestCase->getJson('/api/posts?tag_...')
#56 /var/www/html/vendor/pestphp/pest/src/Factories/TestCaseMethodFactory.php(171): P\Tests\Feature\PostTest->{closure:{closure:/var/www/html/tests/Feature/PostTest.php:13}:46}()
#57 [internal function]: P\Tests\Feature\PostTest->{closure:Pest\Factories\TestCaseMethodFactory::getClosure():161}()
#58 /var/www/html/vendor/pestphp/pest/src/Concerns/Testable.php(419): call_user_func_array(Object(Closure), Array)
#59 /var/www/html/vendor/pestphp/pest/src/Support/ExceptionTrace.php(26): P\Tests\Feature\PostTest->{closure:Pest\Concerns\Testable::__callClosure():419}()
#60 /var/www/html/vendor/pestphp/pest/src/Concerns/Testable.php(419): Pest\Support\ExceptionTrace::ensure(Object(Closure))
#61 /var/www/html/vendor/pestphp/pest/src/Concerns/Testable.php(321): P\Tests\Feature\PostTest->__callClosure(Object(Closure), Array)
#62 /var/www/html/vendor/pestphp/pest/src/Factories/TestCaseFactory.php(170) : eval()'d code(53): P\Tests\Feature\PostTest->__runTest(Object(Closure))
#63 /var/www/html/vendor/phpunit/phpunit/src/Framework/TestCase.php(1667): P\Tests\Feature\PostTest->__pest_evaluable__GET__api_posts__→_it_filters_by_tag__id()
#64 /var/www/html/vendor/phpunit/phpunit/src/Framework/TestCase.php(519): PHPUnit\Framework\TestCase->runTest()
#65 /var/www/html/vendor/phpunit/phpunit/src/Framework/TestRunner/TestRunner.php(87): PHPUnit\Framework\TestCase->runBare()
#66 /var/www/html/vendor/phpunit/phpunit/src/Framework/TestCase.php(365): PHPUnit\Framework\TestRunner->run(Object(P\Tests\Feature\PostTest))
#67 /var/www/html/vendor/phpunit/phpunit/src/Framework/TestSuite.php(369): PHPUnit\Framework\TestCase->run()
#68 /var/www/html/vendor/phpunit/phpunit/src/Framework/TestSuite.php(369): PHPUnit\Framework\TestSuite->run()
#69 /var/www/html/vendor/phpunit/phpunit/src/Framework/TestSuite.php(369): PHPUnit\Framework\TestSuite->run()
#70 /var/www/html/vendor/phpunit/phpunit/src/TextUI/TestRunner.php(64): PHPUnit\Framework\TestSuite->run()
#71 /var/www/html/vendor/phpunit/phpunit/src/TextUI/Application.php(211): PHPUnit\TextUI\TestRunner->run(Object(PHPUnit\TextUI\Configuration\Configuration), Object(PHPUnit\Runner\ResultCache\DefaultResultCache), Object(PHPUnit\Framework\TestSuite))
#72 /var/www/html/vendor/pestphp/pest/src/Kernel.php(103): PHPUnit\TextUI\Application->run(Array)
#73 /var/www/html/vendor/pestphp/pest/bin/pest(184): Pest\Kernel->handle(Array, Array)
#74 /var/www/html/vendor/pestphp/pest/bin/pest(192): {closure:/var/www/html/vendor/pestphp/pest/bin/pest:18}()
#75 {main}

----------------------------------------------------------------------------------

Cannot translate attribute `content` as it's not one of the translatable attributes: `title, intro`

  at tests/Feature/PostTest.php:53
     49▕         Post::factory()->create(['title' => 'Studio Notes']);
     50▕         $post->tags()->attach($tag);
     51▕ 
     52▕         $this->getJson("/api/posts?tag_id={$tag->id}")
  ➜  53▕             ->assertSuccessful()
     54▕             ->assertJsonCount(1, 'data')
     55▕             ->assertJsonPath('data.0.title', 'Live Show');
     56▕     });
     57▕ });

  ────────────────────────────────────────────────────────────────────────────  
   FAILED  Tests\Feature\PostTest > `GET /api/posts/{post}` → it returns the…   
  Expected response status code [>=200, <300] but received 500.
Failed asserting that false is true.

The following exception occurred during the last request:

Spatie\Translatable\Exceptions\AttributeIsNotTranslatable: Cannot translate attribute `content` as it's not one of the translatable attributes: `title, intro` in /var/www/html/vendor/spatie/laravel-translatable/src/Exceptions/AttributeIsNotTranslatable.php:13
Stack trace:
#0 /var/www/html/vendor/spatie/laravel-translatable/src/HasTranslations.php(283): Spatie\Translatable\Exceptions\AttributeIsNotTranslatable::make('content', Object(App\Models\Post))
#1 /var/www/html/vendor/spatie/laravel-translatable/src/HasTranslations.php(136): App\Models\Post->guardAgainstNonTranslatableAttribute('content')
#2 /var/www/html/vendor/laravel/framework/src/Illuminate/Support/Traits/ForwardsCalls.php(23): App\Models\Post->getTranslations('content')
#3 /var/www/html/vendor/laravel/framework/src/Illuminate/Http/Resources/DelegatesToResource.php(155): Illuminate\Http\Resources\Json\JsonResource->forwardCallTo(Object(App\Models\Post), 'getTranslations', Array)
#4 /var/www/html/app/Http/Resources/PostResource.php(25): Illuminate\Http\Resources\Json\JsonResource->__call('getTranslations', Array)
#5 /var/www/html/vendor/laravel/framework/src/Illuminate/Http/Resources/Json/JsonResource.php(108): App\Http\Resources\PostResource->toArray(Object(Illuminate\Http\Request))
#6 /var/www/html/vendor/laravel/framework/src/Illuminate/Http/Resources/Json/ResourceResponse.php(39): Illuminate\Http\Resources\Json\JsonResource->resolve(Object(Illuminate\Http\Request))
#7 /var/www/html/vendor/laravel/framework/src/Illuminate/Http/Resources/Json/JsonResource.php(245): Illuminate\Http\Resources\Json\ResourceResponse->toResponse(Object(Illuminate\Http\Request))
#8 /var/www/html/vendor/laravel/framework/src/Illuminate/Routing/Router.php(902): Illuminate\Http\Resources\Json\JsonResource->toResponse(Object(Illuminate\Http\Request))
#9 /var/www/html/vendor/laravel/framework/src/Illuminate/Routing/Router.php(887): Illuminate\Routing\Router::toResponse(Object(Illuminate\Http\Request), Object(App\Http\Resources\PostResource))
#10 /var/www/html/vendor/laravel/framework/src/Illuminate/Routing/Router.php(807): Illuminate\Routing\Router->prepareResponse(Object(Illuminate\Http\Request), Object(App\Http\Resources\PostResource))
#11 /var/www/html/vendor/laravel/framework/src/Illuminate/Pipeline/Pipeline.php(170): Illuminate\Routing\Router->{closure:Illuminate\Routing\Router::runRouteWithinStack():807}(Object(Illuminate\Http\Request))
#12 /var/www/html/vendor/laravel/framework/src/Illuminate/Routing/Middleware/SubstituteBindings.php(51): Illuminate\Pipeline\Pipeline->{closure:Illuminate\Pipeline\Pipeline::prepareDestination():168}(Object(Illuminate\Http\Request))
#13 /var/www/html/vendor/laravel/framework/src/Illuminate/Pipeline/Pipeline.php(209): Illuminate\Routing\Middleware\SubstituteBindings->handle(Object(Illuminate\Http\Request), Object(Closure))
#14 /var/www/html/vendor/laravel/framework/src/Illuminate/Pipeline/Pipeline.php(127): Illuminate\Pipeline\Pipeline->{closure:{closure:Illuminate\Pipeline\Pipeline::carry():184}:185}(Object(Illuminate\Http\Request))
#15 /var/www/html/vendor/laravel/framework/src/Illuminate/Routing/Router.php(807): Illuminate\Pipeline\Pipeline->then(Object(Closure))
#16 /var/www/html/vendor/laravel/framework/src/Illuminate/Routing/Router.php(786): Illuminate\Routing\Router->runRouteWithinStack(Object(Illuminate\Routing\Route), Object(Illuminate\Http\Request))
#17 /var/www/html/vendor/laravel/framework/src/Illuminate/Routing/Router.php(750): Illuminate\Routing\Router->runRoute(Object(Illuminate\Http\Request), Object(Illuminate\Routing\Route))
#18 /var/www/html/vendor/laravel/framework/src/Illuminate/Routing/Router.php(739): Illuminate\Routing\Router->dispatchToRoute(Object(Illuminate\Http\Request))
#19 /var/www/html/vendor/laravel/framework/src/Illuminate/Foundation/Http/Kernel.php(201): Illuminate\Routing\Router->dispatch(Object(Illuminate\Http\Request))
#20 /var/www/html/vendor/laravel/framework/src/Illuminate/Pipeline/Pipeline.php(170): Illuminate\Foundation\Http\Kernel->{closure:Illuminate\Foundation\Http\Kernel::dispatchToRouter():198}(Object(Illuminate\Http\Request))
#21 /var/www/html/app/Http/Middleware/SetLocale.php(26): Illuminate\Pipeline\Pipeline->{closure:Illuminate\Pipeline\Pipeline::prepareDestination():168}(Object(Illuminate\Http\Request))
#22 /var/www/html/vendor/laravel/framework/src/Illuminate/Pipeline/Pipeline.php(209): App\Http\Middleware\SetLocale->handle(Object(Illuminate\Http\Request), Object(Closure))
#23 /var/www/html/vendor/laravel/framework/src/Illuminate/Foundation/Http/Middleware/TransformsRequest.php(21): Illuminate\Pipeline\Pipeline->{closure:{closure:Illuminate\Pipeline\Pipeline::carry():184}:185}(Object(Illuminate\Http\Request))
#24 /var/www/html/vendor/laravel/framework/src/Illuminate/Foundation/Http/Middleware/ConvertEmptyStringsToNull.php(31): Illuminate\Foundation\Http\Middleware\TransformsRequest->handle(Object(Illuminate\Http\Request), Object(Closure))
#25 /var/www/html/vendor/laravel/framework/src/Illuminate/Pipeline/Pipeline.php(209): Illuminate\Foundation\Http\Middleware\ConvertEmptyStringsToNull->handle(Object(Illuminate\Http\Request), Object(Closure))
#26 /var/www/html/vendor/laravel/framework/src/Illuminate/Foundation/Http/Middleware/TransformsRequest.php(21): Illuminate\Pipeline\Pipeline->{closure:{closure:Illuminate\Pipeline\Pipeline::carry():184}:185}(Object(Illuminate\Http\Request))
#27 /var/www/html/vendor/laravel/framework/src/Illuminate/Foundation/Http/Middleware/TrimStrings.php(51): Illuminate\Foundation\Http\Middleware\TransformsRequest->handle(Object(Illuminate\Http\Request), Object(Closure))
#28 /var/www/html/vendor/laravel/framework/src/Illuminate/Pipeline/Pipeline.php(209): Illuminate\Foundation\Http\Middleware\TrimStrings->handle(Object(Illuminate\Http\Request), Object(Closure))
#29 /var/www/html/vendor/laravel/framework/src/Illuminate/Http/Middleware/ValidatePostSize.php(27): Illuminate\Pipeline\Pipeline->{closure:{closure:Illuminate\Pipeline\Pipeline::carry():184}:185}(Object(Illuminate\Http\Request))
#30 /var/www/html/vendor/laravel/framework/src/Illuminate/Pipeline/Pipeline.php(209): Illuminate\Http\Middleware\ValidatePostSize->handle(Object(Illuminate\Http\Request), Object(Closure))
#31 /var/www/html/vendor/laravel/framework/src/Illuminate/Foundation/Http/Middleware/PreventRequestsDuringMaintenance.php(110): Illuminate\Pipeline\Pipeline->{closure:{closure:Illuminate\Pipeline\Pipeline::carry():184}:185}(Object(Illuminate\Http\Request))
#32 /var/www/html/vendor/laravel/framework/src/Illuminate/Pipeline/Pipeline.php(209): Illuminate\Foundation\Http\Middleware\PreventRequestsDuringMaintenance->handle(Object(Illuminate\Http\Request), Object(Closure))
#33 /var/www/html/vendor/laravel/framework/src/Illuminate/Http/Middleware/HandleCors.php(62): Illuminate\Pipeline\Pipeline->{closure:{closure:Illuminate\Pipeline\Pipeline::carry():184}:185}(Object(Illuminate\Http\Request))
#34 /var/www/html/vendor/laravel/framework/src/Illuminate/Pipeline/Pipeline.php(209): Illuminate\Http\Middleware\HandleCors->handle(Object(Illuminate\Http\Request), Object(Closure))
#35 /var/www/html/vendor/laravel/framework/src/Illuminate/Http/Middleware/TrustProxies.php(58): Illuminate\Pipeline\Pipeline->{closure:{closure:Illuminate\Pipeline\Pipeline::carry():184}:185}(Object(Illuminate\Http\Request))
#36 /var/www/html/vendor/laravel/framework/src/Illuminate/Pipeline/Pipeline.php(209): Illuminate\Http\Middleware\TrustProxies->handle(Object(Illuminate\Http\Request), Object(Closure))
#37 /var/www/html/vendor/laravel/framework/src/Illuminate/Foundation/Http/Middleware/InvokeDeferredCallbacks.php(22): Illuminate\Pipeline\Pipeline->{closure:{closure:Illuminate\Pipeline\Pipeline::carry():184}:185}(Object(Illuminate\Http\Request))
#38 /var/www/html/vendor/laravel/framework/src/Illuminate/Pipeline/Pipeline.php(209): Illuminate\Foundation\Http\Middleware\InvokeDeferredCallbacks->handle(Object(Illuminate\Http\Request), Object(Closure))
#39 /var/www/html/vendor/laravel/framework/src/Illuminate/Pipeline/Pipeline.php(127): Illuminate\Pipeline\Pipeline->{closure:{closure:Illuminate\Pipeline\Pipeline::carry():184}:185}(Object(Illuminate\Http\Request))
#40 /var/www/html/vendor/laravel/framework/src/Illuminate/Foundation/Http/Kernel.php(176): Illuminate\Pipeline\Pipeline->then(Object(Closure))
#41 /var/www/html/vendor/laravel/framework/src/Illuminate/Foundation/Http/Kernel.php(145): Illuminate\Foundation\Http\Kernel->sendRequestThroughRouter(Object(Illuminate\Http\Request))
#42 /var/www/html/vendor/laravel/framework/src/Illuminate/Foundation/Testing/Concerns/MakesHttpRequests.php(607): Illuminate\Foundation\Http\Kernel->handle(Object(Illuminate\Http\Request))
#43 /var/www/html/vendor/laravel/framework/src/Illuminate/Foundation/Testing/Concerns/MakesHttpRequests.php(573): Illuminate\Foundation\Testing\TestCase->call('GET', '/api/posts/1', Array, Array, Array, Array, '[]')
#44 /var/www/html/vendor/laravel/framework/src/Illuminate/Foundation/Testing/Concerns/MakesHttpRequests.php(381): Illuminate\Foundation\Testing\TestCase->json('GET', '/api/posts/1', Array, Array, 0)
#45 /var/www/html/tests/Feature/PostTest.php(65): Illuminate\Foundation\Testing\TestCase->getJson('/api/posts/1')
#46 /var/www/html/vendor/pestphp/pest/src/Factories/TestCaseMethodFactory.php(171): P\Tests\Feature\PostTest->{closure:{closure:/var/www/html/tests/Feature/PostTest.php:61}:62}()
#47 [internal function]: P\Tests\Feature\PostTest->{closure:Pest\Factories\TestCaseMethodFactory::getClosure():161}()
#48 /var/www/html/vendor/pestphp/pest/src/Concerns/Testable.php(419): call_user_func_array(Object(Closure), Array)
#49 /var/www/html/vendor/pestphp/pest/src/Support/ExceptionTrace.php(26): P\Tests\Feature\PostTest->{closure:Pest\Concerns\Testable::__callClosure():419}()
#50 /var/www/html/vendor/pestphp/pest/src/Concerns/Testable.php(419): Pest\Support\ExceptionTrace::ensure(Object(Closure))
#51 /var/www/html/vendor/pestphp/pest/src/Concerns/Testable.php(321): P\Tests\Feature\PostTest->__callClosure(Object(Closure), Array)
#52 /var/www/html/vendor/pestphp/pest/src/Factories/TestCaseFactory.php(170) : eval()'d code(62): P\Tests\Feature\PostTest->__runTest(Object(Closure))
#53 /var/www/html/vendor/phpunit/phpunit/src/Framework/TestCase.php(1667): P\Tests\Feature\PostTest->__pest_evaluable__GET__api_posts__post___→_it_returns_the_post_with_full_content()
#54 /var/www/html/vendor/phpunit/phpunit/src/Framework/TestCase.php(519): PHPUnit\Framework\TestCase->runTest()
#55 /var/www/html/vendor/phpunit/phpunit/src/Framework/TestRunner/TestRunner.php(87): PHPUnit\Framework\TestCase->runBare()
#56 /var/www/html/vendor/phpunit/phpunit/src/Framework/TestCase.php(365): PHPUnit\Framework\TestRunner->run(Object(P\Tests\Feature\PostTest))
#57 /var/www/html/vendor/phpunit/phpunit/src/Framework/TestSuite.php(369): PHPUnit\Framework\TestCase->run()
#58 /var/www/html/vendor/phpunit/phpunit/src/Framework/TestSuite.php(369): PHPUnit\Framework\TestSuite->run()
#59 /var/www/html/vendor/phpunit/phpunit/src/Framework/TestSuite.php(369): PHPUnit\Framework\TestSuite->run()
#60 /var/www/html/vendor/phpunit/phpunit/src/TextUI/TestRunner.php(64): PHPUnit\Framework\TestSuite->run()
#61 /var/www/html/vendor/phpunit/phpunit/src/TextUI/Application.php(211): PHPUnit\TextUI\TestRunner->run(Object(PHPUnit\TextUI\Configuration\Configuration), Object(PHPUnit\Runner\ResultCache\DefaultResultCache), Object(PHPUnit\Framework\TestSuite))
#62 /var/www/html/vendor/pestphp/pest/src/Kernel.php(103): PHPUnit\TextUI\Application->run(Array)
#63 /var/www/html/vendor/pestphp/pest/bin/pest(184): Pest\Kernel->handle(Array, Array)
#64 /var/www/html/vendor/pestphp/pest/bin/pest(192): {closure:/var/www/html/vendor/pestphp/pest/bin/pest:18}()
#65 {main}

----------------------------------------------------------------------------------

Cannot translate attribute `content` as it's not one of the translatable attributes: `title, intro`

  at tests/Feature/PostTest.php:66
     62▕     it('returns the post with full content', function () {
     63▕         $post = Post::factory()->create(['title' => 'Detail Post', 'image' => TEST_IMAGE]);
     64▕ 
     65▕         $this->getJson("/api/posts/{$post->id}")
  ➜  66▕             ->assertSuccessful()
     67▕             ->assertJsonPath('data.title', 'Detail Post');
     68▕     });
     69▕ 
     70▕     it('returns 404 for a non-existent post', function () {

  ────────────────────────────────────────────────────────────────────────────  
   FAILED  Tests\Feature\PostTest > `POST /api/posts` → it allows publisher…    
  Expected response status code [201] but received 500.
Failed asserting that 500 is identical to 201.

The following exception occurred during the last request:

Spatie\Translatable\Exceptions\AttributeIsNotTranslatable: Cannot translate attribute `content` as it's not one of the translatable attributes: `title, intro` in /var/www/html/vendor/spatie/laravel-translatable/src/Exceptions/AttributeIsNotTranslatable.php:13
Stack trace:
#0 /var/www/html/vendor/spatie/laravel-translatable/src/HasTranslations.php(283): Spatie\Translatable\Exceptions\AttributeIsNotTranslatable::make('content', Object(App\Models\Post))
#1 /var/www/html/vendor/spatie/laravel-translatable/src/HasTranslations.php(136): App\Models\Post->guardAgainstNonTranslatableAttribute('content')
#2 /var/www/html/vendor/laravel/framework/src/Illuminate/Support/Traits/ForwardsCalls.php(23): App\Models\Post->getTranslations('content')
#3 /var/www/html/vendor/laravel/framework/src/Illuminate/Http/Resources/DelegatesToResource.php(155): Illuminate\Http\Resources\Json\JsonResource->forwardCallTo(Object(App\Models\Post), 'getTranslations', Array)
#4 /var/www/html/app/Http/Resources/PostResource.php(25): Illuminate\Http\Resources\Json\JsonResource->__call('getTranslations', Array)
#5 /var/www/html/vendor/laravel/framework/src/Illuminate/Http/Resources/Json/JsonResource.php(108): App\Http\Resources\PostResource->toArray(Object(Illuminate\Http\Request))
#6 /var/www/html/vendor/laravel/framework/src/Illuminate/Http/Resources/Json/ResourceResponse.php(39): Illuminate\Http\Resources\Json\JsonResource->resolve(Object(Illuminate\Http\Request))
#7 /var/www/html/vendor/laravel/framework/src/Illuminate/Http/Resources/Json/JsonResource.php(245): Illuminate\Http\Resources\Json\ResourceResponse->toResponse(Object(Illuminate\Http\Request))
#8 /var/www/html/vendor/laravel/framework/src/Illuminate/Routing/Router.php(902): Illuminate\Http\Resources\Json\JsonResource->toResponse(Object(Illuminate\Http\Request))
#9 /var/www/html/vendor/laravel/framework/src/Illuminate/Routing/Router.php(887): Illuminate\Routing\Router::toResponse(Object(Illuminate\Http\Request), Object(App\Http\Resources\PostResource))
#10 /var/www/html/vendor/laravel/framework/src/Illuminate/Routing/Router.php(807): Illuminate\Routing\Router->prepareResponse(Object(Illuminate\Http\Request), Object(App\Http\Resources\PostResource))
#11 /var/www/html/vendor/laravel/framework/src/Illuminate/Pipeline/Pipeline.php(170): Illuminate\Routing\Router->{closure:Illuminate\Routing\Router::runRouteWithinStack():807}(Object(Illuminate\Http\Request))
#12 /var/www/html/app/Http/Middleware/RequireRole.php(24): Illuminate\Pipeline\Pipeline->{closure:Illuminate\Pipeline\Pipeline::prepareDestination():168}(Object(Illuminate\Http\Request))
#13 /var/www/html/vendor/laravel/framework/src/Illuminate/Pipeline/Pipeline.php(209): App\Http\Middleware\RequireRole->handle(Object(Illuminate\Http\Request), Object(Closure), 'admin', 'publisher')
#14 /var/www/html/vendor/laravel/framework/src/Illuminate/Routing/Middleware/SubstituteBindings.php(51): Illuminate\Pipeline\Pipeline->{closure:{closure:Illuminate\Pipeline\Pipeline::carry():184}:185}(Object(Illuminate\Http\Request))
#15 /var/www/html/vendor/laravel/framework/src/Illuminate/Pipeline/Pipeline.php(209): Illuminate\Routing\Middleware\SubstituteBindings->handle(Object(Illuminate\Http\Request), Object(Closure))
#16 /var/www/html/vendor/laravel/framework/src/Illuminate/Auth/Middleware/Authenticate.php(64): Illuminate\Pipeline\Pipeline->{closure:{closure:Illuminate\Pipeline\Pipeline::carry():184}:185}(Object(Illuminate\Http\Request))
#17 /var/www/html/vendor/laravel/framework/src/Illuminate/Pipeline/Pipeline.php(209): Illuminate\Auth\Middleware\Authenticate->handle(Object(Illuminate\Http\Request), Object(Closure), 'api')
#18 /var/www/html/vendor/laravel/framework/src/Illuminate/Pipeline/Pipeline.php(127): Illuminate\Pipeline\Pipeline->{closure:{closure:Illuminate\Pipeline\Pipeline::carry():184}:185}(Object(Illuminate\Http\Request))
#19 /var/www/html/vendor/laravel/framework/src/Illuminate/Routing/Router.php(807): Illuminate\Pipeline\Pipeline->then(Object(Closure))
#20 /var/www/html/vendor/laravel/framework/src/Illuminate/Routing/Router.php(786): Illuminate\Routing\Router->runRouteWithinStack(Object(Illuminate\Routing\Route), Object(Illuminate\Http\Request))
#21 /var/www/html/vendor/laravel/framework/src/Illuminate/Routing/Router.php(750): Illuminate\Routing\Router->runRoute(Object(Illuminate\Http\Request), Object(Illuminate\Routing\Route))
#22 /var/www/html/vendor/laravel/framework/src/Illuminate/Routing/Router.php(739): Illuminate\Routing\Router->dispatchToRoute(Object(Illuminate\Http\Request))
#23 /var/www/html/vendor/laravel/framework/src/Illuminate/Foundation/Http/Kernel.php(201): Illuminate\Routing\Router->dispatch(Object(Illuminate\Http\Request))
#24 /var/www/html/vendor/laravel/framework/src/Illuminate/Pipeline/Pipeline.php(170): Illuminate\Foundation\Http\Kernel->{closure:Illuminate\Foundation\Http\Kernel::dispatchToRouter():198}(Object(Illuminate\Http\Request))
#25 /var/www/html/app/Http/Middleware/SetLocale.php(26): Illuminate\Pipeline\Pipeline->{closure:Illuminate\Pipeline\Pipeline::prepareDestination():168}(Object(Illuminate\Http\Request))
#26 /var/www/html/vendor/laravel/framework/src/Illuminate/Pipeline/Pipeline.php(209): App\Http\Middleware\SetLocale->handle(Object(Illuminate\Http\Request), Object(Closure))
#27 /var/www/html/vendor/laravel/framework/src/Illuminate/Foundation/Http/Middleware/TransformsRequest.php(21): Illuminate\Pipeline\Pipeline->{closure:{closure:Illuminate\Pipeline\Pipeline::carry():184}:185}(Object(Illuminate\Http\Request))
#28 /var/www/html/vendor/laravel/framework/src/Illuminate/Foundation/Http/Middleware/ConvertEmptyStringsToNull.php(31): Illuminate\Foundation\Http\Middleware\TransformsRequest->handle(Object(Illuminate\Http\Request), Object(Closure))
#29 /var/www/html/vendor/laravel/framework/src/Illuminate/Pipeline/Pipeline.php(209): Illuminate\Foundation\Http\Middleware\ConvertEmptyStringsToNull->handle(Object(Illuminate\Http\Request), Object(Closure))
#30 /var/www/html/vendor/laravel/framework/src/Illuminate/Foundation/Http/Middleware/TransformsRequest.php(21): Illuminate\Pipeline\Pipeline->{closure:{closure:Illuminate\Pipeline\Pipeline::carry():184}:185}(Object(Illuminate\Http\Request))
#31 /var/www/html/vendor/laravel/framework/src/Illuminate/Foundation/Http/Middleware/TrimStrings.php(51): Illuminate\Foundation\Http\Middleware\TransformsRequest->handle(Object(Illuminate\Http\Request), Object(Closure))
#32 /var/www/html/vendor/laravel/framework/src/Illuminate/Pipeline/Pipeline.php(209): Illuminate\Foundation\Http\Middleware\TrimStrings->handle(Object(Illuminate\Http\Request), Object(Closure))
#33 /var/www/html/vendor/laravel/framework/src/Illuminate/Http/Middleware/ValidatePostSize.php(27): Illuminate\Pipeline\Pipeline->{closure:{closure:Illuminate\Pipeline\Pipeline::carry():184}:185}(Object(Illuminate\Http\Request))
#34 /var/www/html/vendor/laravel/framework/src/Illuminate/Pipeline/Pipeline.php(209): Illuminate\Http\Middleware\ValidatePostSize->handle(Object(Illuminate\Http\Request), Object(Closure))
#35 /var/www/html/vendor/laravel/framework/src/Illuminate/Foundation/Http/Middleware/PreventRequestsDuringMaintenance.php(110): Illuminate\Pipeline\Pipeline->{closure:{closure:Illuminate\Pipeline\Pipeline::carry():184}:185}(Object(Illuminate\Http\Request))
#36 /var/www/html/vendor/laravel/framework/src/Illuminate/Pipeline/Pipeline.php(209): Illuminate\Foundation\Http\Middleware\PreventRequestsDuringMaintenance->handle(Object(Illuminate\Http\Request), Object(Closure))
#37 /var/www/html/vendor/laravel/framework/src/Illuminate/Http/Middleware/HandleCors.php(62): Illuminate\Pipeline\Pipeline->{closure:{closure:Illuminate\Pipeline\Pipeline::carry():184}:185}(Object(Illuminate\Http\Request))
#38 /var/www/html/vendor/laravel/framework/src/Illuminate/Pipeline/Pipeline.php(209): Illuminate\Http\Middleware\HandleCors->handle(Object(Illuminate\Http\Request), Object(Closure))
#39 /var/www/html/vendor/laravel/framework/src/Illuminate/Http/Middleware/TrustProxies.php(58): Illuminate\Pipeline\Pipeline->{closure:{closure:Illuminate\Pipeline\Pipeline::carry():184}:185}(Object(Illuminate\Http\Request))
#40 /var/www/html/vendor/laravel/framework/src/Illuminate/Pipeline/Pipeline.php(209): Illuminate\Http\Middleware\TrustProxies->handle(Object(Illuminate\Http\Request), Object(Closure))
#41 /var/www/html/vendor/laravel/framework/src/Illuminate/Foundation/Http/Middleware/InvokeDeferredCallbacks.php(22): Illuminate\Pipeline\Pipeline->{closure:{closure:Illuminate\Pipeline\Pipeline::carry():184}:185}(Object(Illuminate\Http\Request))
#42 /var/www/html/vendor/laravel/framework/src/Illuminate/Pipeline/Pipeline.php(209): Illuminate\Foundation\Http\Middleware\InvokeDeferredCallbacks->handle(Object(Illuminate\Http\Request), Object(Closure))
#43 /var/www/html/vendor/laravel/framework/src/Illuminate/Pipeline/Pipeline.php(127): Illuminate\Pipeline\Pipeline->{closure:{closure:Illuminate\Pipeline\Pipeline::carry():184}:185}(Object(Illuminate\Http\Request))
#44 /var/www/html/vendor/laravel/framework/src/Illuminate/Foundation/Http/Kernel.php(176): Illuminate\Pipeline\Pipeline->then(Object(Closure))
#45 /var/www/html/vendor/laravel/framework/src/Illuminate/Foundation/Http/Kernel.php(145): Illuminate\Foundation\Http\Kernel->sendRequestThroughRouter(Object(Illuminate\Http\Request))
#46 /var/www/html/vendor/laravel/framework/src/Illuminate/Foundation/Testing/Concerns/MakesHttpRequests.php(607): Illuminate\Foundation\Http\Kernel->handle(Object(Illuminate\Http\Request))
#47 /var/www/html/vendor/laravel/framework/src/Illuminate/Foundation/Testing/Concerns/MakesHttpRequests.php(573): Illuminate\Foundation\Testing\TestCase->call('POST', '/api/posts', Array, Array, Array, Array, '{"title":"Publi...')
#48 /var/www/html/vendor/laravel/framework/src/Illuminate/Foundation/Testing/Concerns/MakesHttpRequests.php(411): Illuminate\Foundation\Testing\TestCase->json('POST', '/api/posts', Array, Array, 0)
#49 /var/www/html/tests/Feature/PostTest.php(91): Illuminate\Foundation\Testing\TestCase->postJson('/api/posts', Array)
#50 /var/www/html/vendor/pestphp/pest/src/Factories/TestCaseMethodFactory.php(171): P\Tests\Feature\PostTest->{closure:{closure:/var/www/html/tests/Feature/PostTest.php:77}:88}()
#51 [internal function]: P\Tests\Feature\PostTest->{closure:Pest\Factories\TestCaseMethodFactory::getClosure():161}()
#52 /var/www/html/vendor/pestphp/pest/src/Concerns/Testable.php(419): call_user_func_array(Object(Closure), Array)
#53 /var/www/html/vendor/pestphp/pest/src/Support/ExceptionTrace.php(26): P\Tests\Feature\PostTest->{closure:Pest\Concerns\Testable::__callClosure():419}()
#54 /var/www/html/vendor/pestphp/pest/src/Concerns/Testable.php(419): Pest\Support\ExceptionTrace::ensure(Object(Closure))
#55 /var/www/html/vendor/pestphp/pest/src/Concerns/Testable.php(321): P\Tests\Feature\PostTest->__callClosure(Object(Closure), Array)
#56 /var/www/html/vendor/pestphp/pest/src/Factories/TestCaseFactory.php(170) : eval()'d code(98): P\Tests\Feature\PostTest->__runTest(Object(Closure))
#57 /var/www/html/vendor/phpunit/phpunit/src/Framework/TestCase.php(1667): P\Tests\Feature\PostTest->__pest_evaluable__POST__api_posts__→_it_allows_publisher_role_to_create_a_post()
#58 /var/www/html/vendor/phpunit/phpunit/src/Framework/TestCase.php(519): PHPUnit\Framework\TestCase->runTest()
#59 /var/www/html/vendor/phpunit/phpunit/src/Framework/TestRunner/TestRunner.php(87): PHPUnit\Framework\TestCase->runBare()
#60 /var/www/html/vendor/phpunit/phpunit/src/Framework/TestCase.php(365): PHPUnit\Framework\TestRunner->run(Object(P\Tests\Feature\PostTest))
#61 /var/www/html/vendor/phpunit/phpunit/src/Framework/TestSuite.php(369): PHPUnit\Framework\TestCase->run()
#62 /var/www/html/vendor/phpunit/phpunit/src/Framework/TestSuite.php(369): PHPUnit\Framework\TestSuite->run()
#63 /var/www/html/vendor/phpunit/phpunit/src/Framework/TestSuite.php(369): PHPUnit\Framework\TestSuite->run()
#64 /var/www/html/vendor/phpunit/phpunit/src/TextUI/TestRunner.php(64): PHPUnit\Framework\TestSuite->run()
#65 /var/www/html/vendor/phpunit/phpunit/src/TextUI/Application.php(211): PHPUnit\TextUI\TestRunner->run(Object(PHPUnit\TextUI\Configuration\Configuration), Object(PHPUnit\Runner\ResultCache\DefaultResultCache), Object(PHPUnit\Framework\TestSuite))
#66 /var/www/html/vendor/pestphp/pest/src/Kernel.php(103): PHPUnit\TextUI\Application->run(Array)
#67 /var/www/html/vendor/pestphp/pest/bin/pest(184): Pest\Kernel->handle(Array, Array)
#68 /var/www/html/vendor/pestphp/pest/bin/pest(192): {closure:/var/www/html/vendor/pestphp/pest/bin/pest:18}()
#69 {main}

----------------------------------------------------------------------------------

Cannot translate attribute `content` as it's not one of the translatable attributes: `title, intro`

  at tests/Feature/PostTest.php:92
     88▕     it('allows publisher role to create a post', function () {
     89▕         Passport::actingAs(User::factory()->create(['role' => 'publisher']));
     90▕ 
     91▕         $this->postJson('/api/posts', ['title' => 'Publisher Post'])
  ➜  92▕             ->assertCreated();
     93▕     });
     94▕ 
     95▕     it('creates a post with required fields', function () {
     96▕         $this->actingAsAdmin();

  ────────────────────────────────────────────────────────────────────────────  
   FAILED  Tests\Feature\PostTest > `POST /api/posts` → it creates a post wi…   
  Expected response status code [201] but received 500.
Failed asserting that 500 is identical to 201.

The following exception occurred during the last request:

Spatie\Translatable\Exceptions\AttributeIsNotTranslatable: Cannot translate attribute `content` as it's not one of the translatable attributes: `title, intro` in /var/www/html/vendor/spatie/laravel-translatable/src/Exceptions/AttributeIsNotTranslatable.php:13
Stack trace:
#0 /var/www/html/vendor/spatie/laravel-translatable/src/HasTranslations.php(283): Spatie\Translatable\Exceptions\AttributeIsNotTranslatable::make('content', Object(App\Models\Post))
#1 /var/www/html/vendor/spatie/laravel-translatable/src/HasTranslations.php(136): App\Models\Post->guardAgainstNonTranslatableAttribute('content')
#2 /var/www/html/vendor/laravel/framework/src/Illuminate/Support/Traits/ForwardsCalls.php(23): App\Models\Post->getTranslations('content')
#3 /var/www/html/vendor/laravel/framework/src/Illuminate/Http/Resources/DelegatesToResource.php(155): Illuminate\Http\Resources\Json\JsonResource->forwardCallTo(Object(App\Models\Post), 'getTranslations', Array)
#4 /var/www/html/app/Http/Resources/PostResource.php(25): Illuminate\Http\Resources\Json\JsonResource->__call('getTranslations', Array)
#5 /var/www/html/vendor/laravel/framework/src/Illuminate/Http/Resources/Json/JsonResource.php(108): App\Http\Resources\PostResource->toArray(Object(Illuminate\Http\Request))
#6 /var/www/html/vendor/laravel/framework/src/Illuminate/Http/Resources/Json/ResourceResponse.php(39): Illuminate\Http\Resources\Json\JsonResource->resolve(Object(Illuminate\Http\Request))
#7 /var/www/html/vendor/laravel/framework/src/Illuminate/Http/Resources/Json/JsonResource.php(245): Illuminate\Http\Resources\Json\ResourceResponse->toResponse(Object(Illuminate\Http\Request))
#8 /var/www/html/vendor/laravel/framework/src/Illuminate/Routing/Router.php(902): Illuminate\Http\Resources\Json\JsonResource->toResponse(Object(Illuminate\Http\Request))
#9 /var/www/html/vendor/laravel/framework/src/Illuminate/Routing/Router.php(887): Illuminate\Routing\Router::toResponse(Object(Illuminate\Http\Request), Object(App\Http\Resources\PostResource))
#10 /var/www/html/vendor/laravel/framework/src/Illuminate/Routing/Router.php(807): Illuminate\Routing\Router->prepareResponse(Object(Illuminate\Http\Request), Object(App\Http\Resources\PostResource))
#11 /var/www/html/vendor/laravel/framework/src/Illuminate/Pipeline/Pipeline.php(170): Illuminate\Routing\Router->{closure:Illuminate\Routing\Router::runRouteWithinStack():807}(Object(Illuminate\Http\Request))
#12 /var/www/html/app/Http/Middleware/RequireRole.php(24): Illuminate\Pipeline\Pipeline->{closure:Illuminate\Pipeline\Pipeline::prepareDestination():168}(Object(Illuminate\Http\Request))
#13 /var/www/html/vendor/laravel/framework/src/Illuminate/Pipeline/Pipeline.php(209): App\Http\Middleware\RequireRole->handle(Object(Illuminate\Http\Request), Object(Closure), 'admin', 'publisher')
#14 /var/www/html/vendor/laravel/framework/src/Illuminate/Routing/Middleware/SubstituteBindings.php(51): Illuminate\Pipeline\Pipeline->{closure:{closure:Illuminate\Pipeline\Pipeline::carry():184}:185}(Object(Illuminate\Http\Request))
#15 /var/www/html/vendor/laravel/framework/src/Illuminate/Pipeline/Pipeline.php(209): Illuminate\Routing\Middleware\SubstituteBindings->handle(Object(Illuminate\Http\Request), Object(Closure))
#16 /var/www/html/vendor/laravel/framework/src/Illuminate/Auth/Middleware/Authenticate.php(64): Illuminate\Pipeline\Pipeline->{closure:{closure:Illuminate\Pipeline\Pipeline::carry():184}:185}(Object(Illuminate\Http\Request))
#17 /var/www/html/vendor/laravel/framework/src/Illuminate/Pipeline/Pipeline.php(209): Illuminate\Auth\Middleware\Authenticate->handle(Object(Illuminate\Http\Request), Object(Closure), 'api')
#18 /var/www/html/vendor/laravel/framework/src/Illuminate/Pipeline/Pipeline.php(127): Illuminate\Pipeline\Pipeline->{closure:{closure:Illuminate\Pipeline\Pipeline::carry():184}:185}(Object(Illuminate\Http\Request))
#19 /var/www/html/vendor/laravel/framework/src/Illuminate/Routing/Router.php(807): Illuminate\Pipeline\Pipeline->then(Object(Closure))
#20 /var/www/html/vendor/laravel/framework/src/Illuminate/Routing/Router.php(786): Illuminate\Routing\Router->runRouteWithinStack(Object(Illuminate\Routing\Route), Object(Illuminate\Http\Request))
#21 /var/www/html/vendor/laravel/framework/src/Illuminate/Routing/Router.php(750): Illuminate\Routing\Router->runRoute(Object(Illuminate\Http\Request), Object(Illuminate\Routing\Route))
#22 /var/www/html/vendor/laravel/framework/src/Illuminate/Routing/Router.php(739): Illuminate\Routing\Router->dispatchToRoute(Object(Illuminate\Http\Request))
#23 /var/www/html/vendor/laravel/framework/src/Illuminate/Foundation/Http/Kernel.php(201): Illuminate\Routing\Router->dispatch(Object(Illuminate\Http\Request))
#24 /var/www/html/vendor/laravel/framework/src/Illuminate/Pipeline/Pipeline.php(170): Illuminate\Foundation\Http\Kernel->{closure:Illuminate\Foundation\Http\Kernel::dispatchToRouter():198}(Object(Illuminate\Http\Request))
#25 /var/www/html/app/Http/Middleware/SetLocale.php(26): Illuminate\Pipeline\Pipeline->{closure:Illuminate\Pipeline\Pipeline::prepareDestination():168}(Object(Illuminate\Http\Request))
#26 /var/www/html/vendor/laravel/framework/src/Illuminate/Pipeline/Pipeline.php(209): App\Http\Middleware\SetLocale->handle(Object(Illuminate\Http\Request), Object(Closure))
#27 /var/www/html/vendor/laravel/framework/src/Illuminate/Foundation/Http/Middleware/TransformsRequest.php(21): Illuminate\Pipeline\Pipeline->{closure:{closure:Illuminate\Pipeline\Pipeline::carry():184}:185}(Object(Illuminate\Http\Request))
#28 /var/www/html/vendor/laravel/framework/src/Illuminate/Foundation/Http/Middleware/ConvertEmptyStringsToNull.php(31): Illuminate\Foundation\Http\Middleware\TransformsRequest->handle(Object(Illuminate\Http\Request), Object(Closure))
#29 /var/www/html/vendor/laravel/framework/src/Illuminate/Pipeline/Pipeline.php(209): Illuminate\Foundation\Http\Middleware\ConvertEmptyStringsToNull->handle(Object(Illuminate\Http\Request), Object(Closure))
#30 /var/www/html/vendor/laravel/framework/src/Illuminate/Foundation/Http/Middleware/TransformsRequest.php(21): Illuminate\Pipeline\Pipeline->{closure:{closure:Illuminate\Pipeline\Pipeline::carry():184}:185}(Object(Illuminate\Http\Request))
#31 /var/www/html/vendor/laravel/framework/src/Illuminate/Foundation/Http/Middleware/TrimStrings.php(51): Illuminate\Foundation\Http\Middleware\TransformsRequest->handle(Object(Illuminate\Http\Request), Object(Closure))
#32 /var/www/html/vendor/laravel/framework/src/Illuminate/Pipeline/Pipeline.php(209): Illuminate\Foundation\Http\Middleware\TrimStrings->handle(Object(Illuminate\Http\Request), Object(Closure))
#33 /var/www/html/vendor/laravel/framework/src/Illuminate/Http/Middleware/ValidatePostSize.php(27): Illuminate\Pipeline\Pipeline->{closure:{closure:Illuminate\Pipeline\Pipeline::carry():184}:185}(Object(Illuminate\Http\Request))
#34 /var/www/html/vendor/laravel/framework/src/Illuminate/Pipeline/Pipeline.php(209): Illuminate\Http\Middleware\ValidatePostSize->handle(Object(Illuminate\Http\Request), Object(Closure))
#35 /var/www/html/vendor/laravel/framework/src/Illuminate/Foundation/Http/Middleware/PreventRequestsDuringMaintenance.php(110): Illuminate\Pipeline\Pipeline->{closure:{closure:Illuminate\Pipeline\Pipeline::carry():184}:185}(Object(Illuminate\Http\Request))
#36 /var/www/html/vendor/laravel/framework/src/Illuminate/Pipeline/Pipeline.php(209): Illuminate\Foundation\Http\Middleware\PreventRequestsDuringMaintenance->handle(Object(Illuminate\Http\Request), Object(Closure))
#37 /var/www/html/vendor/laravel/framework/src/Illuminate/Http/Middleware/HandleCors.php(62): Illuminate\Pipeline\Pipeline->{closure:{closure:Illuminate\Pipeline\Pipeline::carry():184}:185}(Object(Illuminate\Http\Request))
#38 /var/www/html/vendor/laravel/framework/src/Illuminate/Pipeline/Pipeline.php(209): Illuminate\Http\Middleware\HandleCors->handle(Object(Illuminate\Http\Request), Object(Closure))
#39 /var/www/html/vendor/laravel/framework/src/Illuminate/Http/Middleware/TrustProxies.php(58): Illuminate\Pipeline\Pipeline->{closure:{closure:Illuminate\Pipeline\Pipeline::carry():184}:185}(Object(Illuminate\Http\Request))
#40 /var/www/html/vendor/laravel/framework/src/Illuminate/Pipeline/Pipeline.php(209): Illuminate\Http\Middleware\TrustProxies->handle(Object(Illuminate\Http\Request), Object(Closure))
#41 /var/www/html/vendor/laravel/framework/src/Illuminate/Foundation/Http/Middleware/InvokeDeferredCallbacks.php(22): Illuminate\Pipeline\Pipeline->{closure:{closure:Illuminate\Pipeline\Pipeline::carry():184}:185}(Object(Illuminate\Http\Request))
#42 /var/www/html/vendor/laravel/framework/src/Illuminate/Pipeline/Pipeline.php(209): Illuminate\Foundation\Http\Middleware\InvokeDeferredCallbacks->handle(Object(Illuminate\Http\Request), Object(Closure))
#43 /var/www/html/vendor/laravel/framework/src/Illuminate/Pipeline/Pipeline.php(127): Illuminate\Pipeline\Pipeline->{closure:{closure:Illuminate\Pipeline\Pipeline::carry():184}:185}(Object(Illuminate\Http\Request))
#44 /var/www/html/vendor/laravel/framework/src/Illuminate/Foundation/Http/Kernel.php(176): Illuminate\Pipeline\Pipeline->then(Object(Closure))
#45 /var/www/html/vendor/laravel/framework/src/Illuminate/Foundation/Http/Kernel.php(145): Illuminate\Foundation\Http\Kernel->sendRequestThroughRouter(Object(Illuminate\Http\Request))
#46 /var/www/html/vendor/laravel/framework/src/Illuminate/Foundation/Testing/Concerns/MakesHttpRequests.php(607): Illuminate\Foundation\Http\Kernel->handle(Object(Illuminate\Http\Request))
#47 /var/www/html/vendor/laravel/framework/src/Illuminate/Foundation/Testing/Concerns/MakesHttpRequests.php(573): Illuminate\Foundation\Testing\TestCase->call('POST', '/api/posts', Array, Array, Array, Array, '{"title":"Hello...')
#48 /var/www/html/vendor/laravel/framework/src/Illuminate/Foundation/Testing/Concerns/MakesHttpRequests.php(411): Illuminate\Foundation\Testing\TestCase->json('POST', '/api/posts', Array, Array, 0)
#49 /var/www/html/tests/Feature/PostTest.php(98): Illuminate\Foundation\Testing\TestCase->postJson('/api/posts', Array)
#50 /var/www/html/vendor/pestphp/pest/src/Factories/TestCaseMethodFactory.php(171): P\Tests\Feature\PostTest->{closure:{closure:/var/www/html/tests/Feature/PostTest.php:77}:95}()
#51 [internal function]: P\Tests\Feature\PostTest->{closure:Pest\Factories\TestCaseMethodFactory::getClosure():161}()
#52 /var/www/html/vendor/pestphp/pest/src/Concerns/Testable.php(419): call_user_func_array(Object(Closure), Array)
#53 /var/www/html/vendor/pestphp/pest/src/Support/ExceptionTrace.php(26): P\Tests\Feature\PostTest->{closure:Pest\Concerns\Testable::__callClosure():419}()
#54 /var/www/html/vendor/pestphp/pest/src/Concerns/Testable.php(419): Pest\Support\ExceptionTrace::ensure(Object(Closure))
#55 /var/www/html/vendor/pestphp/pest/src/Concerns/Testable.php(321): P\Tests\Feature\PostTest->__callClosure(Object(Closure), Array)
#56 /var/www/html/vendor/pestphp/pest/src/Factories/TestCaseFactory.php(170) : eval()'d code(107): P\Tests\Feature\PostTest->__runTest(Object(Closure))
#57 /var/www/html/vendor/phpunit/phpunit/src/Framework/TestCase.php(1667): P\Tests\Feature\PostTest->__pest_evaluable__POST__api_posts__→_it_creates_a_post_with_required_fields()
#58 /var/www/html/vendor/phpunit/phpunit/src/Framework/TestCase.php(519): PHPUnit\Framework\TestCase->runTest()
#59 /var/www/html/vendor/phpunit/phpunit/src/Framework/TestRunner/TestRunner.php(87): PHPUnit\Framework\TestCase->runBare()
#60 /var/www/html/vendor/phpunit/phpunit/src/Framework/TestCase.php(365): PHPUnit\Framework\TestRunner->run(Object(P\Tests\Feature\PostTest))
#61 /var/www/html/vendor/phpunit/phpunit/src/Framework/TestSuite.php(369): PHPUnit\Framework\TestCase->run()
#62 /var/www/html/vendor/phpunit/phpunit/src/Framework/TestSuite.php(369): PHPUnit\Framework\TestSuite->run()
#63 /var/www/html/vendor/phpunit/phpunit/src/Framework/TestSuite.php(369): PHPUnit\Framework\TestSuite->run()
#64 /var/www/html/vendor/phpunit/phpunit/src/TextUI/TestRunner.php(64): PHPUnit\Framework\TestSuite->run()
#65 /var/www/html/vendor/phpunit/phpunit/src/TextUI/Application.php(211): PHPUnit\TextUI\TestRunner->run(Object(PHPUnit\TextUI\Configuration\Configuration), Object(PHPUnit\Runner\ResultCache\DefaultResultCache), Object(PHPUnit\Framework\TestSuite))
#66 /var/www/html/vendor/pestphp/pest/src/Kernel.php(103): PHPUnit\TextUI\Application->run(Array)
#67 /var/www/html/vendor/pestphp/pest/bin/pest(184): Pest\Kernel->handle(Array, Array)
#68 /var/www/html/vendor/pestphp/pest/bin/pest(192): {closure:/var/www/html/vendor/pestphp/pest/bin/pest:18}()
#69 {main}

----------------------------------------------------------------------------------

Cannot translate attribute `content` as it's not one of the translatable attributes: `title, intro`

  at tests/Feature/PostTest.php:99
     95▕     it('creates a post with required fields', function () {
     96▕         $this->actingAsAdmin();
     97▕ 
     98▕         $this->postJson('/api/posts', ['title' => 'Hello World'])
  ➜  99▕             ->assertCreated()
    100▕             ->assertJsonPath('data.title', 'Hello World');
    101▕ 
    102▕         // title is a JSON column — assert via the model accessor
    103▕         expect(Post::latest('id')->first()->title)->toBe('Hello World');

  ────────────────────────────────────────────────────────────────────────────  
   FAILED  Tests\Feature\PostTest > `POST /api/posts` → it auto-generates a…    
  Expected response status code [201] but received 500.
Failed asserting that 500 is identical to 201.

The following exception occurred during the last request:

Spatie\Translatable\Exceptions\AttributeIsNotTranslatable: Cannot translate attribute `content` as it's not one of the translatable attributes: `title, intro` in /var/www/html/vendor/spatie/laravel-translatable/src/Exceptions/AttributeIsNotTranslatable.php:13
Stack trace:
#0 /var/www/html/vendor/spatie/laravel-translatable/src/HasTranslations.php(283): Spatie\Translatable\Exceptions\AttributeIsNotTranslatable::make('content', Object(App\Models\Post))
#1 /var/www/html/vendor/spatie/laravel-translatable/src/HasTranslations.php(136): App\Models\Post->guardAgainstNonTranslatableAttribute('content')
#2 /var/www/html/vendor/laravel/framework/src/Illuminate/Support/Traits/ForwardsCalls.php(23): App\Models\Post->getTranslations('content')
#3 /var/www/html/vendor/laravel/framework/src/Illuminate/Http/Resources/DelegatesToResource.php(155): Illuminate\Http\Resources\Json\JsonResource->forwardCallTo(Object(App\Models\Post), 'getTranslations', Array)
#4 /var/www/html/app/Http/Resources/PostResource.php(25): Illuminate\Http\Resources\Json\JsonResource->__call('getTranslations', Array)
#5 /var/www/html/vendor/laravel/framework/src/Illuminate/Http/Resources/Json/JsonResource.php(108): App\Http\Resources\PostResource->toArray(Object(Illuminate\Http\Request))
#6 /var/www/html/vendor/laravel/framework/src/Illuminate/Http/Resources/Json/ResourceResponse.php(39): Illuminate\Http\Resources\Json\JsonResource->resolve(Object(Illuminate\Http\Request))
#7 /var/www/html/vendor/laravel/framework/src/Illuminate/Http/Resources/Json/JsonResource.php(245): Illuminate\Http\Resources\Json\ResourceResponse->toResponse(Object(Illuminate\Http\Request))
#8 /var/www/html/vendor/laravel/framework/src/Illuminate/Routing/Router.php(902): Illuminate\Http\Resources\Json\JsonResource->toResponse(Object(Illuminate\Http\Request))
#9 /var/www/html/vendor/laravel/framework/src/Illuminate/Routing/Router.php(887): Illuminate\Routing\Router::toResponse(Object(Illuminate\Http\Request), Object(App\Http\Resources\PostResource))
#10 /var/www/html/vendor/laravel/framework/src/Illuminate/Routing/Router.php(807): Illuminate\Routing\Router->prepareResponse(Object(Illuminate\Http\Request), Object(App\Http\Resources\PostResource))
#11 /var/www/html/vendor/laravel/framework/src/Illuminate/Pipeline/Pipeline.php(170): Illuminate\Routing\Router->{closure:Illuminate\Routing\Router::runRouteWithinStack():807}(Object(Illuminate\Http\Request))
#12 /var/www/html/app/Http/Middleware/RequireRole.php(24): Illuminate\Pipeline\Pipeline->{closure:Illuminate\Pipeline\Pipeline::prepareDestination():168}(Object(Illuminate\Http\Request))
#13 /var/www/html/vendor/laravel/framework/src/Illuminate/Pipeline/Pipeline.php(209): App\Http\Middleware\RequireRole->handle(Object(Illuminate\Http\Request), Object(Closure), 'admin', 'publisher')
#14 /var/www/html/vendor/laravel/framework/src/Illuminate/Routing/Middleware/SubstituteBindings.php(51): Illuminate\Pipeline\Pipeline->{closure:{closure:Illuminate\Pipeline\Pipeline::carry():184}:185}(Object(Illuminate\Http\Request))
#15 /var/www/html/vendor/laravel/framework/src/Illuminate/Pipeline/Pipeline.php(209): Illuminate\Routing\Middleware\SubstituteBindings->handle(Object(Illuminate\Http\Request), Object(Closure))
#16 /var/www/html/vendor/laravel/framework/src/Illuminate/Auth/Middleware/Authenticate.php(64): Illuminate\Pipeline\Pipeline->{closure:{closure:Illuminate\Pipeline\Pipeline::carry():184}:185}(Object(Illuminate\Http\Request))
#17 /var/www/html/vendor/laravel/framework/src/Illuminate/Pipeline/Pipeline.php(209): Illuminate\Auth\Middleware\Authenticate->handle(Object(Illuminate\Http\Request), Object(Closure), 'api')
#18 /var/www/html/vendor/laravel/framework/src/Illuminate/Pipeline/Pipeline.php(127): Illuminate\Pipeline\Pipeline->{closure:{closure:Illuminate\Pipeline\Pipeline::carry():184}:185}(Object(Illuminate\Http\Request))
#19 /var/www/html/vendor/laravel/framework/src/Illuminate/Routing/Router.php(807): Illuminate\Pipeline\Pipeline->then(Object(Closure))
#20 /var/www/html/vendor/laravel/framework/src/Illuminate/Routing/Router.php(786): Illuminate\Routing\Router->runRouteWithinStack(Object(Illuminate\Routing\Route), Object(Illuminate\Http\Request))
#21 /var/www/html/vendor/laravel/framework/src/Illuminate/Routing/Router.php(750): Illuminate\Routing\Router->runRoute(Object(Illuminate\Http\Request), Object(Illuminate\Routing\Route))
#22 /var/www/html/vendor/laravel/framework/src/Illuminate/Routing/Router.php(739): Illuminate\Routing\Router->dispatchToRoute(Object(Illuminate\Http\Request))
#23 /var/www/html/vendor/laravel/framework/src/Illuminate/Foundation/Http/Kernel.php(201): Illuminate\Routing\Router->dispatch(Object(Illuminate\Http\Request))
#24 /var/www/html/vendor/laravel/framework/src/Illuminate/Pipeline/Pipeline.php(170): Illuminate\Foundation\Http\Kernel->{closure:Illuminate\Foundation\Http\Kernel::dispatchToRouter():198}(Object(Illuminate\Http\Request))
#25 /var/www/html/app/Http/Middleware/SetLocale.php(26): Illuminate\Pipeline\Pipeline->{closure:Illuminate\Pipeline\Pipeline::prepareDestination():168}(Object(Illuminate\Http\Request))
#26 /var/www/html/vendor/laravel/framework/src/Illuminate/Pipeline/Pipeline.php(209): App\Http\Middleware\SetLocale->handle(Object(Illuminate\Http\Request), Object(Closure))
#27 /var/www/html/vendor/laravel/framework/src/Illuminate/Foundation/Http/Middleware/TransformsRequest.php(21): Illuminate\Pipeline\Pipeline->{closure:{closure:Illuminate\Pipeline\Pipeline::carry():184}:185}(Object(Illuminate\Http\Request))
#28 /var/www/html/vendor/laravel/framework/src/Illuminate/Foundation/Http/Middleware/ConvertEmptyStringsToNull.php(31): Illuminate\Foundation\Http\Middleware\TransformsRequest->handle(Object(Illuminate\Http\Request), Object(Closure))
#29 /var/www/html/vendor/laravel/framework/src/Illuminate/Pipeline/Pipeline.php(209): Illuminate\Foundation\Http\Middleware\ConvertEmptyStringsToNull->handle(Object(Illuminate\Http\Request), Object(Closure))
#30 /var/www/html/vendor/laravel/framework/src/Illuminate/Foundation/Http/Middleware/TransformsRequest.php(21): Illuminate\Pipeline\Pipeline->{closure:{closure:Illuminate\Pipeline\Pipeline::carry():184}:185}(Object(Illuminate\Http\Request))
#31 /var/www/html/vendor/laravel/framework/src/Illuminate/Foundation/Http/Middleware/TrimStrings.php(51): Illuminate\Foundation\Http\Middleware\TransformsRequest->handle(Object(Illuminate\Http\Request), Object(Closure))
#32 /var/www/html/vendor/laravel/framework/src/Illuminate/Pipeline/Pipeline.php(209): Illuminate\Foundation\Http\Middleware\TrimStrings->handle(Object(Illuminate\Http\Request), Object(Closure))
#33 /var/www/html/vendor/laravel/framework/src/Illuminate/Http/Middleware/ValidatePostSize.php(27): Illuminate\Pipeline\Pipeline->{closure:{closure:Illuminate\Pipeline\Pipeline::carry():184}:185}(Object(Illuminate\Http\Request))
#34 /var/www/html/vendor/laravel/framework/src/Illuminate/Pipeline/Pipeline.php(209): Illuminate\Http\Middleware\ValidatePostSize->handle(Object(Illuminate\Http\Request), Object(Closure))
#35 /var/www/html/vendor/laravel/framework/src/Illuminate/Foundation/Http/Middleware/PreventRequestsDuringMaintenance.php(110): Illuminate\Pipeline\Pipeline->{closure:{closure:Illuminate\Pipeline\Pipeline::carry():184}:185}(Object(Illuminate\Http\Request))
#36 /var/www/html/vendor/laravel/framework/src/Illuminate/Pipeline/Pipeline.php(209): Illuminate\Foundation\Http\Middleware\PreventRequestsDuringMaintenance->handle(Object(Illuminate\Http\Request), Object(Closure))
#37 /var/www/html/vendor/laravel/framework/src/Illuminate/Http/Middleware/HandleCors.php(62): Illuminate\Pipeline\Pipeline->{closure:{closure:Illuminate\Pipeline\Pipeline::carry():184}:185}(Object(Illuminate\Http\Request))
#38 /var/www/html/vendor/laravel/framework/src/Illuminate/Pipeline/Pipeline.php(209): Illuminate\Http\Middleware\HandleCors->handle(Object(Illuminate\Http\Request), Object(Closure))
#39 /var/www/html/vendor/laravel/framework/src/Illuminate/Http/Middleware/TrustProxies.php(58): Illuminate\Pipeline\Pipeline->{closure:{closure:Illuminate\Pipeline\Pipeline::carry():184}:185}(Object(Illuminate\Http\Request))
#40 /var/www/html/vendor/laravel/framework/src/Illuminate/Pipeline/Pipeline.php(209): Illuminate\Http\Middleware\TrustProxies->handle(Object(Illuminate\Http\Request), Object(Closure))
#41 /var/www/html/vendor/laravel/framework/src/Illuminate/Foundation/Http/Middleware/InvokeDeferredCallbacks.php(22): Illuminate\Pipeline\Pipeline->{closure:{closure:Illuminate\Pipeline\Pipeline::carry():184}:185}(Object(Illuminate\Http\Request))
#42 /var/www/html/vendor/laravel/framework/src/Illuminate/Pipeline/Pipeline.php(209): Illuminate\Foundation\Http\Middleware\InvokeDeferredCallbacks->handle(Object(Illuminate\Http\Request), Object(Closure))
#43 /var/www/html/vendor/laravel/framework/src/Illuminate/Pipeline/Pipeline.php(127): Illuminate\Pipeline\Pipeline->{closure:{closure:Illuminate\Pipeline\Pipeline::carry():184}:185}(Object(Illuminate\Http\Request))
#44 /var/www/html/vendor/laravel/framework/src/Illuminate/Foundation/Http/Kernel.php(176): Illuminate\Pipeline\Pipeline->then(Object(Closure))
#45 /var/www/html/vendor/laravel/framework/src/Illuminate/Foundation/Http/Kernel.php(145): Illuminate\Foundation\Http\Kernel->sendRequestThroughRouter(Object(Illuminate\Http\Request))
#46 /var/www/html/vendor/laravel/framework/src/Illuminate/Foundation/Testing/Concerns/MakesHttpRequests.php(607): Illuminate\Foundation\Http\Kernel->handle(Object(Illuminate\Http\Request))
#47 /var/www/html/vendor/laravel/framework/src/Illuminate/Foundation/Testing/Concerns/MakesHttpRequests.php(573): Illuminate\Foundation\Testing\TestCase->call('POST', '/api/posts', Array, Array, Array, Array, '{"title":"Hello...')
#48 /var/www/html/vendor/laravel/framework/src/Illuminate/Foundation/Testing/Concerns/MakesHttpRequests.php(411): Illuminate\Foundation\Testing\TestCase->json('POST', '/api/posts', Array, Array, 0)
#49 /var/www/html/tests/Feature/PostTest.php(109): Illuminate\Foundation\Testing\TestCase->postJson('/api/posts', Array)
#50 /var/www/html/vendor/pestphp/pest/src/Factories/TestCaseMethodFactory.php(171): P\Tests\Feature\PostTest->{closure:{closure:/var/www/html/tests/Feature/PostTest.php:77}:106}()
#51 [internal function]: P\Tests\Feature\PostTest->{closure:Pest\Factories\TestCaseMethodFactory::getClosure():161}()
#52 /var/www/html/vendor/pestphp/pest/src/Concerns/Testable.php(419): call_user_func_array(Object(Closure), Array)
#53 /var/www/html/vendor/pestphp/pest/src/Support/ExceptionTrace.php(26): P\Tests\Feature\PostTest->{closure:Pest\Concerns\Testable::__callClosure():419}()
#54 /var/www/html/vendor/pestphp/pest/src/Concerns/Testable.php(419): Pest\Support\ExceptionTrace::ensure(Object(Closure))
#55 /var/www/html/vendor/pestphp/pest/src/Concerns/Testable.php(321): P\Tests\Feature\PostTest->__callClosure(Object(Closure), Array)
#56 /var/www/html/vendor/pestphp/pest/src/Factories/TestCaseFactory.php(170) : eval()'d code(116): P\Tests\Feature\PostTest->__runTest(Object(Closure))
#57 /var/www/html/vendor/phpunit/phpunit/src/Framework/TestCase.php(1667): P\Tests\Feature\PostTest->__pest_evaluable__POST__api_posts__→_it_auto_generates_a_slug_from_the_title()
#58 /var/www/html/vendor/phpunit/phpunit/src/Framework/TestCase.php(519): PHPUnit\Framework\TestCase->runTest()
#59 /var/www/html/vendor/phpunit/phpunit/src/Framework/TestRunner/TestRunner.php(87): PHPUnit\Framework\TestCase->runBare()
#60 /var/www/html/vendor/phpunit/phpunit/src/Framework/TestCase.php(365): PHPUnit\Framework\TestRunner->run(Object(P\Tests\Feature\PostTest))
#61 /var/www/html/vendor/phpunit/phpunit/src/Framework/TestSuite.php(369): PHPUnit\Framework\TestCase->run()
#62 /var/www/html/vendor/phpunit/phpunit/src/Framework/TestSuite.php(369): PHPUnit\Framework\TestSuite->run()
#63 /var/www/html/vendor/phpunit/phpunit/src/Framework/TestSuite.php(369): PHPUnit\Framework\TestSuite->run()
#64 /var/www/html/vendor/phpunit/phpunit/src/TextUI/TestRunner.php(64): PHPUnit\Framework\TestSuite->run()
#65 /var/www/html/vendor/phpunit/phpunit/src/TextUI/Application.php(211): PHPUnit\TextUI\TestRunner->run(Object(PHPUnit\TextUI\Configuration\Configuration), Object(PHPUnit\Runner\ResultCache\DefaultResultCache), Object(PHPUnit\Framework\TestSuite))
#66 /var/www/html/vendor/pestphp/pest/src/Kernel.php(103): PHPUnit\TextUI\Application->run(Array)
#67 /var/www/html/vendor/pestphp/pest/bin/pest(184): Pest\Kernel->handle(Array, Array)
#68 /var/www/html/vendor/pestphp/pest/bin/pest(192): {closure:/var/www/html/vendor/pestphp/pest/bin/pest:18}()
#69 {main}

----------------------------------------------------------------------------------

Cannot translate attribute `content` as it's not one of the translatable attributes: `title, intro`

  at tests/Feature/PostTest.php:110
    106▕     it('auto-generates a slug from the title', function () {
    107▕         $this->actingAsAdmin();
    108▕ 
    109▕         $this->postJson('/api/posts', ['title' => 'Hello World Post'])
  ➜ 110▕             ->assertCreated()
    111▕             ->assertJsonPath('data.slug_en', 'hello-world-post');
    112▕     });
    113▕ 
    114▕     it('creates a draft when published_at is null', function () {

  ────────────────────────────────────────────────────────────────────────────  
   FAILED  Tests\Feature\PostTest > `POST /api/posts` → it creates a draft w…   
  Expected response status code [201] but received 500.
Failed asserting that 500 is identical to 201.

The following exception occurred during the last request:

Spatie\Translatable\Exceptions\AttributeIsNotTranslatable: Cannot translate attribute `content` as it's not one of the translatable attributes: `title, intro` in /var/www/html/vendor/spatie/laravel-translatable/src/Exceptions/AttributeIsNotTranslatable.php:13
Stack trace:
#0 /var/www/html/vendor/spatie/laravel-translatable/src/HasTranslations.php(283): Spatie\Translatable\Exceptions\AttributeIsNotTranslatable::make('content', Object(App\Models\Post))
#1 /var/www/html/vendor/spatie/laravel-translatable/src/HasTranslations.php(136): App\Models\Post->guardAgainstNonTranslatableAttribute('content')
#2 /var/www/html/vendor/laravel/framework/src/Illuminate/Support/Traits/ForwardsCalls.php(23): App\Models\Post->getTranslations('content')
#3 /var/www/html/vendor/laravel/framework/src/Illuminate/Http/Resources/DelegatesToResource.php(155): Illuminate\Http\Resources\Json\JsonResource->forwardCallTo(Object(App\Models\Post), 'getTranslations', Array)
#4 /var/www/html/app/Http/Resources/PostResource.php(25): Illuminate\Http\Resources\Json\JsonResource->__call('getTranslations', Array)
#5 /var/www/html/vendor/laravel/framework/src/Illuminate/Http/Resources/Json/JsonResource.php(108): App\Http\Resources\PostResource->toArray(Object(Illuminate\Http\Request))
#6 /var/www/html/vendor/laravel/framework/src/Illuminate/Http/Resources/Json/ResourceResponse.php(39): Illuminate\Http\Resources\Json\JsonResource->resolve(Object(Illuminate\Http\Request))
#7 /var/www/html/vendor/laravel/framework/src/Illuminate/Http/Resources/Json/JsonResource.php(245): Illuminate\Http\Resources\Json\ResourceResponse->toResponse(Object(Illuminate\Http\Request))
#8 /var/www/html/vendor/laravel/framework/src/Illuminate/Routing/Router.php(902): Illuminate\Http\Resources\Json\JsonResource->toResponse(Object(Illuminate\Http\Request))
#9 /var/www/html/vendor/laravel/framework/src/Illuminate/Routing/Router.php(887): Illuminate\Routing\Router::toResponse(Object(Illuminate\Http\Request), Object(App\Http\Resources\PostResource))
#10 /var/www/html/vendor/laravel/framework/src/Illuminate/Routing/Router.php(807): Illuminate\Routing\Router->prepareResponse(Object(Illuminate\Http\Request), Object(App\Http\Resources\PostResource))
#11 /var/www/html/vendor/laravel/framework/src/Illuminate/Pipeline/Pipeline.php(170): Illuminate\Routing\Router->{closure:Illuminate\Routing\Router::runRouteWithinStack():807}(Object(Illuminate\Http\Request))
#12 /var/www/html/app/Http/Middleware/RequireRole.php(24): Illuminate\Pipeline\Pipeline->{closure:Illuminate\Pipeline\Pipeline::prepareDestination():168}(Object(Illuminate\Http\Request))
#13 /var/www/html/vendor/laravel/framework/src/Illuminate/Pipeline/Pipeline.php(209): App\Http\Middleware\RequireRole->handle(Object(Illuminate\Http\Request), Object(Closure), 'admin', 'publisher')
#14 /var/www/html/vendor/laravel/framework/src/Illuminate/Routing/Middleware/SubstituteBindings.php(51): Illuminate\Pipeline\Pipeline->{closure:{closure:Illuminate\Pipeline\Pipeline::carry():184}:185}(Object(Illuminate\Http\Request))
#15 /var/www/html/vendor/laravel/framework/src/Illuminate/Pipeline/Pipeline.php(209): Illuminate\Routing\Middleware\SubstituteBindings->handle(Object(Illuminate\Http\Request), Object(Closure))
#16 /var/www/html/vendor/laravel/framework/src/Illuminate/Auth/Middleware/Authenticate.php(64): Illuminate\Pipeline\Pipeline->{closure:{closure:Illuminate\Pipeline\Pipeline::carry():184}:185}(Object(Illuminate\Http\Request))
#17 /var/www/html/vendor/laravel/framework/src/Illuminate/Pipeline/Pipeline.php(209): Illuminate\Auth\Middleware\Authenticate->handle(Object(Illuminate\Http\Request), Object(Closure), 'api')
#18 /var/www/html/vendor/laravel/framework/src/Illuminate/Pipeline/Pipeline.php(127): Illuminate\Pipeline\Pipeline->{closure:{closure:Illuminate\Pipeline\Pipeline::carry():184}:185}(Object(Illuminate\Http\Request))
#19 /var/www/html/vendor/laravel/framework/src/Illuminate/Routing/Router.php(807): Illuminate\Pipeline\Pipeline->then(Object(Closure))
#20 /var/www/html/vendor/laravel/framework/src/Illuminate/Routing/Router.php(786): Illuminate\Routing\Router->runRouteWithinStack(Object(Illuminate\Routing\Route), Object(Illuminate\Http\Request))
#21 /var/www/html/vendor/laravel/framework/src/Illuminate/Routing/Router.php(750): Illuminate\Routing\Router->runRoute(Object(Illuminate\Http\Request), Object(Illuminate\Routing\Route))
#22 /var/www/html/vendor/laravel/framework/src/Illuminate/Routing/Router.php(739): Illuminate\Routing\Router->dispatchToRoute(Object(Illuminate\Http\Request))
#23 /var/www/html/vendor/laravel/framework/src/Illuminate/Foundation/Http/Kernel.php(201): Illuminate\Routing\Router->dispatch(Object(Illuminate\Http\Request))
#24 /var/www/html/vendor/laravel/framework/src/Illuminate/Pipeline/Pipeline.php(170): Illuminate\Foundation\Http\Kernel->{closure:Illuminate\Foundation\Http\Kernel::dispatchToRouter():198}(Object(Illuminate\Http\Request))
#25 /var/www/html/app/Http/Middleware/SetLocale.php(26): Illuminate\Pipeline\Pipeline->{closure:Illuminate\Pipeline\Pipeline::prepareDestination():168}(Object(Illuminate\Http\Request))
#26 /var/www/html/vendor/laravel/framework/src/Illuminate/Pipeline/Pipeline.php(209): App\Http\Middleware\SetLocale->handle(Object(Illuminate\Http\Request), Object(Closure))
#27 /var/www/html/vendor/laravel/framework/src/Illuminate/Foundation/Http/Middleware/TransformsRequest.php(21): Illuminate\Pipeline\Pipeline->{closure:{closure:Illuminate\Pipeline\Pipeline::carry():184}:185}(Object(Illuminate\Http\Request))
#28 /var/www/html/vendor/laravel/framework/src/Illuminate/Foundation/Http/Middleware/ConvertEmptyStringsToNull.php(31): Illuminate\Foundation\Http\Middleware\TransformsRequest->handle(Object(Illuminate\Http\Request), Object(Closure))
#29 /var/www/html/vendor/laravel/framework/src/Illuminate/Pipeline/Pipeline.php(209): Illuminate\Foundation\Http\Middleware\ConvertEmptyStringsToNull->handle(Object(Illuminate\Http\Request), Object(Closure))
#30 /var/www/html/vendor/laravel/framework/src/Illuminate/Foundation/Http/Middleware/TransformsRequest.php(21): Illuminate\Pipeline\Pipeline->{closure:{closure:Illuminate\Pipeline\Pipeline::carry():184}:185}(Object(Illuminate\Http\Request))
#31 /var/www/html/vendor/laravel/framework/src/Illuminate/Foundation/Http/Middleware/TrimStrings.php(51): Illuminate\Foundation\Http\Middleware\TransformsRequest->handle(Object(Illuminate\Http\Request), Object(Closure))
#32 /var/www/html/vendor/laravel/framework/src/Illuminate/Pipeline/Pipeline.php(209): Illuminate\Foundation\Http\Middleware\TrimStrings->handle(Object(Illuminate\Http\Request), Object(Closure))
#33 /var/www/html/vendor/laravel/framework/src/Illuminate/Http/Middleware/ValidatePostSize.php(27): Illuminate\Pipeline\Pipeline->{closure:{closure:Illuminate\Pipeline\Pipeline::carry():184}:185}(Object(Illuminate\Http\Request))
#34 /var/www/html/vendor/laravel/framework/src/Illuminate/Pipeline/Pipeline.php(209): Illuminate\Http\Middleware\ValidatePostSize->handle(Object(Illuminate\Http\Request), Object(Closure))
#35 /var/www/html/vendor/laravel/framework/src/Illuminate/Foundation/Http/Middleware/PreventRequestsDuringMaintenance.php(110): Illuminate\Pipeline\Pipeline->{closure:{closure:Illuminate\Pipeline\Pipeline::carry():184}:185}(Object(Illuminate\Http\Request))
#36 /var/www/html/vendor/laravel/framework/src/Illuminate/Pipeline/Pipeline.php(209): Illuminate\Foundation\Http\Middleware\PreventRequestsDuringMaintenance->handle(Object(Illuminate\Http\Request), Object(Closure))
#37 /var/www/html/vendor/laravel/framework/src/Illuminate/Http/Middleware/HandleCors.php(62): Illuminate\Pipeline\Pipeline->{closure:{closure:Illuminate\Pipeline\Pipeline::carry():184}:185}(Object(Illuminate\Http\Request))
#38 /var/www/html/vendor/laravel/framework/src/Illuminate/Pipeline/Pipeline.php(209): Illuminate\Http\Middleware\HandleCors->handle(Object(Illuminate\Http\Request), Object(Closure))
#39 /var/www/html/vendor/laravel/framework/src/Illuminate/Http/Middleware/TrustProxies.php(58): Illuminate\Pipeline\Pipeline->{closure:{closure:Illuminate\Pipeline\Pipeline::carry():184}:185}(Object(Illuminate\Http\Request))
#40 /var/www/html/vendor/laravel/framework/src/Illuminate/Pipeline/Pipeline.php(209): Illuminate\Http\Middleware\TrustProxies->handle(Object(Illuminate\Http\Request), Object(Closure))
#41 /var/www/html/vendor/laravel/framework/src/Illuminate/Foundation/Http/Middleware/InvokeDeferredCallbacks.php(22): Illuminate\Pipeline\Pipeline->{closure:{closure:Illuminate\Pipeline\Pipeline::carry():184}:185}(Object(Illuminate\Http\Request))
#42 /var/www/html/vendor/laravel/framework/src/Illuminate/Pipeline/Pipeline.php(209): Illuminate\Foundation\Http\Middleware\InvokeDeferredCallbacks->handle(Object(Illuminate\Http\Request), Object(Closure))
#43 /var/www/html/vendor/laravel/framework/src/Illuminate/Pipeline/Pipeline.php(127): Illuminate\Pipeline\Pipeline->{closure:{closure:Illuminate\Pipeline\Pipeline::carry():184}:185}(Object(Illuminate\Http\Request))
#44 /var/www/html/vendor/laravel/framework/src/Illuminate/Foundation/Http/Kernel.php(176): Illuminate\Pipeline\Pipeline->then(Object(Closure))
#45 /var/www/html/vendor/laravel/framework/src/Illuminate/Foundation/Http/Kernel.php(145): Illuminate\Foundation\Http\Kernel->sendRequestThroughRouter(Object(Illuminate\Http\Request))
#46 /var/www/html/vendor/laravel/framework/src/Illuminate/Foundation/Testing/Concerns/MakesHttpRequests.php(607): Illuminate\Foundation\Http\Kernel->handle(Object(Illuminate\Http\Request))
#47 /var/www/html/vendor/laravel/framework/src/Illuminate/Foundation/Testing/Concerns/MakesHttpRequests.php(573): Illuminate\Foundation\Testing\TestCase->call('POST', '/api/posts', Array, Array, Array, Array, '{"title":"Draft...')
#48 /var/www/html/vendor/laravel/framework/src/Illuminate/Foundation/Testing/Concerns/MakesHttpRequests.php(411): Illuminate\Foundation\Testing\TestCase->json('POST', '/api/posts', Array, Array, 0)
#49 /var/www/html/tests/Feature/PostTest.php(117): Illuminate\Foundation\Testing\TestCase->postJson('/api/posts', Array)
#50 /var/www/html/vendor/pestphp/pest/src/Factories/TestCaseMethodFactory.php(171): P\Tests\Feature\PostTest->{closure:{closure:/var/www/html/tests/Feature/PostTest.php:77}:114}()
#51 [internal function]: P\Tests\Feature\PostTest->{closure:Pest\Factories\TestCaseMethodFactory::getClosure():161}()
#52 /var/www/html/vendor/pestphp/pest/src/Concerns/Testable.php(419): call_user_func_array(Object(Closure), Array)
#53 /var/www/html/vendor/pestphp/pest/src/Support/ExceptionTrace.php(26): P\Tests\Feature\PostTest->{closure:Pest\Concerns\Testable::__callClosure():419}()
#54 /var/www/html/vendor/pestphp/pest/src/Concerns/Testable.php(419): Pest\Support\ExceptionTrace::ensure(Object(Closure))
#55 /var/www/html/vendor/pestphp/pest/src/Concerns/Testable.php(321): P\Tests\Feature\PostTest->__callClosure(Object(Closure), Array)
#56 /var/www/html/vendor/pestphp/pest/src/Factories/TestCaseFactory.php(170) : eval()'d code(125): P\Tests\Feature\PostTest->__runTest(Object(Closure))
#57 /var/www/html/vendor/phpunit/phpunit/src/Framework/TestCase.php(1667): P\Tests\Feature\PostTest->__pest_evaluable__POST__api_posts__→_it_creates_a_draft_when_published__at_is_null()
#58 /var/www/html/vendor/phpunit/phpunit/src/Framework/TestCase.php(519): PHPUnit\Framework\TestCase->runTest()
#59 /var/www/html/vendor/phpunit/phpunit/src/Framework/TestRunner/TestRunner.php(87): PHPUnit\Framework\TestCase->runBare()
#60 /var/www/html/vendor/phpunit/phpunit/src/Framework/TestCase.php(365): PHPUnit\Framework\TestRunner->run(Object(P\Tests\Feature\PostTest))
#61 /var/www/html/vendor/phpunit/phpunit/src/Framework/TestSuite.php(369): PHPUnit\Framework\TestCase->run()
#62 /var/www/html/vendor/phpunit/phpunit/src/Framework/TestSuite.php(369): PHPUnit\Framework\TestSuite->run()
#63 /var/www/html/vendor/phpunit/phpunit/src/Framework/TestSuite.php(369): PHPUnit\Framework\TestSuite->run()
#64 /var/www/html/vendor/phpunit/phpunit/src/TextUI/TestRunner.php(64): PHPUnit\Framework\TestSuite->run()
#65 /var/www/html/vendor/phpunit/phpunit/src/TextUI/Application.php(211): PHPUnit\TextUI\TestRunner->run(Object(PHPUnit\TextUI\Configuration\Configuration), Object(PHPUnit\Runner\ResultCache\DefaultResultCache), Object(PHPUnit\Framework\TestSuite))
#66 /var/www/html/vendor/pestphp/pest/src/Kernel.php(103): PHPUnit\TextUI\Application->run(Array)
#67 /var/www/html/vendor/pestphp/pest/bin/pest(184): Pest\Kernel->handle(Array, Array)
#68 /var/www/html/vendor/pestphp/pest/bin/pest(192): {closure:/var/www/html/vendor/pestphp/pest/bin/pest:18}()
#69 {main}

----------------------------------------------------------------------------------

Cannot translate attribute `content` as it's not one of the translatable attributes: `title, intro`

  at tests/Feature/PostTest.php:118
    114▕     it('creates a draft when published_at is null', function () {
    115▕         $this->actingAsAdmin();
    116▕ 
    117▕         $this->postJson('/api/posts', ['title' => 'Draft Post'])
  ➜ 118▕             ->assertCreated()
    119▕             ->assertJsonPath('data.published_at', null);
    120▕     });
    121▕ 
    122▕     it('creates a post with tags', function () {

  ────────────────────────────────────────────────────────────────────────────  
   FAILED  Tests\Feature\PostTest > `POST /api/posts` → it creates a post wi…   
  Expected response status code [201] but received 500.
Failed asserting that 500 is identical to 201.

The following exception occurred during the last request:

Spatie\Translatable\Exceptions\AttributeIsNotTranslatable: Cannot translate attribute `content` as it's not one of the translatable attributes: `title, intro` in /var/www/html/vendor/spatie/laravel-translatable/src/Exceptions/AttributeIsNotTranslatable.php:13
Stack trace:
#0 /var/www/html/vendor/spatie/laravel-translatable/src/HasTranslations.php(283): Spatie\Translatable\Exceptions\AttributeIsNotTranslatable::make('content', Object(App\Models\Post))
#1 /var/www/html/vendor/spatie/laravel-translatable/src/HasTranslations.php(136): App\Models\Post->guardAgainstNonTranslatableAttribute('content')
#2 /var/www/html/vendor/laravel/framework/src/Illuminate/Support/Traits/ForwardsCalls.php(23): App\Models\Post->getTranslations('content')
#3 /var/www/html/vendor/laravel/framework/src/Illuminate/Http/Resources/DelegatesToResource.php(155): Illuminate\Http\Resources\Json\JsonResource->forwardCallTo(Object(App\Models\Post), 'getTranslations', Array)
#4 /var/www/html/app/Http/Resources/PostResource.php(25): Illuminate\Http\Resources\Json\JsonResource->__call('getTranslations', Array)
#5 /var/www/html/vendor/laravel/framework/src/Illuminate/Http/Resources/Json/JsonResource.php(108): App\Http\Resources\PostResource->toArray(Object(Illuminate\Http\Request))
#6 /var/www/html/vendor/laravel/framework/src/Illuminate/Http/Resources/Json/ResourceResponse.php(39): Illuminate\Http\Resources\Json\JsonResource->resolve(Object(Illuminate\Http\Request))
#7 /var/www/html/vendor/laravel/framework/src/Illuminate/Http/Resources/Json/JsonResource.php(245): Illuminate\Http\Resources\Json\ResourceResponse->toResponse(Object(Illuminate\Http\Request))
#8 /var/www/html/vendor/laravel/framework/src/Illuminate/Routing/Router.php(902): Illuminate\Http\Resources\Json\JsonResource->toResponse(Object(Illuminate\Http\Request))
#9 /var/www/html/vendor/laravel/framework/src/Illuminate/Routing/Router.php(887): Illuminate\Routing\Router::toResponse(Object(Illuminate\Http\Request), Object(App\Http\Resources\PostResource))
#10 /var/www/html/vendor/laravel/framework/src/Illuminate/Routing/Router.php(807): Illuminate\Routing\Router->prepareResponse(Object(Illuminate\Http\Request), Object(App\Http\Resources\PostResource))
#11 /var/www/html/vendor/laravel/framework/src/Illuminate/Pipeline/Pipeline.php(170): Illuminate\Routing\Router->{closure:Illuminate\Routing\Router::runRouteWithinStack():807}(Object(Illuminate\Http\Request))
#12 /var/www/html/app/Http/Middleware/RequireRole.php(24): Illuminate\Pipeline\Pipeline->{closure:Illuminate\Pipeline\Pipeline::prepareDestination():168}(Object(Illuminate\Http\Request))
#13 /var/www/html/vendor/laravel/framework/src/Illuminate/Pipeline/Pipeline.php(209): App\Http\Middleware\RequireRole->handle(Object(Illuminate\Http\Request), Object(Closure), 'admin', 'publisher')
#14 /var/www/html/vendor/laravel/framework/src/Illuminate/Routing/Middleware/SubstituteBindings.php(51): Illuminate\Pipeline\Pipeline->{closure:{closure:Illuminate\Pipeline\Pipeline::carry():184}:185}(Object(Illuminate\Http\Request))
#15 /var/www/html/vendor/laravel/framework/src/Illuminate/Pipeline/Pipeline.php(209): Illuminate\Routing\Middleware\SubstituteBindings->handle(Object(Illuminate\Http\Request), Object(Closure))
#16 /var/www/html/vendor/laravel/framework/src/Illuminate/Auth/Middleware/Authenticate.php(64): Illuminate\Pipeline\Pipeline->{closure:{closure:Illuminate\Pipeline\Pipeline::carry():184}:185}(Object(Illuminate\Http\Request))
#17 /var/www/html/vendor/laravel/framework/src/Illuminate/Pipeline/Pipeline.php(209): Illuminate\Auth\Middleware\Authenticate->handle(Object(Illuminate\Http\Request), Object(Closure), 'api')
#18 /var/www/html/vendor/laravel/framework/src/Illuminate/Pipeline/Pipeline.php(127): Illuminate\Pipeline\Pipeline->{closure:{closure:Illuminate\Pipeline\Pipeline::carry():184}:185}(Object(Illuminate\Http\Request))
#19 /var/www/html/vendor/laravel/framework/src/Illuminate/Routing/Router.php(807): Illuminate\Pipeline\Pipeline->then(Object(Closure))
#20 /var/www/html/vendor/laravel/framework/src/Illuminate/Routing/Router.php(786): Illuminate\Routing\Router->runRouteWithinStack(Object(Illuminate\Routing\Route), Object(Illuminate\Http\Request))
#21 /var/www/html/vendor/laravel/framework/src/Illuminate/Routing/Router.php(750): Illuminate\Routing\Router->runRoute(Object(Illuminate\Http\Request), Object(Illuminate\Routing\Route))
#22 /var/www/html/vendor/laravel/framework/src/Illuminate/Routing/Router.php(739): Illuminate\Routing\Router->dispatchToRoute(Object(Illuminate\Http\Request))
#23 /var/www/html/vendor/laravel/framework/src/Illuminate/Foundation/Http/Kernel.php(201): Illuminate\Routing\Router->dispatch(Object(Illuminate\Http\Request))
#24 /var/www/html/vendor/laravel/framework/src/Illuminate/Pipeline/Pipeline.php(170): Illuminate\Foundation\Http\Kernel->{closure:Illuminate\Foundation\Http\Kernel::dispatchToRouter():198}(Object(Illuminate\Http\Request))
#25 /var/www/html/app/Http/Middleware/SetLocale.php(26): Illuminate\Pipeline\Pipeline->{closure:Illuminate\Pipeline\Pipeline::prepareDestination():168}(Object(Illuminate\Http\Request))
#26 /var/www/html/vendor/laravel/framework/src/Illuminate/Pipeline/Pipeline.php(209): App\Http\Middleware\SetLocale->handle(Object(Illuminate\Http\Request), Object(Closure))
#27 /var/www/html/vendor/laravel/framework/src/Illuminate/Foundation/Http/Middleware/TransformsRequest.php(21): Illuminate\Pipeline\Pipeline->{closure:{closure:Illuminate\Pipeline\Pipeline::carry():184}:185}(Object(Illuminate\Http\Request))
#28 /var/www/html/vendor/laravel/framework/src/Illuminate/Foundation/Http/Middleware/ConvertEmptyStringsToNull.php(31): Illuminate\Foundation\Http\Middleware\TransformsRequest->handle(Object(Illuminate\Http\Request), Object(Closure))
#29 /var/www/html/vendor/laravel/framework/src/Illuminate/Pipeline/Pipeline.php(209): Illuminate\Foundation\Http\Middleware\ConvertEmptyStringsToNull->handle(Object(Illuminate\Http\Request), Object(Closure))
#30 /var/www/html/vendor/laravel/framework/src/Illuminate/Foundation/Http/Middleware/TransformsRequest.php(21): Illuminate\Pipeline\Pipeline->{closure:{closure:Illuminate\Pipeline\Pipeline::carry():184}:185}(Object(Illuminate\Http\Request))
#31 /var/www/html/vendor/laravel/framework/src/Illuminate/Foundation/Http/Middleware/TrimStrings.php(51): Illuminate\Foundation\Http\Middleware\TransformsRequest->handle(Object(Illuminate\Http\Request), Object(Closure))
#32 /var/www/html/vendor/laravel/framework/src/Illuminate/Pipeline/Pipeline.php(209): Illuminate\Foundation\Http\Middleware\TrimStrings->handle(Object(Illuminate\Http\Request), Object(Closure))
#33 /var/www/html/vendor/laravel/framework/src/Illuminate/Http/Middleware/ValidatePostSize.php(27): Illuminate\Pipeline\Pipeline->{closure:{closure:Illuminate\Pipeline\Pipeline::carry():184}:185}(Object(Illuminate\Http\Request))
#34 /var/www/html/vendor/laravel/framework/src/Illuminate/Pipeline/Pipeline.php(209): Illuminate\Http\Middleware\ValidatePostSize->handle(Object(Illuminate\Http\Request), Object(Closure))
#35 /var/www/html/vendor/laravel/framework/src/Illuminate/Foundation/Http/Middleware/PreventRequestsDuringMaintenance.php(110): Illuminate\Pipeline\Pipeline->{closure:{closure:Illuminate\Pipeline\Pipeline::carry():184}:185}(Object(Illuminate\Http\Request))
#36 /var/www/html/vendor/laravel/framework/src/Illuminate/Pipeline/Pipeline.php(209): Illuminate\Foundation\Http\Middleware\PreventRequestsDuringMaintenance->handle(Object(Illuminate\Http\Request), Object(Closure))
#37 /var/www/html/vendor/laravel/framework/src/Illuminate/Http/Middleware/HandleCors.php(62): Illuminate\Pipeline\Pipeline->{closure:{closure:Illuminate\Pipeline\Pipeline::carry():184}:185}(Object(Illuminate\Http\Request))
#38 /var/www/html/vendor/laravel/framework/src/Illuminate/Pipeline/Pipeline.php(209): Illuminate\Http\Middleware\HandleCors->handle(Object(Illuminate\Http\Request), Object(Closure))
#39 /var/www/html/vendor/laravel/framework/src/Illuminate/Http/Middleware/TrustProxies.php(58): Illuminate\Pipeline\Pipeline->{closure:{closure:Illuminate\Pipeline\Pipeline::carry():184}:185}(Object(Illuminate\Http\Request))
#40 /var/www/html/vendor/laravel/framework/src/Illuminate/Pipeline/Pipeline.php(209): Illuminate\Http\Middleware\TrustProxies->handle(Object(Illuminate\Http\Request), Object(Closure))
#41 /var/www/html/vendor/laravel/framework/src/Illuminate/Foundation/Http/Middleware/InvokeDeferredCallbacks.php(22): Illuminate\Pipeline\Pipeline->{closure:{closure:Illuminate\Pipeline\Pipeline::carry():184}:185}(Object(Illuminate\Http\Request))
#42 /var/www/html/vendor/laravel/framework/src/Illuminate/Pipeline/Pipeline.php(209): Illuminate\Foundation\Http\Middleware\InvokeDeferredCallbacks->handle(Object(Illuminate\Http\Request), Object(Closure))
#43 /var/www/html/vendor/laravel/framework/src/Illuminate/Pipeline/Pipeline.php(127): Illuminate\Pipeline\Pipeline->{closure:{closure:Illuminate\Pipeline\Pipeline::carry():184}:185}(Object(Illuminate\Http\Request))
#44 /var/www/html/vendor/laravel/framework/src/Illuminate/Foundation/Http/Kernel.php(176): Illuminate\Pipeline\Pipeline->then(Object(Closure))
#45 /var/www/html/vendor/laravel/framework/src/Illuminate/Foundation/Http/Kernel.php(145): Illuminate\Foundation\Http\Kernel->sendRequestThroughRouter(Object(Illuminate\Http\Request))
#46 /var/www/html/vendor/laravel/framework/src/Illuminate/Foundation/Testing/Concerns/MakesHttpRequests.php(607): Illuminate\Foundation\Http\Kernel->handle(Object(Illuminate\Http\Request))
#47 /var/www/html/vendor/laravel/framework/src/Illuminate/Foundation/Testing/Concerns/MakesHttpRequests.php(573): Illuminate\Foundation\Testing\TestCase->call('POST', '/api/posts', Array, Array, Array, Array, '{"title":"Tagge...')
#48 /var/www/html/vendor/laravel/framework/src/Illuminate/Foundation/Testing/Concerns/MakesHttpRequests.php(411): Illuminate\Foundation\Testing\TestCase->json('POST', '/api/posts', Array, Array, 0)
#49 /var/www/html/tests/Feature/PostTest.php(126): Illuminate\Foundation\Testing\TestCase->postJson('/api/posts', Array)
#50 /var/www/html/vendor/pestphp/pest/src/Factories/TestCaseMethodFactory.php(171): P\Tests\Feature\PostTest->{closure:{closure:/var/www/html/tests/Feature/PostTest.php:77}:122}()
#51 [internal function]: P\Tests\Feature\PostTest->{closure:Pest\Factories\TestCaseMethodFactory::getClosure():161}()
#52 /var/www/html/vendor/pestphp/pest/src/Concerns/Testable.php(419): call_user_func_array(Object(Closure), Array)
#53 /var/www/html/vendor/pestphp/pest/src/Support/ExceptionTrace.php(26): P\Tests\Feature\PostTest->{closure:Pest\Concerns\Testable::__callClosure():419}()
#54 /var/www/html/vendor/pestphp/pest/src/Concerns/Testable.php(419): Pest\Support\ExceptionTrace::ensure(Object(Closure))
#55 /var/www/html/vendor/pestphp/pest/src/Concerns/Testable.php(321): P\Tests\Feature\PostTest->__callClosure(Object(Closure), Array)
#56 /var/www/html/vendor/pestphp/pest/src/Factories/TestCaseFactory.php(170) : eval()'d code(134): P\Tests\Feature\PostTest->__runTest(Object(Closure))
#57 /var/www/html/vendor/phpunit/phpunit/src/Framework/TestCase.php(1667): P\Tests\Feature\PostTest->__pest_evaluable__POST__api_posts__→_it_creates_a_post_with_tags()
#58 /var/www/html/vendor/phpunit/phpunit/src/Framework/TestCase.php(519): PHPUnit\Framework\TestCase->runTest()
#59 /var/www/html/vendor/phpunit/phpunit/src/Framework/TestRunner/TestRunner.php(87): PHPUnit\Framework\TestCase->runBare()
#60 /var/www/html/vendor/phpunit/phpunit/src/Framework/TestCase.php(365): PHPUnit\Framework\TestRunner->run(Object(P\Tests\Feature\PostTest))
#61 /var/www/html/vendor/phpunit/phpunit/src/Framework/TestSuite.php(369): PHPUnit\Framework\TestCase->run()
#62 /var/www/html/vendor/phpunit/phpunit/src/Framework/TestSuite.php(369): PHPUnit\Framework\TestSuite->run()
#63 /var/www/html/vendor/phpunit/phpunit/src/Framework/TestSuite.php(369): PHPUnit\Framework\TestSuite->run()
#64 /var/www/html/vendor/phpunit/phpunit/src/TextUI/TestRunner.php(64): PHPUnit\Framework\TestSuite->run()
#65 /var/www/html/vendor/phpunit/phpunit/src/TextUI/Application.php(211): PHPUnit\TextUI\TestRunner->run(Object(PHPUnit\TextUI\Configuration\Configuration), Object(PHPUnit\Runner\ResultCache\DefaultResultCache), Object(PHPUnit\Framework\TestSuite))
#66 /var/www/html/vendor/pestphp/pest/src/Kernel.php(103): PHPUnit\TextUI\Application->run(Array)
#67 /var/www/html/vendor/pestphp/pest/bin/pest(184): Pest\Kernel->handle(Array, Array)
#68 /var/www/html/vendor/pestphp/pest/bin/pest(192): {closure:/var/www/html/vendor/pestphp/pest/bin/pest:18}()
#69 {main}

----------------------------------------------------------------------------------

Cannot translate attribute `content` as it's not one of the translatable attributes: `title, intro`

  at tests/Feature/PostTest.php:127
    123▕         $this->actingAsAdmin();
    124▕         $tag = Tag::factory()->create(['name' => 'Live', 'slug_en' => 'live']);
    125▕ 
    126▕         $this->postJson('/api/posts', ['title' => 'Tagged Post', 'tag_ids' => [$tag->id]])
  ➜ 127▕             ->assertCreated()
    128▕             ->assertJsonPath('data.tags.0.name', 'Live');
    129▕     });
    130▕ 
    131▕     it('creates a post with links', function () {

  ────────────────────────────────────────────────────────────────────────────  
   FAILED  Tests\Feature\PostTest > `POST /api/posts` → it creates a post wi…   
  Expected response status code [201] but received 500.
Failed asserting that 500 is identical to 201.

The following exception occurred during the last request:

BadMethodCallException: Call to undefined method App\Models\Post::links() in /var/www/html/vendor/laravel/framework/src/Illuminate/Support/Traits/ForwardsCalls.php:67
Stack trace:
#0 /var/www/html/vendor/laravel/framework/src/Illuminate/Support/Traits/ForwardsCalls.php(36): Illuminate\Database\Eloquent\Model::throwBadMethodCallException('links')
#1 /var/www/html/vendor/laravel/framework/src/Illuminate/Database/Eloquent/Model.php(2372): Illuminate\Database\Eloquent\Model->forwardCallTo(Object(Illuminate\Database\Eloquent\Builder), 'links', Array)
#2 /var/www/html/app/Http/Controllers/PostController.php(101): Illuminate\Database\Eloquent\Model->__call('links', Array)
#3 /var/www/html/vendor/laravel/framework/src/Illuminate/Routing/ControllerDispatcher.php(47): App\Http\Controllers\PostController->store(Object(Illuminate\Http\Request))
#4 /var/www/html/vendor/laravel/framework/src/Illuminate/Routing/Route.php(266): Illuminate\Routing\ControllerDispatcher->dispatch(Object(Illuminate\Routing\Route), Object(App\Http\Controllers\PostController), 'store')
#5 /var/www/html/vendor/laravel/framework/src/Illuminate/Routing/Route.php(212): Illuminate\Routing\Route->runController()
#6 /var/www/html/vendor/laravel/framework/src/Illuminate/Routing/Router.php(808): Illuminate\Routing\Route->run()
#7 /var/www/html/vendor/laravel/framework/src/Illuminate/Pipeline/Pipeline.php(170): Illuminate\Routing\Router->{closure:Illuminate\Routing\Router::runRouteWithinStack():807}(Object(Illuminate\Http\Request))
#8 /var/www/html/app/Http/Middleware/RequireRole.php(24): Illuminate\Pipeline\Pipeline->{closure:Illuminate\Pipeline\Pipeline::prepareDestination():168}(Object(Illuminate\Http\Request))
#9 /var/www/html/vendor/laravel/framework/src/Illuminate/Pipeline/Pipeline.php(209): App\Http\Middleware\RequireRole->handle(Object(Illuminate\Http\Request), Object(Closure), 'admin', 'publisher')
#10 /var/www/html/vendor/laravel/framework/src/Illuminate/Routing/Middleware/SubstituteBindings.php(51): Illuminate\Pipeline\Pipeline->{closure:{closure:Illuminate\Pipeline\Pipeline::carry():184}:185}(Object(Illuminate\Http\Request))
#11 /var/www/html/vendor/laravel/framework/src/Illuminate/Pipeline/Pipeline.php(209): Illuminate\Routing\Middleware\SubstituteBindings->handle(Object(Illuminate\Http\Request), Object(Closure))
#12 /var/www/html/vendor/laravel/framework/src/Illuminate/Auth/Middleware/Authenticate.php(64): Illuminate\Pipeline\Pipeline->{closure:{closure:Illuminate\Pipeline\Pipeline::carry():184}:185}(Object(Illuminate\Http\Request))
#13 /var/www/html/vendor/laravel/framework/src/Illuminate/Pipeline/Pipeline.php(209): Illuminate\Auth\Middleware\Authenticate->handle(Object(Illuminate\Http\Request), Object(Closure), 'api')
#14 /var/www/html/vendor/laravel/framework/src/Illuminate/Pipeline/Pipeline.php(127): Illuminate\Pipeline\Pipeline->{closure:{closure:Illuminate\Pipeline\Pipeline::carry():184}:185}(Object(Illuminate\Http\Request))
#15 /var/www/html/vendor/laravel/framework/src/Illuminate/Routing/Router.php(807): Illuminate\Pipeline\Pipeline->then(Object(Closure))
#16 /var/www/html/vendor/laravel/framework/src/Illuminate/Routing/Router.php(786): Illuminate\Routing\Router->runRouteWithinStack(Object(Illuminate\Routing\Route), Object(Illuminate\Http\Request))
#17 /var/www/html/vendor/laravel/framework/src/Illuminate/Routing/Router.php(750): Illuminate\Routing\Router->runRoute(Object(Illuminate\Http\Request), Object(Illuminate\Routing\Route))
#18 /var/www/html/vendor/laravel/framework/src/Illuminate/Routing/Router.php(739): Illuminate\Routing\Router->dispatchToRoute(Object(Illuminate\Http\Request))
#19 /var/www/html/vendor/laravel/framework/src/Illuminate/Foundation/Http/Kernel.php(201): Illuminate\Routing\Router->dispatch(Object(Illuminate\Http\Request))
#20 /var/www/html/vendor/laravel/framework/src/Illuminate/Pipeline/Pipeline.php(170): Illuminate\Foundation\Http\Kernel->{closure:Illuminate\Foundation\Http\Kernel::dispatchToRouter():198}(Object(Illuminate\Http\Request))
#21 /var/www/html/app/Http/Middleware/SetLocale.php(26): Illuminate\Pipeline\Pipeline->{closure:Illuminate\Pipeline\Pipeline::prepareDestination():168}(Object(Illuminate\Http\Request))
#22 /var/www/html/vendor/laravel/framework/src/Illuminate/Pipeline/Pipeline.php(209): App\Http\Middleware\SetLocale->handle(Object(Illuminate\Http\Request), Object(Closure))
#23 /var/www/html/vendor/laravel/framework/src/Illuminate/Foundation/Http/Middleware/TransformsRequest.php(21): Illuminate\Pipeline\Pipeline->{closure:{closure:Illuminate\Pipeline\Pipeline::carry():184}:185}(Object(Illuminate\Http\Request))
#24 /var/www/html/vendor/laravel/framework/src/Illuminate/Foundation/Http/Middleware/ConvertEmptyStringsToNull.php(31): Illuminate\Foundation\Http\Middleware\TransformsRequest->handle(Object(Illuminate\Http\Request), Object(Closure))
#25 /var/www/html/vendor/laravel/framework/src/Illuminate/Pipeline/Pipeline.php(209): Illuminate\Foundation\Http\Middleware\ConvertEmptyStringsToNull->handle(Object(Illuminate\Http\Request), Object(Closure))
#26 /var/www/html/vendor/laravel/framework/src/Illuminate/Foundation/Http/Middleware/TransformsRequest.php(21): Illuminate\Pipeline\Pipeline->{closure:{closure:Illuminate\Pipeline\Pipeline::carry():184}:185}(Object(Illuminate\Http\Request))
#27 /var/www/html/vendor/laravel/framework/src/Illuminate/Foundation/Http/Middleware/TrimStrings.php(51): Illuminate\Foundation\Http\Middleware\TransformsRequest->handle(Object(Illuminate\Http\Request), Object(Closure))
#28 /var/www/html/vendor/laravel/framework/src/Illuminate/Pipeline/Pipeline.php(209): Illuminate\Foundation\Http\Middleware\TrimStrings->handle(Object(Illuminate\Http\Request), Object(Closure))
#29 /var/www/html/vendor/laravel/framework/src/Illuminate/Http/Middleware/ValidatePostSize.php(27): Illuminate\Pipeline\Pipeline->{closure:{closure:Illuminate\Pipeline\Pipeline::carry():184}:185}(Object(Illuminate\Http\Request))
#30 /var/www/html/vendor/laravel/framework/src/Illuminate/Pipeline/Pipeline.php(209): Illuminate\Http\Middleware\ValidatePostSize->handle(Object(Illuminate\Http\Request), Object(Closure))
#31 /var/www/html/vendor/laravel/framework/src/Illuminate/Foundation/Http/Middleware/PreventRequestsDuringMaintenance.php(110): Illuminate\Pipeline\Pipeline->{closure:{closure:Illuminate\Pipeline\Pipeline::carry():184}:185}(Object(Illuminate\Http\Request))
#32 /var/www/html/vendor/laravel/framework/src/Illuminate/Pipeline/Pipeline.php(209): Illuminate\Foundation\Http\Middleware\PreventRequestsDuringMaintenance->handle(Object(Illuminate\Http\Request), Object(Closure))
#33 /var/www/html/vendor/laravel/framework/src/Illuminate/Http/Middleware/HandleCors.php(62): Illuminate\Pipeline\Pipeline->{closure:{closure:Illuminate\Pipeline\Pipeline::carry():184}:185}(Object(Illuminate\Http\Request))
#34 /var/www/html/vendor/laravel/framework/src/Illuminate/Pipeline/Pipeline.php(209): Illuminate\Http\Middleware\HandleCors->handle(Object(Illuminate\Http\Request), Object(Closure))
#35 /var/www/html/vendor/laravel/framework/src/Illuminate/Http/Middleware/TrustProxies.php(58): Illuminate\Pipeline\Pipeline->{closure:{closure:Illuminate\Pipeline\Pipeline::carry():184}:185}(Object(Illuminate\Http\Request))
#36 /var/www/html/vendor/laravel/framework/src/Illuminate/Pipeline/Pipeline.php(209): Illuminate\Http\Middleware\TrustProxies->handle(Object(Illuminate\Http\Request), Object(Closure))
#37 /var/www/html/vendor/laravel/framework/src/Illuminate/Foundation/Http/Middleware/InvokeDeferredCallbacks.php(22): Illuminate\Pipeline\Pipeline->{closure:{closure:Illuminate\Pipeline\Pipeline::carry():184}:185}(Object(Illuminate\Http\Request))
#38 /var/www/html/vendor/laravel/framework/src/Illuminate/Pipeline/Pipeline.php(209): Illuminate\Foundation\Http\Middleware\InvokeDeferredCallbacks->handle(Object(Illuminate\Http\Request), Object(Closure))
#39 /var/www/html/vendor/laravel/framework/src/Illuminate/Pipeline/Pipeline.php(127): Illuminate\Pipeline\Pipeline->{closure:{closure:Illuminate\Pipeline\Pipeline::carry():184}:185}(Object(Illuminate\Http\Request))
#40 /var/www/html/vendor/laravel/framework/src/Illuminate/Foundation/Http/Kernel.php(176): Illuminate\Pipeline\Pipeline->then(Object(Closure))
#41 /var/www/html/vendor/laravel/framework/src/Illuminate/Foundation/Http/Kernel.php(145): Illuminate\Foundation\Http\Kernel->sendRequestThroughRouter(Object(Illuminate\Http\Request))
#42 /var/www/html/vendor/laravel/framework/src/Illuminate/Foundation/Testing/Concerns/MakesHttpRequests.php(607): Illuminate\Foundation\Http\Kernel->handle(Object(Illuminate\Http\Request))
#43 /var/www/html/vendor/laravel/framework/src/Illuminate/Foundation/Testing/Concerns/MakesHttpRequests.php(573): Illuminate\Foundation\Testing\TestCase->call('POST', '/api/posts', Array, Array, Array, Array, '{"title":"Post ...')
#44 /var/www/html/vendor/laravel/framework/src/Illuminate/Foundation/Testing/Concerns/MakesHttpRequests.php(411): Illuminate\Foundation\Testing\TestCase->json('POST', '/api/posts', Array, Array, 0)
#45 /var/www/html/tests/Feature/PostTest.php(134): Illuminate\Foundation\Testing\TestCase->postJson('/api/posts', Array)
#46 /var/www/html/vendor/pestphp/pest/src/Factories/TestCaseMethodFactory.php(171): P\Tests\Feature\PostTest->{closure:{closure:/var/www/html/tests/Feature/PostTest.php:77}:131}()
#47 [internal function]: P\Tests\Feature\PostTest->{closure:Pest\Factories\TestCaseMethodFactory::getClosure():161}()
#48 /var/www/html/vendor/pestphp/pest/src/Concerns/Testable.php(419): call_user_func_array(Object(Closure), Array)
#49 /var/www/html/vendor/pestphp/pest/src/Support/ExceptionTrace.php(26): P\Tests\Feature\PostTest->{closure:Pest\Concerns\Testable::__callClosure():419}()
#50 /var/www/html/vendor/pestphp/pest/src/Concerns/Testable.php(419): Pest\Support\ExceptionTrace::ensure(Object(Closure))
#51 /var/www/html/vendor/pestphp/pest/src/Concerns/Testable.php(321): P\Tests\Feature\PostTest->__callClosure(Object(Closure), Array)
#52 /var/www/html/vendor/pestphp/pest/src/Factories/TestCaseFactory.php(170) : eval()'d code(143): P\Tests\Feature\PostTest->__runTest(Object(Closure))
#53 /var/www/html/vendor/phpunit/phpunit/src/Framework/TestCase.php(1667): P\Tests\Feature\PostTest->__pest_evaluable__POST__api_posts__→_it_creates_a_post_with_links()
#54 /var/www/html/vendor/phpunit/phpunit/src/Framework/TestCase.php(519): PHPUnit\Framework\TestCase->runTest()
#55 /var/www/html/vendor/phpunit/phpunit/src/Framework/TestRunner/TestRunner.php(87): PHPUnit\Framework\TestCase->runBare()
#56 /var/www/html/vendor/phpunit/phpunit/src/Framework/TestCase.php(365): PHPUnit\Framework\TestRunner->run(Object(P\Tests\Feature\PostTest))
#57 /var/www/html/vendor/phpunit/phpunit/src/Framework/TestSuite.php(369): PHPUnit\Framework\TestCase->run()
#58 /var/www/html/vendor/phpunit/phpunit/src/Framework/TestSuite.php(369): PHPUnit\Framework\TestSuite->run()
#59 /var/www/html/vendor/phpunit/phpunit/src/Framework/TestSuite.php(369): PHPUnit\Framework\TestSuite->run()
#60 /var/www/html/vendor/phpunit/phpunit/src/TextUI/TestRunner.php(64): PHPUnit\Framework\TestSuite->run()
#61 /var/www/html/vendor/phpunit/phpunit/src/TextUI/Application.php(211): PHPUnit\TextUI\TestRunner->run(Object(PHPUnit\TextUI\Configuration\Configuration), Object(PHPUnit\Runner\ResultCache\DefaultResultCache), Object(PHPUnit\Framework\TestSuite))
#62 /var/www/html/vendor/pestphp/pest/src/Kernel.php(103): PHPUnit\TextUI\Application->run(Array)
#63 /var/www/html/vendor/pestphp/pest/bin/pest(184): Pest\Kernel->handle(Array, Array)
#64 /var/www/html/vendor/pestphp/pest/bin/pest(192): {closure:/var/www/html/vendor/pestphp/pest/bin/pest:18}()
#65 {main}

----------------------------------------------------------------------------------

Call to undefined method App\Models\Post::links()

  at tests/Feature/PostTest.php:140
    136▕             'links' => [
    137▕                 ['type' => 'youtube', 'url' => 'https://youtube.com/watch?v=abc123'],
    138▕                 ['type' => 'normal',  'url' => 'https://example.com', 'label' => 'Website'],
    139▕             ],
  ➜ 140▕         ])->assertCreated()
    141▕           ->assertJsonPath('data.links.0.type', 'youtube');
    142▕     });
    143▕ 
    144▕     it('validates title is required', function () {

  ────────────────────────────────────────────────────────────────────────────  
   FAILED  Tests\Feature\PostTest > `POST /api/posts` → it accepts all known…   
  Expected response status code [201] but received 500.
Failed asserting that 500 is identical to 201.

The following exception occurred during the last request:

BadMethodCallException: Call to undefined method App\Models\Post::links() in /var/www/html/vendor/laravel/framework/src/Illuminate/Support/Traits/ForwardsCalls.php:67
Stack trace:
#0 /var/www/html/vendor/laravel/framework/src/Illuminate/Support/Traits/ForwardsCalls.php(36): Illuminate\Database\Eloquent\Model::throwBadMethodCallException('links')
#1 /var/www/html/vendor/laravel/framework/src/Illuminate/Database/Eloquent/Model.php(2372): Illuminate\Database\Eloquent\Model->forwardCallTo(Object(Illuminate\Database\Eloquent\Builder), 'links', Array)
#2 /var/www/html/app/Http/Controllers/PostController.php(101): Illuminate\Database\Eloquent\Model->__call('links', Array)
#3 /var/www/html/vendor/laravel/framework/src/Illuminate/Routing/ControllerDispatcher.php(47): App\Http\Controllers\PostController->store(Object(Illuminate\Http\Request))
#4 /var/www/html/vendor/laravel/framework/src/Illuminate/Routing/Route.php(266): Illuminate\Routing\ControllerDispatcher->dispatch(Object(Illuminate\Routing\Route), Object(App\Http\Controllers\PostController), 'store')
#5 /var/www/html/vendor/laravel/framework/src/Illuminate/Routing/Route.php(212): Illuminate\Routing\Route->runController()
#6 /var/www/html/vendor/laravel/framework/src/Illuminate/Routing/Router.php(808): Illuminate\Routing\Route->run()
#7 /var/www/html/vendor/laravel/framework/src/Illuminate/Pipeline/Pipeline.php(170): Illuminate\Routing\Router->{closure:Illuminate\Routing\Router::runRouteWithinStack():807}(Object(Illuminate\Http\Request))
#8 /var/www/html/app/Http/Middleware/RequireRole.php(24): Illuminate\Pipeline\Pipeline->{closure:Illuminate\Pipeline\Pipeline::prepareDestination():168}(Object(Illuminate\Http\Request))
#9 /var/www/html/vendor/laravel/framework/src/Illuminate/Pipeline/Pipeline.php(209): App\Http\Middleware\RequireRole->handle(Object(Illuminate\Http\Request), Object(Closure), 'admin', 'publisher')
#10 /var/www/html/vendor/laravel/framework/src/Illuminate/Routing/Middleware/SubstituteBindings.php(51): Illuminate\Pipeline\Pipeline->{closure:{closure:Illuminate\Pipeline\Pipeline::carry():184}:185}(Object(Illuminate\Http\Request))
#11 /var/www/html/vendor/laravel/framework/src/Illuminate/Pipeline/Pipeline.php(209): Illuminate\Routing\Middleware\SubstituteBindings->handle(Object(Illuminate\Http\Request), Object(Closure))
#12 /var/www/html/vendor/laravel/framework/src/Illuminate/Auth/Middleware/Authenticate.php(64): Illuminate\Pipeline\Pipeline->{closure:{closure:Illuminate\Pipeline\Pipeline::carry():184}:185}(Object(Illuminate\Http\Request))
#13 /var/www/html/vendor/laravel/framework/src/Illuminate/Pipeline/Pipeline.php(209): Illuminate\Auth\Middleware\Authenticate->handle(Object(Illuminate\Http\Request), Object(Closure), 'api')
#14 /var/www/html/vendor/laravel/framework/src/Illuminate/Pipeline/Pipeline.php(127): Illuminate\Pipeline\Pipeline->{closure:{closure:Illuminate\Pipeline\Pipeline::carry():184}:185}(Object(Illuminate\Http\Request))
#15 /var/www/html/vendor/laravel/framework/src/Illuminate/Routing/Router.php(807): Illuminate\Pipeline\Pipeline->then(Object(Closure))
#16 /var/www/html/vendor/laravel/framework/src/Illuminate/Routing/Router.php(786): Illuminate\Routing\Router->runRouteWithinStack(Object(Illuminate\Routing\Route), Object(Illuminate\Http\Request))
#17 /var/www/html/vendor/laravel/framework/src/Illuminate/Routing/Router.php(750): Illuminate\Routing\Router->runRoute(Object(Illuminate\Http\Request), Object(Illuminate\Routing\Route))
#18 /var/www/html/vendor/laravel/framework/src/Illuminate/Routing/Router.php(739): Illuminate\Routing\Router->dispatchToRoute(Object(Illuminate\Http\Request))
#19 /var/www/html/vendor/laravel/framework/src/Illuminate/Foundation/Http/Kernel.php(201): Illuminate\Routing\Router->dispatch(Object(Illuminate\Http\Request))
#20 /var/www/html/vendor/laravel/framework/src/Illuminate/Pipeline/Pipeline.php(170): Illuminate\Foundation\Http\Kernel->{closure:Illuminate\Foundation\Http\Kernel::dispatchToRouter():198}(Object(Illuminate\Http\Request))
#21 /var/www/html/app/Http/Middleware/SetLocale.php(26): Illuminate\Pipeline\Pipeline->{closure:Illuminate\Pipeline\Pipeline::prepareDestination():168}(Object(Illuminate\Http\Request))
#22 /var/www/html/vendor/laravel/framework/src/Illuminate/Pipeline/Pipeline.php(209): App\Http\Middleware\SetLocale->handle(Object(Illuminate\Http\Request), Object(Closure))
#23 /var/www/html/vendor/laravel/framework/src/Illuminate/Foundation/Http/Middleware/TransformsRequest.php(21): Illuminate\Pipeline\Pipeline->{closure:{closure:Illuminate\Pipeline\Pipeline::carry():184}:185}(Object(Illuminate\Http\Request))
#24 /var/www/html/vendor/laravel/framework/src/Illuminate/Foundation/Http/Middleware/ConvertEmptyStringsToNull.php(31): Illuminate\Foundation\Http\Middleware\TransformsRequest->handle(Object(Illuminate\Http\Request), Object(Closure))
#25 /var/www/html/vendor/laravel/framework/src/Illuminate/Pipeline/Pipeline.php(209): Illuminate\Foundation\Http\Middleware\ConvertEmptyStringsToNull->handle(Object(Illuminate\Http\Request), Object(Closure))
#26 /var/www/html/vendor/laravel/framework/src/Illuminate/Foundation/Http/Middleware/TransformsRequest.php(21): Illuminate\Pipeline\Pipeline->{closure:{closure:Illuminate\Pipeline\Pipeline::carry():184}:185}(Object(Illuminate\Http\Request))
#27 /var/www/html/vendor/laravel/framework/src/Illuminate/Foundation/Http/Middleware/TrimStrings.php(51): Illuminate\Foundation\Http\Middleware\TransformsRequest->handle(Object(Illuminate\Http\Request), Object(Closure))
#28 /var/www/html/vendor/laravel/framework/src/Illuminate/Pipeline/Pipeline.php(209): Illuminate\Foundation\Http\Middleware\TrimStrings->handle(Object(Illuminate\Http\Request), Object(Closure))
#29 /var/www/html/vendor/laravel/framework/src/Illuminate/Http/Middleware/ValidatePostSize.php(27): Illuminate\Pipeline\Pipeline->{closure:{closure:Illuminate\Pipeline\Pipeline::carry():184}:185}(Object(Illuminate\Http\Request))
#30 /var/www/html/vendor/laravel/framework/src/Illuminate/Pipeline/Pipeline.php(209): Illuminate\Http\Middleware\ValidatePostSize->handle(Object(Illuminate\Http\Request), Object(Closure))
#31 /var/www/html/vendor/laravel/framework/src/Illuminate/Foundation/Http/Middleware/PreventRequestsDuringMaintenance.php(110): Illuminate\Pipeline\Pipeline->{closure:{closure:Illuminate\Pipeline\Pipeline::carry():184}:185}(Object(Illuminate\Http\Request))
#32 /var/www/html/vendor/laravel/framework/src/Illuminate/Pipeline/Pipeline.php(209): Illuminate\Foundation\Http\Middleware\PreventRequestsDuringMaintenance->handle(Object(Illuminate\Http\Request), Object(Closure))
#33 /var/www/html/vendor/laravel/framework/src/Illuminate/Http/Middleware/HandleCors.php(62): Illuminate\Pipeline\Pipeline->{closure:{closure:Illuminate\Pipeline\Pipeline::carry():184}:185}(Object(Illuminate\Http\Request))
#34 /var/www/html/vendor/laravel/framework/src/Illuminate/Pipeline/Pipeline.php(209): Illuminate\Http\Middleware\HandleCors->handle(Object(Illuminate\Http\Request), Object(Closure))
#35 /var/www/html/vendor/laravel/framework/src/Illuminate/Http/Middleware/TrustProxies.php(58): Illuminate\Pipeline\Pipeline->{closure:{closure:Illuminate\Pipeline\Pipeline::carry():184}:185}(Object(Illuminate\Http\Request))
#36 /var/www/html/vendor/laravel/framework/src/Illuminate/Pipeline/Pipeline.php(209): Illuminate\Http\Middleware\TrustProxies->handle(Object(Illuminate\Http\Request), Object(Closure))
#37 /var/www/html/vendor/laravel/framework/src/Illuminate/Foundation/Http/Middleware/InvokeDeferredCallbacks.php(22): Illuminate\Pipeline\Pipeline->{closure:{closure:Illuminate\Pipeline\Pipeline::carry():184}:185}(Object(Illuminate\Http\Request))
#38 /var/www/html/vendor/laravel/framework/src/Illuminate/Pipeline/Pipeline.php(209): Illuminate\Foundation\Http\Middleware\InvokeDeferredCallbacks->handle(Object(Illuminate\Http\Request), Object(Closure))
#39 /var/www/html/vendor/laravel/framework/src/Illuminate/Pipeline/Pipeline.php(127): Illuminate\Pipeline\Pipeline->{closure:{closure:Illuminate\Pipeline\Pipeline::carry():184}:185}(Object(Illuminate\Http\Request))
#40 /var/www/html/vendor/laravel/framework/src/Illuminate/Foundation/Http/Kernel.php(176): Illuminate\Pipeline\Pipeline->then(Object(Closure))
#41 /var/www/html/vendor/laravel/framework/src/Illuminate/Foundation/Http/Kernel.php(145): Illuminate\Foundation\Http\Kernel->sendRequestThroughRouter(Object(Illuminate\Http\Request))
#42 /var/www/html/vendor/laravel/framework/src/Illuminate/Foundation/Testing/Concerns/MakesHttpRequests.php(607): Illuminate\Foundation\Http\Kernel->handle(Object(Illuminate\Http\Request))
#43 /var/www/html/vendor/laravel/framework/src/Illuminate/Foundation/Testing/Concerns/MakesHttpRequests.php(573): Illuminate\Foundation\Testing\TestCase->call('POST', '/api/posts', Array, Array, Array, Array, '{"title":"Post"...')
#44 /var/www/html/vendor/laravel/framework/src/Illuminate/Foundation/Testing/Concerns/MakesHttpRequests.php(411): Illuminate\Foundation\Testing\TestCase->json('POST', '/api/posts', Array, Array, 0)
#45 /var/www/html/tests/Feature/PostTest.php(183): Illuminate\Foundation\Testing\TestCase->postJson('/api/posts', Array)
#46 /var/www/html/vendor/pestphp/pest/src/Factories/TestCaseMethodFactory.php(171): P\Tests\Feature\PostTest->{closure:{closure:/var/www/html/tests/Feature/PostTest.php:77}:180}('youtube')
#47 [internal function]: P\Tests\Feature\PostTest->{closure:Pest\Factories\TestCaseMethodFactory::getClosure():161}('youtube')
#48 /var/www/html/vendor/pestphp/pest/src/Concerns/Testable.php(419): call_user_func_array(Object(Closure), Array)
#49 /var/www/html/vendor/pestphp/pest/src/Support/ExceptionTrace.php(26): P\Tests\Feature\PostTest->{closure:Pest\Concerns\Testable::__callClosure():419}()
#50 /var/www/html/vendor/pestphp/pest/src/Concerns/Testable.php(419): Pest\Support\ExceptionTrace::ensure(Object(Closure))
#51 /var/www/html/vendor/pestphp/pest/src/Concerns/Testable.php(321): P\Tests\Feature\PostTest->__callClosure(Object(Closure), Array)
#52 /var/www/html/vendor/pestphp/pest/src/Factories/TestCaseFactory.php(170) : eval()'d code(189): P\Tests\Feature\PostTest->__runTest(Object(Closure), 'youtube')
#53 /var/www/html/vendor/phpunit/phpunit/src/Framework/TestCase.php(1667): P\Tests\Feature\PostTest->__pest_evaluable__POST__api_posts__→_it_accepts_all_known_link_types('youtube')
#54 /var/www/html/vendor/phpunit/phpunit/src/Framework/TestCase.php(519): PHPUnit\Framework\TestCase->runTest()
#55 /var/www/html/vendor/phpunit/phpunit/src/Framework/TestRunner/TestRunner.php(87): PHPUnit\Framework\TestCase->runBare()
#56 /var/www/html/vendor/phpunit/phpunit/src/Framework/TestCase.php(365): PHPUnit\Framework\TestRunner->run(Object(P\Tests\Feature\PostTest))
#57 /var/www/html/vendor/phpunit/phpunit/src/Framework/TestSuite.php(369): PHPUnit\Framework\TestCase->run()
#58 /var/www/html/vendor/phpunit/phpunit/src/Framework/TestSuite.php(369): PHPUnit\Framework\TestSuite->run()
#59 /var/www/html/vendor/phpunit/phpunit/src/Framework/TestSuite.php(369): PHPUnit\Framework\TestSuite->run()
#60 /var/www/html/vendor/phpunit/phpunit/src/Framework/TestSuite.php(369): PHPUnit\Framework\TestSuite->run()
#61 /var/www/html/vendor/phpunit/phpunit/src/TextUI/TestRunner.php(64): PHPUnit\Framework\TestSuite->run()
#62 /var/www/html/vendor/phpunit/phpunit/src/TextUI/Application.php(211): PHPUnit\TextUI\TestRunner->run(Object(PHPUnit\TextUI\Configuration\Configuration), Object(PHPUnit\Runner\ResultCache\DefaultResultCache), Object(PHPUnit\Framework\TestSuite))
#63 /var/www/html/vendor/pestphp/pest/src/Kernel.php(103): PHPUnit\TextUI\Application->run(Array)
#64 /var/www/html/vendor/pestphp/pest/bin/pest(184): Pest\Kernel->handle(Array, Array)
#65 /var/www/html/vendor/pestphp/pest/bin/pest(192): {closure:/var/www/html/vendor/pestphp/pest/bin/pest:18}()
#66 {main}

----------------------------------------------------------------------------------

Call to undefined method App\Models\Post::links()

  at tests/Feature/PostTest.php:186
    182▕ 
    183▕         $this->postJson('/api/posts', [
    184▕             'title' => 'Post',
    185▕             'links' => [['type' => $type, 'url' => 'https://example.com']],
  ➜ 186▕         ])->assertCreated();
    187▕     })->with(['youtube', 'instagram', 'facebook', 'normal']);
    188▕ });
    189▕ 
    190▕ // ── PUT /api/posts/{post} ─────────────────────────────────────────────────────

  ────────────────────────────────────────────────────────────────────────────  
   FAILED  Tests\Feature\PostTest > `POST /api/posts` → it accepts all known…   
  Expected response status code [201] but received 500.
Failed asserting that 500 is identical to 201.

The following exception occurred during the last request:

BadMethodCallException: Call to undefined method App\Models\Post::links() in /var/www/html/vendor/laravel/framework/src/Illuminate/Support/Traits/ForwardsCalls.php:67
Stack trace:
#0 /var/www/html/vendor/laravel/framework/src/Illuminate/Support/Traits/ForwardsCalls.php(36): Illuminate\Database\Eloquent\Model::throwBadMethodCallException('links')
#1 /var/www/html/vendor/laravel/framework/src/Illuminate/Database/Eloquent/Model.php(2372): Illuminate\Database\Eloquent\Model->forwardCallTo(Object(Illuminate\Database\Eloquent\Builder), 'links', Array)
#2 /var/www/html/app/Http/Controllers/PostController.php(101): Illuminate\Database\Eloquent\Model->__call('links', Array)
#3 /var/www/html/vendor/laravel/framework/src/Illuminate/Routing/ControllerDispatcher.php(47): App\Http\Controllers\PostController->store(Object(Illuminate\Http\Request))
#4 /var/www/html/vendor/laravel/framework/src/Illuminate/Routing/Route.php(266): Illuminate\Routing\ControllerDispatcher->dispatch(Object(Illuminate\Routing\Route), Object(App\Http\Controllers\PostController), 'store')
#5 /var/www/html/vendor/laravel/framework/src/Illuminate/Routing/Route.php(212): Illuminate\Routing\Route->runController()
#6 /var/www/html/vendor/laravel/framework/src/Illuminate/Routing/Router.php(808): Illuminate\Routing\Route->run()
#7 /var/www/html/vendor/laravel/framework/src/Illuminate/Pipeline/Pipeline.php(170): Illuminate\Routing\Router->{closure:Illuminate\Routing\Router::runRouteWithinStack():807}(Object(Illuminate\Http\Request))
#8 /var/www/html/app/Http/Middleware/RequireRole.php(24): Illuminate\Pipeline\Pipeline->{closure:Illuminate\Pipeline\Pipeline::prepareDestination():168}(Object(Illuminate\Http\Request))
#9 /var/www/html/vendor/laravel/framework/src/Illuminate/Pipeline/Pipeline.php(209): App\Http\Middleware\RequireRole->handle(Object(Illuminate\Http\Request), Object(Closure), 'admin', 'publisher')
#10 /var/www/html/vendor/laravel/framework/src/Illuminate/Routing/Middleware/SubstituteBindings.php(51): Illuminate\Pipeline\Pipeline->{closure:{closure:Illuminate\Pipeline\Pipeline::carry():184}:185}(Object(Illuminate\Http\Request))
#11 /var/www/html/vendor/laravel/framework/src/Illuminate/Pipeline/Pipeline.php(209): Illuminate\Routing\Middleware\SubstituteBindings->handle(Object(Illuminate\Http\Request), Object(Closure))
#12 /var/www/html/vendor/laravel/framework/src/Illuminate/Auth/Middleware/Authenticate.php(64): Illuminate\Pipeline\Pipeline->{closure:{closure:Illuminate\Pipeline\Pipeline::carry():184}:185}(Object(Illuminate\Http\Request))
#13 /var/www/html/vendor/laravel/framework/src/Illuminate/Pipeline/Pipeline.php(209): Illuminate\Auth\Middleware\Authenticate->handle(Object(Illuminate\Http\Request), Object(Closure), 'api')
#14 /var/www/html/vendor/laravel/framework/src/Illuminate/Pipeline/Pipeline.php(127): Illuminate\Pipeline\Pipeline->{closure:{closure:Illuminate\Pipeline\Pipeline::carry():184}:185}(Object(Illuminate\Http\Request))
#15 /var/www/html/vendor/laravel/framework/src/Illuminate/Routing/Router.php(807): Illuminate\Pipeline\Pipeline->then(Object(Closure))
#16 /var/www/html/vendor/laravel/framework/src/Illuminate/Routing/Router.php(786): Illuminate\Routing\Router->runRouteWithinStack(Object(Illuminate\Routing\Route), Object(Illuminate\Http\Request))
#17 /var/www/html/vendor/laravel/framework/src/Illuminate/Routing/Router.php(750): Illuminate\Routing\Router->runRoute(Object(Illuminate\Http\Request), Object(Illuminate\Routing\Route))
#18 /var/www/html/vendor/laravel/framework/src/Illuminate/Routing/Router.php(739): Illuminate\Routing\Router->dispatchToRoute(Object(Illuminate\Http\Request))
#19 /var/www/html/vendor/laravel/framework/src/Illuminate/Foundation/Http/Kernel.php(201): Illuminate\Routing\Router->dispatch(Object(Illuminate\Http\Request))
#20 /var/www/html/vendor/laravel/framework/src/Illuminate/Pipeline/Pipeline.php(170): Illuminate\Foundation\Http\Kernel->{closure:Illuminate\Foundation\Http\Kernel::dispatchToRouter():198}(Object(Illuminate\Http\Request))
#21 /var/www/html/app/Http/Middleware/SetLocale.php(26): Illuminate\Pipeline\Pipeline->{closure:Illuminate\Pipeline\Pipeline::prepareDestination():168}(Object(Illuminate\Http\Request))
#22 /var/www/html/vendor/laravel/framework/src/Illuminate/Pipeline/Pipeline.php(209): App\Http\Middleware\SetLocale->handle(Object(Illuminate\Http\Request), Object(Closure))
#23 /var/www/html/vendor/laravel/framework/src/Illuminate/Foundation/Http/Middleware/TransformsRequest.php(21): Illuminate\Pipeline\Pipeline->{closure:{closure:Illuminate\Pipeline\Pipeline::carry():184}:185}(Object(Illuminate\Http\Request))
#24 /var/www/html/vendor/laravel/framework/src/Illuminate/Foundation/Http/Middleware/ConvertEmptyStringsToNull.php(31): Illuminate\Foundation\Http\Middleware\TransformsRequest->handle(Object(Illuminate\Http\Request), Object(Closure))
#25 /var/www/html/vendor/laravel/framework/src/Illuminate/Pipeline/Pipeline.php(209): Illuminate\Foundation\Http\Middleware\ConvertEmptyStringsToNull->handle(Object(Illuminate\Http\Request), Object(Closure))
#26 /var/www/html/vendor/laravel/framework/src/Illuminate/Foundation/Http/Middleware/TransformsRequest.php(21): Illuminate\Pipeline\Pipeline->{closure:{closure:Illuminate\Pipeline\Pipeline::carry():184}:185}(Object(Illuminate\Http\Request))
#27 /var/www/html/vendor/laravel/framework/src/Illuminate/Foundation/Http/Middleware/TrimStrings.php(51): Illuminate\Foundation\Http\Middleware\TransformsRequest->handle(Object(Illuminate\Http\Request), Object(Closure))
#28 /var/www/html/vendor/laravel/framework/src/Illuminate/Pipeline/Pipeline.php(209): Illuminate\Foundation\Http\Middleware\TrimStrings->handle(Object(Illuminate\Http\Request), Object(Closure))
#29 /var/www/html/vendor/laravel/framework/src/Illuminate/Http/Middleware/ValidatePostSize.php(27): Illuminate\Pipeline\Pipeline->{closure:{closure:Illuminate\Pipeline\Pipeline::carry():184}:185}(Object(Illuminate\Http\Request))
#30 /var/www/html/vendor/laravel/framework/src/Illuminate/Pipeline/Pipeline.php(209): Illuminate\Http\Middleware\ValidatePostSize->handle(Object(Illuminate\Http\Request), Object(Closure))
#31 /var/www/html/vendor/laravel/framework/src/Illuminate/Foundation/Http/Middleware/PreventRequestsDuringMaintenance.php(110): Illuminate\Pipeline\Pipeline->{closure:{closure:Illuminate\Pipeline\Pipeline::carry():184}:185}(Object(Illuminate\Http\Request))
#32 /var/www/html/vendor/laravel/framework/src/Illuminate/Pipeline/Pipeline.php(209): Illuminate\Foundation\Http\Middleware\PreventRequestsDuringMaintenance->handle(Object(Illuminate\Http\Request), Object(Closure))
#33 /var/www/html/vendor/laravel/framework/src/Illuminate/Http/Middleware/HandleCors.php(62): Illuminate\Pipeline\Pipeline->{closure:{closure:Illuminate\Pipeline\Pipeline::carry():184}:185}(Object(Illuminate\Http\Request))
#34 /var/www/html/vendor/laravel/framework/src/Illuminate/Pipeline/Pipeline.php(209): Illuminate\Http\Middleware\HandleCors->handle(Object(Illuminate\Http\Request), Object(Closure))
#35 /var/www/html/vendor/laravel/framework/src/Illuminate/Http/Middleware/TrustProxies.php(58): Illuminate\Pipeline\Pipeline->{closure:{closure:Illuminate\Pipeline\Pipeline::carry():184}:185}(Object(Illuminate\Http\Request))
#36 /var/www/html/vendor/laravel/framework/src/Illuminate/Pipeline/Pipeline.php(209): Illuminate\Http\Middleware\TrustProxies->handle(Object(Illuminate\Http\Request), Object(Closure))
#37 /var/www/html/vendor/laravel/framework/src/Illuminate/Foundation/Http/Middleware/InvokeDeferredCallbacks.php(22): Illuminate\Pipeline\Pipeline->{closure:{closure:Illuminate\Pipeline\Pipeline::carry():184}:185}(Object(Illuminate\Http\Request))
#38 /var/www/html/vendor/laravel/framework/src/Illuminate/Pipeline/Pipeline.php(209): Illuminate\Foundation\Http\Middleware\InvokeDeferredCallbacks->handle(Object(Illuminate\Http\Request), Object(Closure))
#39 /var/www/html/vendor/laravel/framework/src/Illuminate/Pipeline/Pipeline.php(127): Illuminate\Pipeline\Pipeline->{closure:{closure:Illuminate\Pipeline\Pipeline::carry():184}:185}(Object(Illuminate\Http\Request))
#40 /var/www/html/vendor/laravel/framework/src/Illuminate/Foundation/Http/Kernel.php(176): Illuminate\Pipeline\Pipeline->then(Object(Closure))
#41 /var/www/html/vendor/laravel/framework/src/Illuminate/Foundation/Http/Kernel.php(145): Illuminate\Foundation\Http\Kernel->sendRequestThroughRouter(Object(Illuminate\Http\Request))
#42 /var/www/html/vendor/laravel/framework/src/Illuminate/Foundation/Testing/Concerns/MakesHttpRequests.php(607): Illuminate\Foundation\Http\Kernel->handle(Object(Illuminate\Http\Request))
#43 /var/www/html/vendor/laravel/framework/src/Illuminate/Foundation/Testing/Concerns/MakesHttpRequests.php(573): Illuminate\Foundation\Testing\TestCase->call('POST', '/api/posts', Array, Array, Array, Array, '{"title":"Post"...')
#44 /var/www/html/vendor/laravel/framework/src/Illuminate/Foundation/Testing/Concerns/MakesHttpRequests.php(411): Illuminate\Foundation\Testing\TestCase->json('POST', '/api/posts', Array, Array, 0)
#45 /var/www/html/tests/Feature/PostTest.php(183): Illuminate\Foundation\Testing\TestCase->postJson('/api/posts', Array)
#46 /var/www/html/vendor/pestphp/pest/src/Factories/TestCaseMethodFactory.php(171): P\Tests\Feature\PostTest->{closure:{closure:/var/www/html/tests/Feature/PostTest.php:77}:180}('instagram')
#47 [internal function]: P\Tests\Feature\PostTest->{closure:Pest\Factories\TestCaseMethodFactory::getClosure():161}('instagram')
#48 /var/www/html/vendor/pestphp/pest/src/Concerns/Testable.php(419): call_user_func_array(Object(Closure), Array)
#49 /var/www/html/vendor/pestphp/pest/src/Support/ExceptionTrace.php(26): P\Tests\Feature\PostTest->{closure:Pest\Concerns\Testable::__callClosure():419}()
#50 /var/www/html/vendor/pestphp/pest/src/Concerns/Testable.php(419): Pest\Support\ExceptionTrace::ensure(Object(Closure))
#51 /var/www/html/vendor/pestphp/pest/src/Concerns/Testable.php(321): P\Tests\Feature\PostTest->__callClosure(Object(Closure), Array)
#52 /var/www/html/vendor/pestphp/pest/src/Factories/TestCaseFactory.php(170) : eval()'d code(189): P\Tests\Feature\PostTest->__runTest(Object(Closure), 'instagram')
#53 /var/www/html/vendor/phpunit/phpunit/src/Framework/TestCase.php(1667): P\Tests\Feature\PostTest->__pest_evaluable__POST__api_posts__→_it_accepts_all_known_link_types('instagram')
#54 /var/www/html/vendor/phpunit/phpunit/src/Framework/TestCase.php(519): PHPUnit\Framework\TestCase->runTest()
#55 /var/www/html/vendor/phpunit/phpunit/src/Framework/TestRunner/TestRunner.php(87): PHPUnit\Framework\TestCase->runBare()
#56 /var/www/html/vendor/phpunit/phpunit/src/Framework/TestCase.php(365): PHPUnit\Framework\TestRunner->run(Object(P\Tests\Feature\PostTest))
#57 /var/www/html/vendor/phpunit/phpunit/src/Framework/TestSuite.php(369): PHPUnit\Framework\TestCase->run()
#58 /var/www/html/vendor/phpunit/phpunit/src/Framework/TestSuite.php(369): PHPUnit\Framework\TestSuite->run()
#59 /var/www/html/vendor/phpunit/phpunit/src/Framework/TestSuite.php(369): PHPUnit\Framework\TestSuite->run()
#60 /var/www/html/vendor/phpunit/phpunit/src/Framework/TestSuite.php(369): PHPUnit\Framework\TestSuite->run()
#61 /var/www/html/vendor/phpunit/phpunit/src/TextUI/TestRunner.php(64): PHPUnit\Framework\TestSuite->run()
#62 /var/www/html/vendor/phpunit/phpunit/src/TextUI/Application.php(211): PHPUnit\TextUI\TestRunner->run(Object(PHPUnit\TextUI\Configuration\Configuration), Object(PHPUnit\Runner\ResultCache\DefaultResultCache), Object(PHPUnit\Framework\TestSuite))
#63 /var/www/html/vendor/pestphp/pest/src/Kernel.php(103): PHPUnit\TextUI\Application->run(Array)
#64 /var/www/html/vendor/pestphp/pest/bin/pest(184): Pest\Kernel->handle(Array, Array)
#65 /var/www/html/vendor/pestphp/pest/bin/pest(192): {closure:/var/www/html/vendor/pestphp/pest/bin/pest:18}()
#66 {main}

----------------------------------------------------------------------------------

Call to undefined method App\Models\Post::links()

  at tests/Feature/PostTest.php:186
    182▕ 
    183▕         $this->postJson('/api/posts', [
    184▕             'title' => 'Post',
    185▕             'links' => [['type' => $type, 'url' => 'https://example.com']],
  ➜ 186▕         ])->assertCreated();
    187▕     })->with(['youtube', 'instagram', 'facebook', 'normal']);
    188▕ });
    189▕ 
    190▕ // ── PUT /api/posts/{post} ─────────────────────────────────────────────────────

  ────────────────────────────────────────────────────────────────────────────  
   FAILED  Tests\Feature\PostTest > `POST /api/posts` → it accepts all known…   
  Expected response status code [201] but received 500.
Failed asserting that 500 is identical to 201.

The following exception occurred during the last request:

BadMethodCallException: Call to undefined method App\Models\Post::links() in /var/www/html/vendor/laravel/framework/src/Illuminate/Support/Traits/ForwardsCalls.php:67
Stack trace:
#0 /var/www/html/vendor/laravel/framework/src/Illuminate/Support/Traits/ForwardsCalls.php(36): Illuminate\Database\Eloquent\Model::throwBadMethodCallException('links')
#1 /var/www/html/vendor/laravel/framework/src/Illuminate/Database/Eloquent/Model.php(2372): Illuminate\Database\Eloquent\Model->forwardCallTo(Object(Illuminate\Database\Eloquent\Builder), 'links', Array)
#2 /var/www/html/app/Http/Controllers/PostController.php(101): Illuminate\Database\Eloquent\Model->__call('links', Array)
#3 /var/www/html/vendor/laravel/framework/src/Illuminate/Routing/ControllerDispatcher.php(47): App\Http\Controllers\PostController->store(Object(Illuminate\Http\Request))
#4 /var/www/html/vendor/laravel/framework/src/Illuminate/Routing/Route.php(266): Illuminate\Routing\ControllerDispatcher->dispatch(Object(Illuminate\Routing\Route), Object(App\Http\Controllers\PostController), 'store')
#5 /var/www/html/vendor/laravel/framework/src/Illuminate/Routing/Route.php(212): Illuminate\Routing\Route->runController()
#6 /var/www/html/vendor/laravel/framework/src/Illuminate/Routing/Router.php(808): Illuminate\Routing\Route->run()
#7 /var/www/html/vendor/laravel/framework/src/Illuminate/Pipeline/Pipeline.php(170): Illuminate\Routing\Router->{closure:Illuminate\Routing\Router::runRouteWithinStack():807}(Object(Illuminate\Http\Request))
#8 /var/www/html/app/Http/Middleware/RequireRole.php(24): Illuminate\Pipeline\Pipeline->{closure:Illuminate\Pipeline\Pipeline::prepareDestination():168}(Object(Illuminate\Http\Request))
#9 /var/www/html/vendor/laravel/framework/src/Illuminate/Pipeline/Pipeline.php(209): App\Http\Middleware\RequireRole->handle(Object(Illuminate\Http\Request), Object(Closure), 'admin', 'publisher')
#10 /var/www/html/vendor/laravel/framework/src/Illuminate/Routing/Middleware/SubstituteBindings.php(51): Illuminate\Pipeline\Pipeline->{closure:{closure:Illuminate\Pipeline\Pipeline::carry():184}:185}(Object(Illuminate\Http\Request))
#11 /var/www/html/vendor/laravel/framework/src/Illuminate/Pipeline/Pipeline.php(209): Illuminate\Routing\Middleware\SubstituteBindings->handle(Object(Illuminate\Http\Request), Object(Closure))
#12 /var/www/html/vendor/laravel/framework/src/Illuminate/Auth/Middleware/Authenticate.php(64): Illuminate\Pipeline\Pipeline->{closure:{closure:Illuminate\Pipeline\Pipeline::carry():184}:185}(Object(Illuminate\Http\Request))
#13 /var/www/html/vendor/laravel/framework/src/Illuminate/Pipeline/Pipeline.php(209): Illuminate\Auth\Middleware\Authenticate->handle(Object(Illuminate\Http\Request), Object(Closure), 'api')
#14 /var/www/html/vendor/laravel/framework/src/Illuminate/Pipeline/Pipeline.php(127): Illuminate\Pipeline\Pipeline->{closure:{closure:Illuminate\Pipeline\Pipeline::carry():184}:185}(Object(Illuminate\Http\Request))
#15 /var/www/html/vendor/laravel/framework/src/Illuminate/Routing/Router.php(807): Illuminate\Pipeline\Pipeline->then(Object(Closure))
#16 /var/www/html/vendor/laravel/framework/src/Illuminate/Routing/Router.php(786): Illuminate\Routing\Router->runRouteWithinStack(Object(Illuminate\Routing\Route), Object(Illuminate\Http\Request))
#17 /var/www/html/vendor/laravel/framework/src/Illuminate/Routing/Router.php(750): Illuminate\Routing\Router->runRoute(Object(Illuminate\Http\Request), Object(Illuminate\Routing\Route))
#18 /var/www/html/vendor/laravel/framework/src/Illuminate/Routing/Router.php(739): Illuminate\Routing\Router->dispatchToRoute(Object(Illuminate\Http\Request))
#19 /var/www/html/vendor/laravel/framework/src/Illuminate/Foundation/Http/Kernel.php(201): Illuminate\Routing\Router->dispatch(Object(Illuminate\Http\Request))
#20 /var/www/html/vendor/laravel/framework/src/Illuminate/Pipeline/Pipeline.php(170): Illuminate\Foundation\Http\Kernel->{closure:Illuminate\Foundation\Http\Kernel::dispatchToRouter():198}(Object(Illuminate\Http\Request))
#21 /var/www/html/app/Http/Middleware/SetLocale.php(26): Illuminate\Pipeline\Pipeline->{closure:Illuminate\Pipeline\Pipeline::prepareDestination():168}(Object(Illuminate\Http\Request))
#22 /var/www/html/vendor/laravel/framework/src/Illuminate/Pipeline/Pipeline.php(209): App\Http\Middleware\SetLocale->handle(Object(Illuminate\Http\Request), Object(Closure))
#23 /var/www/html/vendor/laravel/framework/src/Illuminate/Foundation/Http/Middleware/TransformsRequest.php(21): Illuminate\Pipeline\Pipeline->{closure:{closure:Illuminate\Pipeline\Pipeline::carry():184}:185}(Object(Illuminate\Http\Request))
#24 /var/www/html/vendor/laravel/framework/src/Illuminate/Foundation/Http/Middleware/ConvertEmptyStringsToNull.php(31): Illuminate\Foundation\Http\Middleware\TransformsRequest->handle(Object(Illuminate\Http\Request), Object(Closure))
#25 /var/www/html/vendor/laravel/framework/src/Illuminate/Pipeline/Pipeline.php(209): Illuminate\Foundation\Http\Middleware\ConvertEmptyStringsToNull->handle(Object(Illuminate\Http\Request), Object(Closure))
#26 /var/www/html/vendor/laravel/framework/src/Illuminate/Foundation/Http/Middleware/TransformsRequest.php(21): Illuminate\Pipeline\Pipeline->{closure:{closure:Illuminate\Pipeline\Pipeline::carry():184}:185}(Object(Illuminate\Http\Request))
#27 /var/www/html/vendor/laravel/framework/src/Illuminate/Foundation/Http/Middleware/TrimStrings.php(51): Illuminate\Foundation\Http\Middleware\TransformsRequest->handle(Object(Illuminate\Http\Request), Object(Closure))
#28 /var/www/html/vendor/laravel/framework/src/Illuminate/Pipeline/Pipeline.php(209): Illuminate\Foundation\Http\Middleware\TrimStrings->handle(Object(Illuminate\Http\Request), Object(Closure))
#29 /var/www/html/vendor/laravel/framework/src/Illuminate/Http/Middleware/ValidatePostSize.php(27): Illuminate\Pipeline\Pipeline->{closure:{closure:Illuminate\Pipeline\Pipeline::carry():184}:185}(Object(Illuminate\Http\Request))
#30 /var/www/html/vendor/laravel/framework/src/Illuminate/Pipeline/Pipeline.php(209): Illuminate\Http\Middleware\ValidatePostSize->handle(Object(Illuminate\Http\Request), Object(Closure))
#31 /var/www/html/vendor/laravel/framework/src/Illuminate/Foundation/Http/Middleware/PreventRequestsDuringMaintenance.php(110): Illuminate\Pipeline\Pipeline->{closure:{closure:Illuminate\Pipeline\Pipeline::carry():184}:185}(Object(Illuminate\Http\Request))
#32 /var/www/html/vendor/laravel/framework/src/Illuminate/Pipeline/Pipeline.php(209): Illuminate\Foundation\Http\Middleware\PreventRequestsDuringMaintenance->handle(Object(Illuminate\Http\Request), Object(Closure))
#33 /var/www/html/vendor/laravel/framework/src/Illuminate/Http/Middleware/HandleCors.php(62): Illuminate\Pipeline\Pipeline->{closure:{closure:Illuminate\Pipeline\Pipeline::carry():184}:185}(Object(Illuminate\Http\Request))
#34 /var/www/html/vendor/laravel/framework/src/Illuminate/Pipeline/Pipeline.php(209): Illuminate\Http\Middleware\HandleCors->handle(Object(Illuminate\Http\Request), Object(Closure))
#35 /var/www/html/vendor/laravel/framework/src/Illuminate/Http/Middleware/TrustProxies.php(58): Illuminate\Pipeline\Pipeline->{closure:{closure:Illuminate\Pipeline\Pipeline::carry():184}:185}(Object(Illuminate\Http\Request))
#36 /var/www/html/vendor/laravel/framework/src/Illuminate/Pipeline/Pipeline.php(209): Illuminate\Http\Middleware\TrustProxies->handle(Object(Illuminate\Http\Request), Object(Closure))
#37 /var/www/html/vendor/laravel/framework/src/Illuminate/Foundation/Http/Middleware/InvokeDeferredCallbacks.php(22): Illuminate\Pipeline\Pipeline->{closure:{closure:Illuminate\Pipeline\Pipeline::carry():184}:185}(Object(Illuminate\Http\Request))
#38 /var/www/html/vendor/laravel/framework/src/Illuminate/Pipeline/Pipeline.php(209): Illuminate\Foundation\Http\Middleware\InvokeDeferredCallbacks->handle(Object(Illuminate\Http\Request), Object(Closure))
#39 /var/www/html/vendor/laravel/framework/src/Illuminate/Pipeline/Pipeline.php(127): Illuminate\Pipeline\Pipeline->{closure:{closure:Illuminate\Pipeline\Pipeline::carry():184}:185}(Object(Illuminate\Http\Request))
#40 /var/www/html/vendor/laravel/framework/src/Illuminate/Foundation/Http/Kernel.php(176): Illuminate\Pipeline\Pipeline->then(Object(Closure))
#41 /var/www/html/vendor/laravel/framework/src/Illuminate/Foundation/Http/Kernel.php(145): Illuminate\Foundation\Http\Kernel->sendRequestThroughRouter(Object(Illuminate\Http\Request))
#42 /var/www/html/vendor/laravel/framework/src/Illuminate/Foundation/Testing/Concerns/MakesHttpRequests.php(607): Illuminate\Foundation\Http\Kernel->handle(Object(Illuminate\Http\Request))
#43 /var/www/html/vendor/laravel/framework/src/Illuminate/Foundation/Testing/Concerns/MakesHttpRequests.php(573): Illuminate\Foundation\Testing\TestCase->call('POST', '/api/posts', Array, Array, Array, Array, '{"title":"Post"...')
#44 /var/www/html/vendor/laravel/framework/src/Illuminate/Foundation/Testing/Concerns/MakesHttpRequests.php(411): Illuminate\Foundation\Testing\TestCase->json('POST', '/api/posts', Array, Array, 0)
#45 /var/www/html/tests/Feature/PostTest.php(183): Illuminate\Foundation\Testing\TestCase->postJson('/api/posts', Array)
#46 /var/www/html/vendor/pestphp/pest/src/Factories/TestCaseMethodFactory.php(171): P\Tests\Feature\PostTest->{closure:{closure:/var/www/html/tests/Feature/PostTest.php:77}:180}('facebook')
#47 [internal function]: P\Tests\Feature\PostTest->{closure:Pest\Factories\TestCaseMethodFactory::getClosure():161}('facebook')
#48 /var/www/html/vendor/pestphp/pest/src/Concerns/Testable.php(419): call_user_func_array(Object(Closure), Array)
#49 /var/www/html/vendor/pestphp/pest/src/Support/ExceptionTrace.php(26): P\Tests\Feature\PostTest->{closure:Pest\Concerns\Testable::__callClosure():419}()
#50 /var/www/html/vendor/pestphp/pest/src/Concerns/Testable.php(419): Pest\Support\ExceptionTrace::ensure(Object(Closure))
#51 /var/www/html/vendor/pestphp/pest/src/Concerns/Testable.php(321): P\Tests\Feature\PostTest->__callClosure(Object(Closure), Array)
#52 /var/www/html/vendor/pestphp/pest/src/Factories/TestCaseFactory.php(170) : eval()'d code(189): P\Tests\Feature\PostTest->__runTest(Object(Closure), 'facebook')
#53 /var/www/html/vendor/phpunit/phpunit/src/Framework/TestCase.php(1667): P\Tests\Feature\PostTest->__pest_evaluable__POST__api_posts__→_it_accepts_all_known_link_types('facebook')
#54 /var/www/html/vendor/phpunit/phpunit/src/Framework/TestCase.php(519): PHPUnit\Framework\TestCase->runTest()
#55 /var/www/html/vendor/phpunit/phpunit/src/Framework/TestRunner/TestRunner.php(87): PHPUnit\Framework\TestCase->runBare()
#56 /var/www/html/vendor/phpunit/phpunit/src/Framework/TestCase.php(365): PHPUnit\Framework\TestRunner->run(Object(P\Tests\Feature\PostTest))
#57 /var/www/html/vendor/phpunit/phpunit/src/Framework/TestSuite.php(369): PHPUnit\Framework\TestCase->run()
#58 /var/www/html/vendor/phpunit/phpunit/src/Framework/TestSuite.php(369): PHPUnit\Framework\TestSuite->run()
#59 /var/www/html/vendor/phpunit/phpunit/src/Framework/TestSuite.php(369): PHPUnit\Framework\TestSuite->run()
#60 /var/www/html/vendor/phpunit/phpunit/src/Framework/TestSuite.php(369): PHPUnit\Framework\TestSuite->run()
#61 /var/www/html/vendor/phpunit/phpunit/src/TextUI/TestRunner.php(64): PHPUnit\Framework\TestSuite->run()
#62 /var/www/html/vendor/phpunit/phpunit/src/TextUI/Application.php(211): PHPUnit\TextUI\TestRunner->run(Object(PHPUnit\TextUI\Configuration\Configuration), Object(PHPUnit\Runner\ResultCache\DefaultResultCache), Object(PHPUnit\Framework\TestSuite))
#63 /var/www/html/vendor/pestphp/pest/src/Kernel.php(103): PHPUnit\TextUI\Application->run(Array)
#64 /var/www/html/vendor/pestphp/pest/bin/pest(184): Pest\Kernel->handle(Array, Array)
#65 /var/www/html/vendor/pestphp/pest/bin/pest(192): {closure:/var/www/html/vendor/pestphp/pest/bin/pest:18}()
#66 {main}

----------------------------------------------------------------------------------

Call to undefined method App\Models\Post::links()

  at tests/Feature/PostTest.php:186
    182▕ 
    183▕         $this->postJson('/api/posts', [
    184▕             'title' => 'Post',
    185▕             'links' => [['type' => $type, 'url' => 'https://example.com']],
  ➜ 186▕         ])->assertCreated();
    187▕     })->with(['youtube', 'instagram', 'facebook', 'normal']);
    188▕ });
    189▕ 
    190▕ // ── PUT /api/posts/{post} ─────────────────────────────────────────────────────

  ────────────────────────────────────────────────────────────────────────────  
   FAILED  Tests\Feature\PostTest > `POST /api/posts` → it accepts all known…   
  Expected response status code [201] but received 500.
Failed asserting that 500 is identical to 201.

The following exception occurred during the last request:

BadMethodCallException: Call to undefined method App\Models\Post::links() in /var/www/html/vendor/laravel/framework/src/Illuminate/Support/Traits/ForwardsCalls.php:67
Stack trace:
#0 /var/www/html/vendor/laravel/framework/src/Illuminate/Support/Traits/ForwardsCalls.php(36): Illuminate\Database\Eloquent\Model::throwBadMethodCallException('links')
#1 /var/www/html/vendor/laravel/framework/src/Illuminate/Database/Eloquent/Model.php(2372): Illuminate\Database\Eloquent\Model->forwardCallTo(Object(Illuminate\Database\Eloquent\Builder), 'links', Array)
#2 /var/www/html/app/Http/Controllers/PostController.php(101): Illuminate\Database\Eloquent\Model->__call('links', Array)
#3 /var/www/html/vendor/laravel/framework/src/Illuminate/Routing/ControllerDispatcher.php(47): App\Http\Controllers\PostController->store(Object(Illuminate\Http\Request))
#4 /var/www/html/vendor/laravel/framework/src/Illuminate/Routing/Route.php(266): Illuminate\Routing\ControllerDispatcher->dispatch(Object(Illuminate\Routing\Route), Object(App\Http\Controllers\PostController), 'store')
#5 /var/www/html/vendor/laravel/framework/src/Illuminate/Routing/Route.php(212): Illuminate\Routing\Route->runController()
#6 /var/www/html/vendor/laravel/framework/src/Illuminate/Routing/Router.php(808): Illuminate\Routing\Route->run()
#7 /var/www/html/vendor/laravel/framework/src/Illuminate/Pipeline/Pipeline.php(170): Illuminate\Routing\Router->{closure:Illuminate\Routing\Router::runRouteWithinStack():807}(Object(Illuminate\Http\Request))
#8 /var/www/html/app/Http/Middleware/RequireRole.php(24): Illuminate\Pipeline\Pipeline->{closure:Illuminate\Pipeline\Pipeline::prepareDestination():168}(Object(Illuminate\Http\Request))
#9 /var/www/html/vendor/laravel/framework/src/Illuminate/Pipeline/Pipeline.php(209): App\Http\Middleware\RequireRole->handle(Object(Illuminate\Http\Request), Object(Closure), 'admin', 'publisher')
#10 /var/www/html/vendor/laravel/framework/src/Illuminate/Routing/Middleware/SubstituteBindings.php(51): Illuminate\Pipeline\Pipeline->{closure:{closure:Illuminate\Pipeline\Pipeline::carry():184}:185}(Object(Illuminate\Http\Request))
#11 /var/www/html/vendor/laravel/framework/src/Illuminate/Pipeline/Pipeline.php(209): Illuminate\Routing\Middleware\SubstituteBindings->handle(Object(Illuminate\Http\Request), Object(Closure))
#12 /var/www/html/vendor/laravel/framework/src/Illuminate/Auth/Middleware/Authenticate.php(64): Illuminate\Pipeline\Pipeline->{closure:{closure:Illuminate\Pipeline\Pipeline::carry():184}:185}(Object(Illuminate\Http\Request))
#13 /var/www/html/vendor/laravel/framework/src/Illuminate/Pipeline/Pipeline.php(209): Illuminate\Auth\Middleware\Authenticate->handle(Object(Illuminate\Http\Request), Object(Closure), 'api')
#14 /var/www/html/vendor/laravel/framework/src/Illuminate/Pipeline/Pipeline.php(127): Illuminate\Pipeline\Pipeline->{closure:{closure:Illuminate\Pipeline\Pipeline::carry():184}:185}(Object(Illuminate\Http\Request))
#15 /var/www/html/vendor/laravel/framework/src/Illuminate/Routing/Router.php(807): Illuminate\Pipeline\Pipeline->then(Object(Closure))
#16 /var/www/html/vendor/laravel/framework/src/Illuminate/Routing/Router.php(786): Illuminate\Routing\Router->runRouteWithinStack(Object(Illuminate\Routing\Route), Object(Illuminate\Http\Request))
#17 /var/www/html/vendor/laravel/framework/src/Illuminate/Routing/Router.php(750): Illuminate\Routing\Router->runRoute(Object(Illuminate\Http\Request), Object(Illuminate\Routing\Route))
#18 /var/www/html/vendor/laravel/framework/src/Illuminate/Routing/Router.php(739): Illuminate\Routing\Router->dispatchToRoute(Object(Illuminate\Http\Request))
#19 /var/www/html/vendor/laravel/framework/src/Illuminate/Foundation/Http/Kernel.php(201): Illuminate\Routing\Router->dispatch(Object(Illuminate\Http\Request))
#20 /var/www/html/vendor/laravel/framework/src/Illuminate/Pipeline/Pipeline.php(170): Illuminate\Foundation\Http\Kernel->{closure:Illuminate\Foundation\Http\Kernel::dispatchToRouter():198}(Object(Illuminate\Http\Request))
#21 /var/www/html/app/Http/Middleware/SetLocale.php(26): Illuminate\Pipeline\Pipeline->{closure:Illuminate\Pipeline\Pipeline::prepareDestination():168}(Object(Illuminate\Http\Request))
#22 /var/www/html/vendor/laravel/framework/src/Illuminate/Pipeline/Pipeline.php(209): App\Http\Middleware\SetLocale->handle(Object(Illuminate\Http\Request), Object(Closure))
#23 /var/www/html/vendor/laravel/framework/src/Illuminate/Foundation/Http/Middleware/TransformsRequest.php(21): Illuminate\Pipeline\Pipeline->{closure:{closure:Illuminate\Pipeline\Pipeline::carry():184}:185}(Object(Illuminate\Http\Request))
#24 /var/www/html/vendor/laravel/framework/src/Illuminate/Foundation/Http/Middleware/ConvertEmptyStringsToNull.php(31): Illuminate\Foundation\Http\Middleware\TransformsRequest->handle(Object(Illuminate\Http\Request), Object(Closure))
#25 /var/www/html/vendor/laravel/framework/src/Illuminate/Pipeline/Pipeline.php(209): Illuminate\Foundation\Http\Middleware\ConvertEmptyStringsToNull->handle(Object(Illuminate\Http\Request), Object(Closure))
#26 /var/www/html/vendor/laravel/framework/src/Illuminate/Foundation/Http/Middleware/TransformsRequest.php(21): Illuminate\Pipeline\Pipeline->{closure:{closure:Illuminate\Pipeline\Pipeline::carry():184}:185}(Object(Illuminate\Http\Request))
#27 /var/www/html/vendor/laravel/framework/src/Illuminate/Foundation/Http/Middleware/TrimStrings.php(51): Illuminate\Foundation\Http\Middleware\TransformsRequest->handle(Object(Illuminate\Http\Request), Object(Closure))
#28 /var/www/html/vendor/laravel/framework/src/Illuminate/Pipeline/Pipeline.php(209): Illuminate\Foundation\Http\Middleware\TrimStrings->handle(Object(Illuminate\Http\Request), Object(Closure))
#29 /var/www/html/vendor/laravel/framework/src/Illuminate/Http/Middleware/ValidatePostSize.php(27): Illuminate\Pipeline\Pipeline->{closure:{closure:Illuminate\Pipeline\Pipeline::carry():184}:185}(Object(Illuminate\Http\Request))
#30 /var/www/html/vendor/laravel/framework/src/Illuminate/Pipeline/Pipeline.php(209): Illuminate\Http\Middleware\ValidatePostSize->handle(Object(Illuminate\Http\Request), Object(Closure))
#31 /var/www/html/vendor/laravel/framework/src/Illuminate/Foundation/Http/Middleware/PreventRequestsDuringMaintenance.php(110): Illuminate\Pipeline\Pipeline->{closure:{closure:Illuminate\Pipeline\Pipeline::carry():184}:185}(Object(Illuminate\Http\Request))
#32 /var/www/html/vendor/laravel/framework/src/Illuminate/Pipeline/Pipeline.php(209): Illuminate\Foundation\Http\Middleware\PreventRequestsDuringMaintenance->handle(Object(Illuminate\Http\Request), Object(Closure))
#33 /var/www/html/vendor/laravel/framework/src/Illuminate/Http/Middleware/HandleCors.php(62): Illuminate\Pipeline\Pipeline->{closure:{closure:Illuminate\Pipeline\Pipeline::carry():184}:185}(Object(Illuminate\Http\Request))
#34 /var/www/html/vendor/laravel/framework/src/Illuminate/Pipeline/Pipeline.php(209): Illuminate\Http\Middleware\HandleCors->handle(Object(Illuminate\Http\Request), Object(Closure))
#35 /var/www/html/vendor/laravel/framework/src/Illuminate/Http/Middleware/TrustProxies.php(58): Illuminate\Pipeline\Pipeline->{closure:{closure:Illuminate\Pipeline\Pipeline::carry():184}:185}(Object(Illuminate\Http\Request))
#36 /var/www/html/vendor/laravel/framework/src/Illuminate/Pipeline/Pipeline.php(209): Illuminate\Http\Middleware\TrustProxies->handle(Object(Illuminate\Http\Request), Object(Closure))
#37 /var/www/html/vendor/laravel/framework/src/Illuminate/Foundation/Http/Middleware/InvokeDeferredCallbacks.php(22): Illuminate\Pipeline\Pipeline->{closure:{closure:Illuminate\Pipeline\Pipeline::carry():184}:185}(Object(Illuminate\Http\Request))
#38 /var/www/html/vendor/laravel/framework/src/Illuminate/Pipeline/Pipeline.php(209): Illuminate\Foundation\Http\Middleware\InvokeDeferredCallbacks->handle(Object(Illuminate\Http\Request), Object(Closure))
#39 /var/www/html/vendor/laravel/framework/src/Illuminate/Pipeline/Pipeline.php(127): Illuminate\Pipeline\Pipeline->{closure:{closure:Illuminate\Pipeline\Pipeline::carry():184}:185}(Object(Illuminate\Http\Request))
#40 /var/www/html/vendor/laravel/framework/src/Illuminate/Foundation/Http/Kernel.php(176): Illuminate\Pipeline\Pipeline->then(Object(Closure))
#41 /var/www/html/vendor/laravel/framework/src/Illuminate/Foundation/Http/Kernel.php(145): Illuminate\Foundation\Http\Kernel->sendRequestThroughRouter(Object(Illuminate\Http\Request))
#42 /var/www/html/vendor/laravel/framework/src/Illuminate/Foundation/Testing/Concerns/MakesHttpRequests.php(607): Illuminate\Foundation\Http\Kernel->handle(Object(Illuminate\Http\Request))
#43 /var/www/html/vendor/laravel/framework/src/Illuminate/Foundation/Testing/Concerns/MakesHttpRequests.php(573): Illuminate\Foundation\Testing\TestCase->call('POST', '/api/posts', Array, Array, Array, Array, '{"title":"Post"...')
#44 /var/www/html/vendor/laravel/framework/src/Illuminate/Foundation/Testing/Concerns/MakesHttpRequests.php(411): Illuminate\Foundation\Testing\TestCase->json('POST', '/api/posts', Array, Array, 0)
#45 /var/www/html/tests/Feature/PostTest.php(183): Illuminate\Foundation\Testing\TestCase->postJson('/api/posts', Array)
#46 /var/www/html/vendor/pestphp/pest/src/Factories/TestCaseMethodFactory.php(171): P\Tests\Feature\PostTest->{closure:{closure:/var/www/html/tests/Feature/PostTest.php:77}:180}('normal')
#47 [internal function]: P\Tests\Feature\PostTest->{closure:Pest\Factories\TestCaseMethodFactory::getClosure():161}('normal')
#48 /var/www/html/vendor/pestphp/pest/src/Concerns/Testable.php(419): call_user_func_array(Object(Closure), Array)
#49 /var/www/html/vendor/pestphp/pest/src/Support/ExceptionTrace.php(26): P\Tests\Feature\PostTest->{closure:Pest\Concerns\Testable::__callClosure():419}()
#50 /var/www/html/vendor/pestphp/pest/src/Concerns/Testable.php(419): Pest\Support\ExceptionTrace::ensure(Object(Closure))
#51 /var/www/html/vendor/pestphp/pest/src/Concerns/Testable.php(321): P\Tests\Feature\PostTest->__callClosure(Object(Closure), Array)
#52 /var/www/html/vendor/pestphp/pest/src/Factories/TestCaseFactory.php(170) : eval()'d code(189): P\Tests\Feature\PostTest->__runTest(Object(Closure), 'normal')
#53 /var/www/html/vendor/phpunit/phpunit/src/Framework/TestCase.php(1667): P\Tests\Feature\PostTest->__pest_evaluable__POST__api_posts__→_it_accepts_all_known_link_types('normal')
#54 /var/www/html/vendor/phpunit/phpunit/src/Framework/TestCase.php(519): PHPUnit\Framework\TestCase->runTest()
#55 /var/www/html/vendor/phpunit/phpunit/src/Framework/TestRunner/TestRunner.php(87): PHPUnit\Framework\TestCase->runBare()
#56 /var/www/html/vendor/phpunit/phpunit/src/Framework/TestCase.php(365): PHPUnit\Framework\TestRunner->run(Object(P\Tests\Feature\PostTest))
#57 /var/www/html/vendor/phpunit/phpunit/src/Framework/TestSuite.php(369): PHPUnit\Framework\TestCase->run()
#58 /var/www/html/vendor/phpunit/phpunit/src/Framework/TestSuite.php(369): PHPUnit\Framework\TestSuite->run()
#59 /var/www/html/vendor/phpunit/phpunit/src/Framework/TestSuite.php(369): PHPUnit\Framework\TestSuite->run()
#60 /var/www/html/vendor/phpunit/phpunit/src/Framework/TestSuite.php(369): PHPUnit\Framework\TestSuite->run()
#61 /var/www/html/vendor/phpunit/phpunit/src/TextUI/TestRunner.php(64): PHPUnit\Framework\TestSuite->run()
#62 /var/www/html/vendor/phpunit/phpunit/src/TextUI/Application.php(211): PHPUnit\TextUI\TestRunner->run(Object(PHPUnit\TextUI\Configuration\Configuration), Object(PHPUnit\Runner\ResultCache\DefaultResultCache), Object(PHPUnit\Framework\TestSuite))
#63 /var/www/html/vendor/pestphp/pest/src/Kernel.php(103): PHPUnit\TextUI\Application->run(Array)
#64 /var/www/html/vendor/pestphp/pest/bin/pest(184): Pest\Kernel->handle(Array, Array)
#65 /var/www/html/vendor/pestphp/pest/bin/pest(192): {closure:/var/www/html/vendor/pestphp/pest/bin/pest:18}()
#66 {main}

----------------------------------------------------------------------------------

Call to undefined method App\Models\Post::links()

  at tests/Feature/PostTest.php:186
    182▕ 
    183▕         $this->postJson('/api/posts', [
    184▕             'title' => 'Post',
    185▕             'links' => [['type' => $type, 'url' => 'https://example.com']],
  ➜ 186▕         ])->assertCreated();
    187▕     })->with(['youtube', 'instagram', 'facebook', 'normal']);
    188▕ });
    189▕ 
    190▕ // ── PUT /api/posts/{post} ─────────────────────────────────────────────────────

  ────────────────────────────────────────────────────────────────────────────  
   FAILED  Tests\Feature\PostTest > `PUT /api/posts/{post}` → it updates a p…   
  Expected response status code [>=200, <300] but received 500.
Failed asserting that false is true.

The following exception occurred during the last request:

Spatie\Translatable\Exceptions\AttributeIsNotTranslatable: Cannot translate attribute `content` as it's not one of the translatable attributes: `title, intro` in /var/www/html/vendor/spatie/laravel-translatable/src/Exceptions/AttributeIsNotTranslatable.php:13
Stack trace:
#0 /var/www/html/vendor/spatie/laravel-translatable/src/HasTranslations.php(283): Spatie\Translatable\Exceptions\AttributeIsNotTranslatable::make('content', Object(App\Models\Post))
#1 /var/www/html/vendor/spatie/laravel-translatable/src/HasTranslations.php(136): App\Models\Post->guardAgainstNonTranslatableAttribute('content')
#2 /var/www/html/vendor/laravel/framework/src/Illuminate/Support/Traits/ForwardsCalls.php(23): App\Models\Post->getTranslations('content')
#3 /var/www/html/vendor/laravel/framework/src/Illuminate/Http/Resources/DelegatesToResource.php(155): Illuminate\Http\Resources\Json\JsonResource->forwardCallTo(Object(App\Models\Post), 'getTranslations', Array)
#4 /var/www/html/app/Http/Resources/PostResource.php(25): Illuminate\Http\Resources\Json\JsonResource->__call('getTranslations', Array)
#5 /var/www/html/vendor/laravel/framework/src/Illuminate/Http/Resources/Json/JsonResource.php(108): App\Http\Resources\PostResource->toArray(Object(Illuminate\Http\Request))
#6 /var/www/html/vendor/laravel/framework/src/Illuminate/Http/Resources/Json/ResourceResponse.php(39): Illuminate\Http\Resources\Json\JsonResource->resolve(Object(Illuminate\Http\Request))
#7 /var/www/html/vendor/laravel/framework/src/Illuminate/Http/Resources/Json/JsonResource.php(245): Illuminate\Http\Resources\Json\ResourceResponse->toResponse(Object(Illuminate\Http\Request))
#8 /var/www/html/vendor/laravel/framework/src/Illuminate/Routing/Router.php(902): Illuminate\Http\Resources\Json\JsonResource->toResponse(Object(Illuminate\Http\Request))
#9 /var/www/html/vendor/laravel/framework/src/Illuminate/Routing/Router.php(887): Illuminate\Routing\Router::toResponse(Object(Illuminate\Http\Request), Object(App\Http\Resources\PostResource))
#10 /var/www/html/vendor/laravel/framework/src/Illuminate/Routing/Router.php(807): Illuminate\Routing\Router->prepareResponse(Object(Illuminate\Http\Request), Object(App\Http\Resources\PostResource))
#11 /var/www/html/vendor/laravel/framework/src/Illuminate/Pipeline/Pipeline.php(170): Illuminate\Routing\Router->{closure:Illuminate\Routing\Router::runRouteWithinStack():807}(Object(Illuminate\Http\Request))
#12 /var/www/html/app/Http/Middleware/RequireRole.php(24): Illuminate\Pipeline\Pipeline->{closure:Illuminate\Pipeline\Pipeline::prepareDestination():168}(Object(Illuminate\Http\Request))
#13 /var/www/html/vendor/laravel/framework/src/Illuminate/Pipeline/Pipeline.php(209): App\Http\Middleware\RequireRole->handle(Object(Illuminate\Http\Request), Object(Closure), 'admin', 'publisher')
#14 /var/www/html/vendor/laravel/framework/src/Illuminate/Routing/Middleware/SubstituteBindings.php(51): Illuminate\Pipeline\Pipeline->{closure:{closure:Illuminate\Pipeline\Pipeline::carry():184}:185}(Object(Illuminate\Http\Request))
#15 /var/www/html/vendor/laravel/framework/src/Illuminate/Pipeline/Pipeline.php(209): Illuminate\Routing\Middleware\SubstituteBindings->handle(Object(Illuminate\Http\Request), Object(Closure))
#16 /var/www/html/vendor/laravel/framework/src/Illuminate/Auth/Middleware/Authenticate.php(64): Illuminate\Pipeline\Pipeline->{closure:{closure:Illuminate\Pipeline\Pipeline::carry():184}:185}(Object(Illuminate\Http\Request))
#17 /var/www/html/vendor/laravel/framework/src/Illuminate/Pipeline/Pipeline.php(209): Illuminate\Auth\Middleware\Authenticate->handle(Object(Illuminate\Http\Request), Object(Closure), 'api')
#18 /var/www/html/vendor/laravel/framework/src/Illuminate/Pipeline/Pipeline.php(127): Illuminate\Pipeline\Pipeline->{closure:{closure:Illuminate\Pipeline\Pipeline::carry():184}:185}(Object(Illuminate\Http\Request))
#19 /var/www/html/vendor/laravel/framework/src/Illuminate/Routing/Router.php(807): Illuminate\Pipeline\Pipeline->then(Object(Closure))
#20 /var/www/html/vendor/laravel/framework/src/Illuminate/Routing/Router.php(786): Illuminate\Routing\Router->runRouteWithinStack(Object(Illuminate\Routing\Route), Object(Illuminate\Http\Request))
#21 /var/www/html/vendor/laravel/framework/src/Illuminate/Routing/Router.php(750): Illuminate\Routing\Router->runRoute(Object(Illuminate\Http\Request), Object(Illuminate\Routing\Route))
#22 /var/www/html/vendor/laravel/framework/src/Illuminate/Routing/Router.php(739): Illuminate\Routing\Router->dispatchToRoute(Object(Illuminate\Http\Request))
#23 /var/www/html/vendor/laravel/framework/src/Illuminate/Foundation/Http/Kernel.php(201): Illuminate\Routing\Router->dispatch(Object(Illuminate\Http\Request))
#24 /var/www/html/vendor/laravel/framework/src/Illuminate/Pipeline/Pipeline.php(170): Illuminate\Foundation\Http\Kernel->{closure:Illuminate\Foundation\Http\Kernel::dispatchToRouter():198}(Object(Illuminate\Http\Request))
#25 /var/www/html/app/Http/Middleware/SetLocale.php(26): Illuminate\Pipeline\Pipeline->{closure:Illuminate\Pipeline\Pipeline::prepareDestination():168}(Object(Illuminate\Http\Request))
#26 /var/www/html/vendor/laravel/framework/src/Illuminate/Pipeline/Pipeline.php(209): App\Http\Middleware\SetLocale->handle(Object(Illuminate\Http\Request), Object(Closure))
#27 /var/www/html/vendor/laravel/framework/src/Illuminate/Foundation/Http/Middleware/TransformsRequest.php(21): Illuminate\Pipeline\Pipeline->{closure:{closure:Illuminate\Pipeline\Pipeline::carry():184}:185}(Object(Illuminate\Http\Request))
#28 /var/www/html/vendor/laravel/framework/src/Illuminate/Foundation/Http/Middleware/ConvertEmptyStringsToNull.php(31): Illuminate\Foundation\Http\Middleware\TransformsRequest->handle(Object(Illuminate\Http\Request), Object(Closure))
#29 /var/www/html/vendor/laravel/framework/src/Illuminate/Pipeline/Pipeline.php(209): Illuminate\Foundation\Http\Middleware\ConvertEmptyStringsToNull->handle(Object(Illuminate\Http\Request), Object(Closure))
#30 /var/www/html/vendor/laravel/framework/src/Illuminate/Foundation/Http/Middleware/TransformsRequest.php(21): Illuminate\Pipeline\Pipeline->{closure:{closure:Illuminate\Pipeline\Pipeline::carry():184}:185}(Object(Illuminate\Http\Request))
#31 /var/www/html/vendor/laravel/framework/src/Illuminate/Foundation/Http/Middleware/TrimStrings.php(51): Illuminate\Foundation\Http\Middleware\TransformsRequest->handle(Object(Illuminate\Http\Request), Object(Closure))
#32 /var/www/html/vendor/laravel/framework/src/Illuminate/Pipeline/Pipeline.php(209): Illuminate\Foundation\Http\Middleware\TrimStrings->handle(Object(Illuminate\Http\Request), Object(Closure))
#33 /var/www/html/vendor/laravel/framework/src/Illuminate/Http/Middleware/ValidatePostSize.php(27): Illuminate\Pipeline\Pipeline->{closure:{closure:Illuminate\Pipeline\Pipeline::carry():184}:185}(Object(Illuminate\Http\Request))
#34 /var/www/html/vendor/laravel/framework/src/Illuminate/Pipeline/Pipeline.php(209): Illuminate\Http\Middleware\ValidatePostSize->handle(Object(Illuminate\Http\Request), Object(Closure))
#35 /var/www/html/vendor/laravel/framework/src/Illuminate/Foundation/Http/Middleware/PreventRequestsDuringMaintenance.php(110): Illuminate\Pipeline\Pipeline->{closure:{closure:Illuminate\Pipeline\Pipeline::carry():184}:185}(Object(Illuminate\Http\Request))
#36 /var/www/html/vendor/laravel/framework/src/Illuminate/Pipeline/Pipeline.php(209): Illuminate\Foundation\Http\Middleware\PreventRequestsDuringMaintenance->handle(Object(Illuminate\Http\Request), Object(Closure))
#37 /var/www/html/vendor/laravel/framework/src/Illuminate/Http/Middleware/HandleCors.php(62): Illuminate\Pipeline\Pipeline->{closure:{closure:Illuminate\Pipeline\Pipeline::carry():184}:185}(Object(Illuminate\Http\Request))
#38 /var/www/html/vendor/laravel/framework/src/Illuminate/Pipeline/Pipeline.php(209): Illuminate\Http\Middleware\HandleCors->handle(Object(Illuminate\Http\Request), Object(Closure))
#39 /var/www/html/vendor/laravel/framework/src/Illuminate/Http/Middleware/TrustProxies.php(58): Illuminate\Pipeline\Pipeline->{closure:{closure:Illuminate\Pipeline\Pipeline::carry():184}:185}(Object(Illuminate\Http\Request))
#40 /var/www/html/vendor/laravel/framework/src/Illuminate/Pipeline/Pipeline.php(209): Illuminate\Http\Middleware\TrustProxies->handle(Object(Illuminate\Http\Request), Object(Closure))
#41 /var/www/html/vendor/laravel/framework/src/Illuminate/Foundation/Http/Middleware/InvokeDeferredCallbacks.php(22): Illuminate\Pipeline\Pipeline->{closure:{closure:Illuminate\Pipeline\Pipeline::carry():184}:185}(Object(Illuminate\Http\Request))
#42 /var/www/html/vendor/laravel/framework/src/Illuminate/Pipeline/Pipeline.php(209): Illuminate\Foundation\Http\Middleware\InvokeDeferredCallbacks->handle(Object(Illuminate\Http\Request), Object(Closure))
#43 /var/www/html/vendor/laravel/framework/src/Illuminate/Pipeline/Pipeline.php(127): Illuminate\Pipeline\Pipeline->{closure:{closure:Illuminate\Pipeline\Pipeline::carry():184}:185}(Object(Illuminate\Http\Request))
#44 /var/www/html/vendor/laravel/framework/src/Illuminate/Foundation/Http/Kernel.php(176): Illuminate\Pipeline\Pipeline->then(Object(Closure))
#45 /var/www/html/vendor/laravel/framework/src/Illuminate/Foundation/Http/Kernel.php(145): Illuminate\Foundation\Http\Kernel->sendRequestThroughRouter(Object(Illuminate\Http\Request))
#46 /var/www/html/vendor/laravel/framework/src/Illuminate/Foundation/Testing/Concerns/MakesHttpRequests.php(607): Illuminate\Foundation\Http\Kernel->handle(Object(Illuminate\Http\Request))
#47 /var/www/html/vendor/laravel/framework/src/Illuminate/Foundation/Testing/Concerns/MakesHttpRequests.php(573): Illuminate\Foundation\Testing\TestCase->call('PUT', '/api/posts/1', Array, Array, Array, Array, '{"title":"New T...')
#48 /var/www/html/vendor/laravel/framework/src/Illuminate/Foundation/Testing/Concerns/MakesHttpRequests.php(441): Illuminate\Foundation\Testing\TestCase->json('PUT', '/api/posts/1', Array, Array, 0)
#49 /var/www/html/tests/Feature/PostTest.php(203): Illuminate\Foundation\Testing\TestCase->putJson('/api/posts/1', Array)
#50 /var/www/html/vendor/pestphp/pest/src/Factories/TestCaseMethodFactory.php(171): P\Tests\Feature\PostTest->{closure:{closure:/var/www/html/tests/Feature/PostTest.php:192}:199}()
#51 [internal function]: P\Tests\Feature\PostTest->{closure:Pest\Factories\TestCaseMethodFactory::getClosure():161}()
#52 /var/www/html/vendor/pestphp/pest/src/Concerns/Testable.php(419): call_user_func_array(Object(Closure), Array)
#53 /var/www/html/vendor/pestphp/pest/src/Support/ExceptionTrace.php(26): P\Tests\Feature\PostTest->{closure:Pest\Concerns\Testable::__callClosure():419}()
#54 /var/www/html/vendor/pestphp/pest/src/Concerns/Testable.php(419): Pest\Support\ExceptionTrace::ensure(Object(Closure))
#55 /var/www/html/vendor/pestphp/pest/src/Concerns/Testable.php(321): P\Tests\Feature\PostTest->__callClosure(Object(Closure), Array)
#56 /var/www/html/vendor/pestphp/pest/src/Factories/TestCaseFactory.php(170) : eval()'d code(212): P\Tests\Feature\PostTest->__runTest(Object(Closure))
#57 /var/www/html/vendor/phpunit/phpunit/src/Framework/TestCase.php(1667): P\Tests\Feature\PostTest->__pest_evaluable__PUT__api_posts__post___→_it_updates_a_post()
#58 /var/www/html/vendor/phpunit/phpunit/src/Framework/TestCase.php(519): PHPUnit\Framework\TestCase->runTest()
#59 /var/www/html/vendor/phpunit/phpunit/src/Framework/TestRunner/TestRunner.php(87): PHPUnit\Framework\TestCase->runBare()
#60 /var/www/html/vendor/phpunit/phpunit/src/Framework/TestCase.php(365): PHPUnit\Framework\TestRunner->run(Object(P\Tests\Feature\PostTest))
#61 /var/www/html/vendor/phpunit/phpunit/src/Framework/TestSuite.php(369): PHPUnit\Framework\TestCase->run()
#62 /var/www/html/vendor/phpunit/phpunit/src/Framework/TestSuite.php(369): PHPUnit\Framework\TestSuite->run()
#63 /var/www/html/vendor/phpunit/phpunit/src/Framework/TestSuite.php(369): PHPUnit\Framework\TestSuite->run()
#64 /var/www/html/vendor/phpunit/phpunit/src/TextUI/TestRunner.php(64): PHPUnit\Framework\TestSuite->run()
#65 /var/www/html/vendor/phpunit/phpunit/src/TextUI/Application.php(211): PHPUnit\TextUI\TestRunner->run(Object(PHPUnit\TextUI\Configuration\Configuration), Object(PHPUnit\Runner\ResultCache\DefaultResultCache), Object(PHPUnit\Framework\TestSuite))
#66 /var/www/html/vendor/pestphp/pest/src/Kernel.php(103): PHPUnit\TextUI\Application->run(Array)
#67 /var/www/html/vendor/pestphp/pest/bin/pest(184): Pest\Kernel->handle(Array, Array)
#68 /var/www/html/vendor/pestphp/pest/bin/pest(192): {closure:/var/www/html/vendor/pestphp/pest/bin/pest:18}()
#69 {main}

----------------------------------------------------------------------------------

Cannot translate attribute `content` as it's not one of the translatable attributes: `title, intro`

  at tests/Feature/PostTest.php:204
    200▕         $this->actingAsAdmin();
    201▕         $post = Post::factory()->create(['title' => 'Old Title']);
    202▕ 
    203▕         $this->putJson("/api/posts/{$post->id}", ['title' => 'New Title', 'content' => 'New content'])
  ➜ 204▕             ->assertSuccessful()
    205▕             ->assertJsonPath('data.title', 'New Title');
    206▕     });
    207▕ 
    208▕     it('replaces links on update', function () {

  ────────────────────────────────────────────────────────────────────────────  
   FAILED  Tests\Feature\PostTest > `PUT /api/posts/…  BadMethodCallException   
  Call to undefined method App\Models\Post::links()

  at vendor/laravel/framework/src/Illuminate/Support/Traits/ForwardsCalls.php:67
     63▕      * @throws \BadMethodCallException
     64▕      */
     65▕     protected static function throwBadMethodCallException($method)
     66▕     {
  ➜  67▕         throw new BadMethodCallException(sprintf(
     68▕             'Call to undefined method %s::%s()', static::class, $method
     69▕         ));
     70▕     }
     71▕ }

      [2m+3 vendor frames [22m
  4   tests/Feature/PostTest.php:211

  ────────────────────────────────────────────────────────────────────────────  
   FAILED  Tests\Feature\PostTest > `PUT /api/posts/{post}` → it syncs tags…    
  Expected response status code [>=200, <300] but received 500.
Failed asserting that false is true.

The following exception occurred during the last request:

Spatie\Translatable\Exceptions\AttributeIsNotTranslatable: Cannot translate attribute `content` as it's not one of the translatable attributes: `title, intro` in /var/www/html/vendor/spatie/laravel-translatable/src/Exceptions/AttributeIsNotTranslatable.php:13
Stack trace:
#0 /var/www/html/vendor/spatie/laravel-translatable/src/HasTranslations.php(283): Spatie\Translatable\Exceptions\AttributeIsNotTranslatable::make('content', Object(App\Models\Post))
#1 /var/www/html/vendor/spatie/laravel-translatable/src/HasTranslations.php(136): App\Models\Post->guardAgainstNonTranslatableAttribute('content')
#2 /var/www/html/vendor/laravel/framework/src/Illuminate/Support/Traits/ForwardsCalls.php(23): App\Models\Post->getTranslations('content')
#3 /var/www/html/vendor/laravel/framework/src/Illuminate/Http/Resources/DelegatesToResource.php(155): Illuminate\Http\Resources\Json\JsonResource->forwardCallTo(Object(App\Models\Post), 'getTranslations', Array)
#4 /var/www/html/app/Http/Resources/PostResource.php(25): Illuminate\Http\Resources\Json\JsonResource->__call('getTranslations', Array)
#5 /var/www/html/vendor/laravel/framework/src/Illuminate/Http/Resources/Json/JsonResource.php(108): App\Http\Resources\PostResource->toArray(Object(Illuminate\Http\Request))
#6 /var/www/html/vendor/laravel/framework/src/Illuminate/Http/Resources/Json/ResourceResponse.php(39): Illuminate\Http\Resources\Json\JsonResource->resolve(Object(Illuminate\Http\Request))
#7 /var/www/html/vendor/laravel/framework/src/Illuminate/Http/Resources/Json/JsonResource.php(245): Illuminate\Http\Resources\Json\ResourceResponse->toResponse(Object(Illuminate\Http\Request))
#8 /var/www/html/vendor/laravel/framework/src/Illuminate/Routing/Router.php(902): Illuminate\Http\Resources\Json\JsonResource->toResponse(Object(Illuminate\Http\Request))
#9 /var/www/html/vendor/laravel/framework/src/Illuminate/Routing/Router.php(887): Illuminate\Routing\Router::toResponse(Object(Illuminate\Http\Request), Object(App\Http\Resources\PostResource))
#10 /var/www/html/vendor/laravel/framework/src/Illuminate/Routing/Router.php(807): Illuminate\Routing\Router->prepareResponse(Object(Illuminate\Http\Request), Object(App\Http\Resources\PostResource))
#11 /var/www/html/vendor/laravel/framework/src/Illuminate/Pipeline/Pipeline.php(170): Illuminate\Routing\Router->{closure:Illuminate\Routing\Router::runRouteWithinStack():807}(Object(Illuminate\Http\Request))
#12 /var/www/html/app/Http/Middleware/RequireRole.php(24): Illuminate\Pipeline\Pipeline->{closure:Illuminate\Pipeline\Pipeline::prepareDestination():168}(Object(Illuminate\Http\Request))
#13 /var/www/html/vendor/laravel/framework/src/Illuminate/Pipeline/Pipeline.php(209): App\Http\Middleware\RequireRole->handle(Object(Illuminate\Http\Request), Object(Closure), 'admin', 'publisher')
#14 /var/www/html/vendor/laravel/framework/src/Illuminate/Routing/Middleware/SubstituteBindings.php(51): Illuminate\Pipeline\Pipeline->{closure:{closure:Illuminate\Pipeline\Pipeline::carry():184}:185}(Object(Illuminate\Http\Request))
#15 /var/www/html/vendor/laravel/framework/src/Illuminate/Pipeline/Pipeline.php(209): Illuminate\Routing\Middleware\SubstituteBindings->handle(Object(Illuminate\Http\Request), Object(Closure))
#16 /var/www/html/vendor/laravel/framework/src/Illuminate/Auth/Middleware/Authenticate.php(64): Illuminate\Pipeline\Pipeline->{closure:{closure:Illuminate\Pipeline\Pipeline::carry():184}:185}(Object(Illuminate\Http\Request))
#17 /var/www/html/vendor/laravel/framework/src/Illuminate/Pipeline/Pipeline.php(209): Illuminate\Auth\Middleware\Authenticate->handle(Object(Illuminate\Http\Request), Object(Closure), 'api')
#18 /var/www/html/vendor/laravel/framework/src/Illuminate/Pipeline/Pipeline.php(127): Illuminate\Pipeline\Pipeline->{closure:{closure:Illuminate\Pipeline\Pipeline::carry():184}:185}(Object(Illuminate\Http\Request))
#19 /var/www/html/vendor/laravel/framework/src/Illuminate/Routing/Router.php(807): Illuminate\Pipeline\Pipeline->then(Object(Closure))
#20 /var/www/html/vendor/laravel/framework/src/Illuminate/Routing/Router.php(786): Illuminate\Routing\Router->runRouteWithinStack(Object(Illuminate\Routing\Route), Object(Illuminate\Http\Request))
#21 /var/www/html/vendor/laravel/framework/src/Illuminate/Routing/Router.php(750): Illuminate\Routing\Router->runRoute(Object(Illuminate\Http\Request), Object(Illuminate\Routing\Route))
#22 /var/www/html/vendor/laravel/framework/src/Illuminate/Routing/Router.php(739): Illuminate\Routing\Router->dispatchToRoute(Object(Illuminate\Http\Request))
#23 /var/www/html/vendor/laravel/framework/src/Illuminate/Foundation/Http/Kernel.php(201): Illuminate\Routing\Router->dispatch(Object(Illuminate\Http\Request))
#24 /var/www/html/vendor/laravel/framework/src/Illuminate/Pipeline/Pipeline.php(170): Illuminate\Foundation\Http\Kernel->{closure:Illuminate\Foundation\Http\Kernel::dispatchToRouter():198}(Object(Illuminate\Http\Request))
#25 /var/www/html/app/Http/Middleware/SetLocale.php(26): Illuminate\Pipeline\Pipeline->{closure:Illuminate\Pipeline\Pipeline::prepareDestination():168}(Object(Illuminate\Http\Request))
#26 /var/www/html/vendor/laravel/framework/src/Illuminate/Pipeline/Pipeline.php(209): App\Http\Middleware\SetLocale->handle(Object(Illuminate\Http\Request), Object(Closure))
#27 /var/www/html/vendor/laravel/framework/src/Illuminate/Foundation/Http/Middleware/TransformsRequest.php(21): Illuminate\Pipeline\Pipeline->{closure:{closure:Illuminate\Pipeline\Pipeline::carry():184}:185}(Object(Illuminate\Http\Request))
#28 /var/www/html/vendor/laravel/framework/src/Illuminate/Foundation/Http/Middleware/ConvertEmptyStringsToNull.php(31): Illuminate\Foundation\Http\Middleware\TransformsRequest->handle(Object(Illuminate\Http\Request), Object(Closure))
#29 /var/www/html/vendor/laravel/framework/src/Illuminate/Pipeline/Pipeline.php(209): Illuminate\Foundation\Http\Middleware\ConvertEmptyStringsToNull->handle(Object(Illuminate\Http\Request), Object(Closure))
#30 /var/www/html/vendor/laravel/framework/src/Illuminate/Foundation/Http/Middleware/TransformsRequest.php(21): Illuminate\Pipeline\Pipeline->{closure:{closure:Illuminate\Pipeline\Pipeline::carry():184}:185}(Object(Illuminate\Http\Request))
#31 /var/www/html/vendor/laravel/framework/src/Illuminate/Foundation/Http/Middleware/TrimStrings.php(51): Illuminate\Foundation\Http\Middleware\TransformsRequest->handle(Object(Illuminate\Http\Request), Object(Closure))
#32 /var/www/html/vendor/laravel/framework/src/Illuminate/Pipeline/Pipeline.php(209): Illuminate\Foundation\Http\Middleware\TrimStrings->handle(Object(Illuminate\Http\Request), Object(Closure))
#33 /var/www/html/vendor/laravel/framework/src/Illuminate/Http/Middleware/ValidatePostSize.php(27): Illuminate\Pipeline\Pipeline->{closure:{closure:Illuminate\Pipeline\Pipeline::carry():184}:185}(Object(Illuminate\Http\Request))
#34 /var/www/html/vendor/laravel/framework/src/Illuminate/Pipeline/Pipeline.php(209): Illuminate\Http\Middleware\ValidatePostSize->handle(Object(Illuminate\Http\Request), Object(Closure))
#35 /var/www/html/vendor/laravel/framework/src/Illuminate/Foundation/Http/Middleware/PreventRequestsDuringMaintenance.php(110): Illuminate\Pipeline\Pipeline->{closure:{closure:Illuminate\Pipeline\Pipeline::carry():184}:185}(Object(Illuminate\Http\Request))
#36 /var/www/html/vendor/laravel/framework/src/Illuminate/Pipeline/Pipeline.php(209): Illuminate\Foundation\Http\Middleware\PreventRequestsDuringMaintenance->handle(Object(Illuminate\Http\Request), Object(Closure))
#37 /var/www/html/vendor/laravel/framework/src/Illuminate/Http/Middleware/HandleCors.php(62): Illuminate\Pipeline\Pipeline->{closure:{closure:Illuminate\Pipeline\Pipeline::carry():184}:185}(Object(Illuminate\Http\Request))
#38 /var/www/html/vendor/laravel/framework/src/Illuminate/Pipeline/Pipeline.php(209): Illuminate\Http\Middleware\HandleCors->handle(Object(Illuminate\Http\Request), Object(Closure))
#39 /var/www/html/vendor/laravel/framework/src/Illuminate/Http/Middleware/TrustProxies.php(58): Illuminate\Pipeline\Pipeline->{closure:{closure:Illuminate\Pipeline\Pipeline::carry():184}:185}(Object(Illuminate\Http\Request))
#40 /var/www/html/vendor/laravel/framework/src/Illuminate/Pipeline/Pipeline.php(209): Illuminate\Http\Middleware\TrustProxies->handle(Object(Illuminate\Http\Request), Object(Closure))
#41 /var/www/html/vendor/laravel/framework/src/Illuminate/Foundation/Http/Middleware/InvokeDeferredCallbacks.php(22): Illuminate\Pipeline\Pipeline->{closure:{closure:Illuminate\Pipeline\Pipeline::carry():184}:185}(Object(Illuminate\Http\Request))
#42 /var/www/html/vendor/laravel/framework/src/Illuminate/Pipeline/Pipeline.php(209): Illuminate\Foundation\Http\Middleware\InvokeDeferredCallbacks->handle(Object(Illuminate\Http\Request), Object(Closure))
#43 /var/www/html/vendor/laravel/framework/src/Illuminate/Pipeline/Pipeline.php(127): Illuminate\Pipeline\Pipeline->{closure:{closure:Illuminate\Pipeline\Pipeline::carry():184}:185}(Object(Illuminate\Http\Request))
#44 /var/www/html/vendor/laravel/framework/src/Illuminate/Foundation/Http/Kernel.php(176): Illuminate\Pipeline\Pipeline->then(Object(Closure))
#45 /var/www/html/vendor/laravel/framework/src/Illuminate/Foundation/Http/Kernel.php(145): Illuminate\Foundation\Http\Kernel->sendRequestThroughRouter(Object(Illuminate\Http\Request))
#46 /var/www/html/vendor/laravel/framework/src/Illuminate/Foundation/Testing/Concerns/MakesHttpRequests.php(607): Illuminate\Foundation\Http\Kernel->handle(Object(Illuminate\Http\Request))
#47 /var/www/html/vendor/laravel/framework/src/Illuminate/Foundation/Testing/Concerns/MakesHttpRequests.php(573): Illuminate\Foundation\Testing\TestCase->call('PUT', '/api/posts/1', Array, Array, Array, Array, '{"tag_ids":[2]}')
#48 /var/www/html/vendor/laravel/framework/src/Illuminate/Foundation/Testing/Concerns/MakesHttpRequests.php(441): Illuminate\Foundation\Testing\TestCase->json('PUT', '/api/posts/1', Array, Array, 0)
#49 /var/www/html/tests/Feature/PostTest.php(228): Illuminate\Foundation\Testing\TestCase->putJson('/api/posts/1', Array)
#50 /var/www/html/vendor/pestphp/pest/src/Factories/TestCaseMethodFactory.php(171): P\Tests\Feature\PostTest->{closure:{closure:/var/www/html/tests/Feature/PostTest.php:192}:221}()
#51 [internal function]: P\Tests\Feature\PostTest->{closure:Pest\Factories\TestCaseMethodFactory::getClosure():161}()
#52 /var/www/html/vendor/pestphp/pest/src/Concerns/Testable.php(419): call_user_func_array(Object(Closure), Array)
#53 /var/www/html/vendor/pestphp/pest/src/Support/ExceptionTrace.php(26): P\Tests\Feature\PostTest->{closure:Pest\Concerns\Testable::__callClosure():419}()
#54 /var/www/html/vendor/pestphp/pest/src/Concerns/Testable.php(419): Pest\Support\ExceptionTrace::ensure(Object(Closure))
#55 /var/www/html/vendor/pestphp/pest/src/Concerns/Testable.php(321): P\Tests\Feature\PostTest->__callClosure(Object(Closure), Array)
#56 /var/www/html/vendor/pestphp/pest/src/Factories/TestCaseFactory.php(170) : eval()'d code(230): P\Tests\Feature\PostTest->__runTest(Object(Closure))
#57 /var/www/html/vendor/phpunit/phpunit/src/Framework/TestCase.php(1667): P\Tests\Feature\PostTest->__pest_evaluable__PUT__api_posts__post___→_it_syncs_tags_on_update()
#58 /var/www/html/vendor/phpunit/phpunit/src/Framework/TestCase.php(519): PHPUnit\Framework\TestCase->runTest()
#59 /var/www/html/vendor/phpunit/phpunit/src/Framework/TestRunner/TestRunner.php(87): PHPUnit\Framework\TestCase->runBare()
#60 /var/www/html/vendor/phpunit/phpunit/src/Framework/TestCase.php(365): PHPUnit\Framework\TestRunner->run(Object(P\Tests\Feature\PostTest))
#61 /var/www/html/vendor/phpunit/phpunit/src/Framework/TestSuite.php(369): PHPUnit\Framework\TestCase->run()
#62 /var/www/html/vendor/phpunit/phpunit/src/Framework/TestSuite.php(369): PHPUnit\Framework\TestSuite->run()
#63 /var/www/html/vendor/phpunit/phpunit/src/Framework/TestSuite.php(369): PHPUnit\Framework\TestSuite->run()
#64 /var/www/html/vendor/phpunit/phpunit/src/TextUI/TestRunner.php(64): PHPUnit\Framework\TestSuite->run()
#65 /var/www/html/vendor/phpunit/phpunit/src/TextUI/Application.php(211): PHPUnit\TextUI\TestRunner->run(Object(PHPUnit\TextUI\Configuration\Configuration), Object(PHPUnit\Runner\ResultCache\DefaultResultCache), Object(PHPUnit\Framework\TestSuite))
#66 /var/www/html/vendor/pestphp/pest/src/Kernel.php(103): PHPUnit\TextUI\Application->run(Array)
#67 /var/www/html/vendor/pestphp/pest/bin/pest(184): Pest\Kernel->handle(Array, Array)
#68 /var/www/html/vendor/pestphp/pest/bin/pest(192): {closure:/var/www/html/vendor/pestphp/pest/bin/pest:18}()
#69 {main}

----------------------------------------------------------------------------------

Cannot translate attribute `content` as it's not one of the translatable attributes: `title, intro`

  at tests/Feature/PostTest.php:228
    224▕         $oldTag = Tag::factory()->create(['name' => 'Old', 'slug_en' => 'old']);
    225▕         $newTag = Tag::factory()->create(['name' => 'New', 'slug_en' => 'new']);
    226▕         $post->tags()->attach($oldTag);
    227▕ 
  ➜ 228▕         $this->putJson("/api/posts/{$post->id}", ['tag_ids' => [$newTag->id]])->assertSuccessful();
    229▕ 
    230▕         $this->assertDatabaseMissing('post_tag', ['post_id' => $post->id, 'tag_id' => $oldTag->id]);
    231▕         $this->assertDatabaseHas('post_tag', ['post_id' => $post->id, 'tag_id' => $newTag->id]);
    232▕     });

  ────────────────────────────────────────────────────────────────────────────  
   FAILED  Tests\Feature\PostTest > it exposes the publication name alongsid…   
  Expected response status code [200] but received 500.
Failed asserting that 500 is identical to 200.

The following exception occurred during the last request:

Spatie\Translatable\Exceptions\AttributeIsNotTranslatable: Cannot translate attribute `content` as it's not one of the translatable attributes: `title, intro` in /var/www/html/vendor/spatie/laravel-translatable/src/Exceptions/AttributeIsNotTranslatable.php:13
Stack trace:
#0 /var/www/html/vendor/spatie/laravel-translatable/src/HasTranslations.php(283): Spatie\Translatable\Exceptions\AttributeIsNotTranslatable::make('content', Object(App\Models\Post))
#1 /var/www/html/vendor/spatie/laravel-translatable/src/HasTranslations.php(136): App\Models\Post->guardAgainstNonTranslatableAttribute('content')
#2 /var/www/html/vendor/laravel/framework/src/Illuminate/Support/Traits/ForwardsCalls.php(23): App\Models\Post->getTranslations('content')
#3 /var/www/html/vendor/laravel/framework/src/Illuminate/Http/Resources/DelegatesToResource.php(155): Illuminate\Http\Resources\Json\JsonResource->forwardCallTo(Object(App\Models\Post), 'getTranslations', Array)
#4 /var/www/html/app/Http/Resources/PostResource.php(25): Illuminate\Http\Resources\Json\JsonResource->__call('getTranslations', Array)
#5 /var/www/html/vendor/laravel/framework/src/Illuminate/Http/Resources/Json/JsonResource.php(108): App\Http\Resources\PostResource->toArray(Object(Illuminate\Http\Request))
#6 /var/www/html/vendor/laravel/framework/src/Illuminate/Http/Resources/Json/ResourceResponse.php(39): Illuminate\Http\Resources\Json\JsonResource->resolve(Object(Illuminate\Http\Request))
#7 /var/www/html/vendor/laravel/framework/src/Illuminate/Http/Resources/Json/JsonResource.php(245): Illuminate\Http\Resources\Json\ResourceResponse->toResponse(Object(Illuminate\Http\Request))
#8 /var/www/html/vendor/laravel/framework/src/Illuminate/Routing/Router.php(902): Illuminate\Http\Resources\Json\JsonResource->toResponse(Object(Illuminate\Http\Request))
#9 /var/www/html/vendor/laravel/framework/src/Illuminate/Routing/Router.php(887): Illuminate\Routing\Router::toResponse(Object(Illuminate\Http\Request), Object(App\Http\Resources\PostResource))
#10 /var/www/html/vendor/laravel/framework/src/Illuminate/Routing/Router.php(807): Illuminate\Routing\Router->prepareResponse(Object(Illuminate\Http\Request), Object(App\Http\Resources\PostResource))
#11 /var/www/html/vendor/laravel/framework/src/Illuminate/Pipeline/Pipeline.php(170): Illuminate\Routing\Router->{closure:Illuminate\Routing\Router::runRouteWithinStack():807}(Object(Illuminate\Http\Request))
#12 /var/www/html/vendor/laravel/framework/src/Illuminate/Routing/Middleware/SubstituteBindings.php(51): Illuminate\Pipeline\Pipeline->{closure:Illuminate\Pipeline\Pipeline::prepareDestination():168}(Object(Illuminate\Http\Request))
#13 /var/www/html/vendor/laravel/framework/src/Illuminate/Pipeline/Pipeline.php(209): Illuminate\Routing\Middleware\SubstituteBindings->handle(Object(Illuminate\Http\Request), Object(Closure))
#14 /var/www/html/vendor/laravel/framework/src/Illuminate/Pipeline/Pipeline.php(127): Illuminate\Pipeline\Pipeline->{closure:{closure:Illuminate\Pipeline\Pipeline::carry():184}:185}(Object(Illuminate\Http\Request))
#15 /var/www/html/vendor/laravel/framework/src/Illuminate/Routing/Router.php(807): Illuminate\Pipeline\Pipeline->then(Object(Closure))
#16 /var/www/html/vendor/laravel/framework/src/Illuminate/Routing/Router.php(786): Illuminate\Routing\Router->runRouteWithinStack(Object(Illuminate\Routing\Route), Object(Illuminate\Http\Request))
#17 /var/www/html/vendor/laravel/framework/src/Illuminate/Routing/Router.php(750): Illuminate\Routing\Router->runRoute(Object(Illuminate\Http\Request), Object(Illuminate\Routing\Route))
#18 /var/www/html/vendor/laravel/framework/src/Illuminate/Routing/Router.php(739): Illuminate\Routing\Router->dispatchToRoute(Object(Illuminate\Http\Request))
#19 /var/www/html/vendor/laravel/framework/src/Illuminate/Foundation/Http/Kernel.php(201): Illuminate\Routing\Router->dispatch(Object(Illuminate\Http\Request))
#20 /var/www/html/vendor/laravel/framework/src/Illuminate/Pipeline/Pipeline.php(170): Illuminate\Foundation\Http\Kernel->{closure:Illuminate\Foundation\Http\Kernel::dispatchToRouter():198}(Object(Illuminate\Http\Request))
#21 /var/www/html/app/Http/Middleware/SetLocale.php(26): Illuminate\Pipeline\Pipeline->{closure:Illuminate\Pipeline\Pipeline::prepareDestination():168}(Object(Illuminate\Http\Request))
#22 /var/www/html/vendor/laravel/framework/src/Illuminate/Pipeline/Pipeline.php(209): App\Http\Middleware\SetLocale->handle(Object(Illuminate\Http\Request), Object(Closure))
#23 /var/www/html/vendor/laravel/framework/src/Illuminate/Foundation/Http/Middleware/TransformsRequest.php(21): Illuminate\Pipeline\Pipeline->{closure:{closure:Illuminate\Pipeline\Pipeline::carry():184}:185}(Object(Illuminate\Http\Request))
#24 /var/www/html/vendor/laravel/framework/src/Illuminate/Foundation/Http/Middleware/ConvertEmptyStringsToNull.php(31): Illuminate\Foundation\Http\Middleware\TransformsRequest->handle(Object(Illuminate\Http\Request), Object(Closure))
#25 /var/www/html/vendor/laravel/framework/src/Illuminate/Pipeline/Pipeline.php(209): Illuminate\Foundation\Http\Middleware\ConvertEmptyStringsToNull->handle(Object(Illuminate\Http\Request), Object(Closure))
#26 /var/www/html/vendor/laravel/framework/src/Illuminate/Foundation/Http/Middleware/TransformsRequest.php(21): Illuminate\Pipeline\Pipeline->{closure:{closure:Illuminate\Pipeline\Pipeline::carry():184}:185}(Object(Illuminate\Http\Request))
#27 /var/www/html/vendor/laravel/framework/src/Illuminate/Foundation/Http/Middleware/TrimStrings.php(51): Illuminate\Foundation\Http\Middleware\TransformsRequest->handle(Object(Illuminate\Http\Request), Object(Closure))
#28 /var/www/html/vendor/laravel/framework/src/Illuminate/Pipeline/Pipeline.php(209): Illuminate\Foundation\Http\Middleware\TrimStrings->handle(Object(Illuminate\Http\Request), Object(Closure))
#29 /var/www/html/vendor/laravel/framework/src/Illuminate/Http/Middleware/ValidatePostSize.php(27): Illuminate\Pipeline\Pipeline->{closure:{closure:Illuminate\Pipeline\Pipeline::carry():184}:185}(Object(Illuminate\Http\Request))
#30 /var/www/html/vendor/laravel/framework/src/Illuminate/Pipeline/Pipeline.php(209): Illuminate\Http\Middleware\ValidatePostSize->handle(Object(Illuminate\Http\Request), Object(Closure))
#31 /var/www/html/vendor/laravel/framework/src/Illuminate/Foundation/Http/Middleware/PreventRequestsDuringMaintenance.php(110): Illuminate\Pipeline\Pipeline->{closure:{closure:Illuminate\Pipeline\Pipeline::carry():184}:185}(Object(Illuminate\Http\Request))
#32 /var/www/html/vendor/laravel/framework/src/Illuminate/Pipeline/Pipeline.php(209): Illuminate\Foundation\Http\Middleware\PreventRequestsDuringMaintenance->handle(Object(Illuminate\Http\Request), Object(Closure))
#33 /var/www/html/vendor/laravel/framework/src/Illuminate/Http/Middleware/HandleCors.php(62): Illuminate\Pipeline\Pipeline->{closure:{closure:Illuminate\Pipeline\Pipeline::carry():184}:185}(Object(Illuminate\Http\Request))
#34 /var/www/html/vendor/laravel/framework/src/Illuminate/Pipeline/Pipeline.php(209): Illuminate\Http\Middleware\HandleCors->handle(Object(Illuminate\Http\Request), Object(Closure))
#35 /var/www/html/vendor/laravel/framework/src/Illuminate/Http/Middleware/TrustProxies.php(58): Illuminate\Pipeline\Pipeline->{closure:{closure:Illuminate\Pipeline\Pipeline::carry():184}:185}(Object(Illuminate\Http\Request))
#36 /var/www/html/vendor/laravel/framework/src/Illuminate/Pipeline/Pipeline.php(209): Illuminate\Http\Middleware\TrustProxies->handle(Object(Illuminate\Http\Request), Object(Closure))
#37 /var/www/html/vendor/laravel/framework/src/Illuminate/Foundation/Http/Middleware/InvokeDeferredCallbacks.php(22): Illuminate\Pipeline\Pipeline->{closure:{closure:Illuminate\Pipeline\Pipeline::carry():184}:185}(Object(Illuminate\Http\Request))
#38 /var/www/html/vendor/laravel/framework/src/Illuminate/Pipeline/Pipeline.php(209): Illuminate\Foundation\Http\Middleware\InvokeDeferredCallbacks->handle(Object(Illuminate\Http\Request), Object(Closure))
#39 /var/www/html/vendor/laravel/framework/src/Illuminate/Pipeline/Pipeline.php(127): Illuminate\Pipeline\Pipeline->{closure:{closure:Illuminate\Pipeline\Pipeline::carry():184}:185}(Object(Illuminate\Http\Request))
#40 /var/www/html/vendor/laravel/framework/src/Illuminate/Foundation/Http/Kernel.php(176): Illuminate\Pipeline\Pipeline->then(Object(Closure))
#41 /var/www/html/vendor/laravel/framework/src/Illuminate/Foundation/Http/Kernel.php(145): Illuminate\Foundation\Http\Kernel->sendRequestThroughRouter(Object(Illuminate\Http\Request))
#42 /var/www/html/vendor/laravel/framework/src/Illuminate/Foundation/Testing/Concerns/MakesHttpRequests.php(607): Illuminate\Foundation\Http\Kernel->handle(Object(Illuminate\Http\Request))
#43 /var/www/html/vendor/laravel/framework/src/Illuminate/Foundation/Testing/Concerns/MakesHttpRequests.php(573): Illuminate\Foundation\Testing\TestCase->call('GET', '/api/posts/1', Array, Array, Array, Array, '[]')
#44 /var/www/html/vendor/laravel/framework/src/Illuminate/Foundation/Testing/Concerns/MakesHttpRequests.php(381): Illuminate\Foundation\Testing\TestCase->json('GET', '/api/posts/1', Array, Array, 0)
#45 /var/www/html/tests/Feature/PostTest.php(287): Illuminate\Foundation\Testing\TestCase->getJson('/api/posts/1')
#46 /var/www/html/vendor/pestphp/pest/src/Factories/TestCaseMethodFactory.php(171): P\Tests\Feature\PostTest->{closure:/var/www/html/tests/Feature/PostTest.php:275}()
#47 [internal function]: P\Tests\Feature\PostTest->{closure:Pest\Factories\TestCaseMethodFactory::getClosure():161}()
#48 /var/www/html/vendor/pestphp/pest/src/Concerns/Testable.php(419): call_user_func_array(Object(Closure), Array)
#49 /var/www/html/vendor/pestphp/pest/src/Support/ExceptionTrace.php(26): P\Tests\Feature\PostTest->{closure:Pest\Concerns\Testable::__callClosure():419}()
#50 /var/www/html/vendor/pestphp/pest/src/Concerns/Testable.php(419): Pest\Support\ExceptionTrace::ensure(Object(Closure))
#51 /var/www/html/vendor/pestphp/pest/src/Concerns/Testable.php(321): P\Tests\Feature\PostTest->__callClosure(Object(Closure), Array)
#52 /var/www/html/vendor/pestphp/pest/src/Factories/TestCaseFactory.php(170) : eval()'d code(284): P\Tests\Feature\PostTest->__runTest(Object(Closure))
#53 /var/www/html/vendor/phpunit/phpunit/src/Framework/TestCase.php(1667): P\Tests\Feature\PostTest->__pest_evaluable_it_exposes_the_publication_name_alongside_each_press_release()
#54 /var/www/html/vendor/phpunit/phpunit/src/Framework/TestCase.php(519): PHPUnit\Framework\TestCase->runTest()
#55 /var/www/html/vendor/phpunit/phpunit/src/Framework/TestRunner/TestRunner.php(87): PHPUnit\Framework\TestCase->runBare()
#56 /var/www/html/vendor/phpunit/phpunit/src/Framework/TestCase.php(365): PHPUnit\Framework\TestRunner->run(Object(P\Tests\Feature\PostTest))
#57 /var/www/html/vendor/phpunit/phpunit/src/Framework/TestSuite.php(369): PHPUnit\Framework\TestCase->run()
#58 /var/www/html/vendor/phpunit/phpunit/src/Framework/TestSuite.php(369): PHPUnit\Framework\TestSuite->run()
#59 /var/www/html/vendor/phpunit/phpunit/src/Framework/TestSuite.php(369): PHPUnit\Framework\TestSuite->run()
#60 /var/www/html/vendor/phpunit/phpunit/src/TextUI/TestRunner.php(64): PHPUnit\Framework\TestSuite->run()
#61 /var/www/html/vendor/phpunit/phpunit/src/TextUI/Application.php(211): PHPUnit\TextUI\TestRunner->run(Object(PHPUnit\TextUI\Configuration\Configuration), Object(PHPUnit\Runner\ResultCache\DefaultResultCache), Object(PHPUnit\Framework\TestSuite))
#62 /var/www/html/vendor/pestphp/pest/src/Kernel.php(103): PHPUnit\TextUI\Application->run(Array)
#63 /var/www/html/vendor/pestphp/pest/bin/pest(184): Pest\Kernel->handle(Array, Array)
#64 /var/www/html/vendor/pestphp/pest/bin/pest(192): {closure:/var/www/html/vendor/pestphp/pest/bin/pest:18}()
#65 {main}

----------------------------------------------------------------------------------

Cannot translate attribute `content` as it's not one of the translatable attributes: `title, intro`

  at tests/Feature/PostTest.php:288
    284▕     ]);
    285▕     $post->pressReleases()->attach($press->id);
    286▕ 
    287▕     $this->getJson("/api/posts/{$post->id}")
  ➜ 288▕         ->assertOk()
    289▕         ->assertJsonPath('data.press_releases.0.site', 'Gazeta Ska')
    290▕         ->assertJsonPath('data.press_releases.0.title', 'The most exciting brass on the scene')
    291▕         ->assertJsonPath('data.press_releases.0.url', 'https://gazeta-ska.example/review');
    292▕ });

  ────────────────────────────────────────────────────────────────────────────  
   FAILED  Tests\Feature\PostTest > it falls back to the url host when no si…   
  Expected response status code [200] but received 500.
Failed asserting that 500 is identical to 200.

The following exception occurred during the last request:

Spatie\Translatable\Exceptions\AttributeIsNotTranslatable: Cannot translate attribute `content` as it's not one of the translatable attributes: `title, intro` in /var/www/html/vendor/spatie/laravel-translatable/src/Exceptions/AttributeIsNotTranslatable.php:13
Stack trace:
#0 /var/www/html/vendor/spatie/laravel-translatable/src/HasTranslations.php(283): Spatie\Translatable\Exceptions\AttributeIsNotTranslatable::make('content', Object(App\Models\Post))
#1 /var/www/html/vendor/spatie/laravel-translatable/src/HasTranslations.php(136): App\Models\Post->guardAgainstNonTranslatableAttribute('content')
#2 /var/www/html/vendor/laravel/framework/src/Illuminate/Support/Traits/ForwardsCalls.php(23): App\Models\Post->getTranslations('content')
#3 /var/www/html/vendor/laravel/framework/src/Illuminate/Http/Resources/DelegatesToResource.php(155): Illuminate\Http\Resources\Json\JsonResource->forwardCallTo(Object(App\Models\Post), 'getTranslations', Array)
#4 /var/www/html/app/Http/Resources/PostResource.php(25): Illuminate\Http\Resources\Json\JsonResource->__call('getTranslations', Array)
#5 /var/www/html/vendor/laravel/framework/src/Illuminate/Http/Resources/Json/JsonResource.php(108): App\Http\Resources\PostResource->toArray(Object(Illuminate\Http\Request))
#6 /var/www/html/vendor/laravel/framework/src/Illuminate/Http/Resources/Json/ResourceResponse.php(39): Illuminate\Http\Resources\Json\JsonResource->resolve(Object(Illuminate\Http\Request))
#7 /var/www/html/vendor/laravel/framework/src/Illuminate/Http/Resources/Json/JsonResource.php(245): Illuminate\Http\Resources\Json\ResourceResponse->toResponse(Object(Illuminate\Http\Request))
#8 /var/www/html/vendor/laravel/framework/src/Illuminate/Routing/Router.php(902): Illuminate\Http\Resources\Json\JsonResource->toResponse(Object(Illuminate\Http\Request))
#9 /var/www/html/vendor/laravel/framework/src/Illuminate/Routing/Router.php(887): Illuminate\Routing\Router::toResponse(Object(Illuminate\Http\Request), Object(App\Http\Resources\PostResource))
#10 /var/www/html/vendor/laravel/framework/src/Illuminate/Routing/Router.php(807): Illuminate\Routing\Router->prepareResponse(Object(Illuminate\Http\Request), Object(App\Http\Resources\PostResource))
#11 /var/www/html/vendor/laravel/framework/src/Illuminate/Pipeline/Pipeline.php(170): Illuminate\Routing\Router->{closure:Illuminate\Routing\Router::runRouteWithinStack():807}(Object(Illuminate\Http\Request))
#12 /var/www/html/vendor/laravel/framework/src/Illuminate/Routing/Middleware/SubstituteBindings.php(51): Illuminate\Pipeline\Pipeline->{closure:Illuminate\Pipeline\Pipeline::prepareDestination():168}(Object(Illuminate\Http\Request))
#13 /var/www/html/vendor/laravel/framework/src/Illuminate/Pipeline/Pipeline.php(209): Illuminate\Routing\Middleware\SubstituteBindings->handle(Object(Illuminate\Http\Request), Object(Closure))
#14 /var/www/html/vendor/laravel/framework/src/Illuminate/Pipeline/Pipeline.php(127): Illuminate\Pipeline\Pipeline->{closure:{closure:Illuminate\Pipeline\Pipeline::carry():184}:185}(Object(Illuminate\Http\Request))
#15 /var/www/html/vendor/laravel/framework/src/Illuminate/Routing/Router.php(807): Illuminate\Pipeline\Pipeline->then(Object(Closure))
#16 /var/www/html/vendor/laravel/framework/src/Illuminate/Routing/Router.php(786): Illuminate\Routing\Router->runRouteWithinStack(Object(Illuminate\Routing\Route), Object(Illuminate\Http\Request))
#17 /var/www/html/vendor/laravel/framework/src/Illuminate/Routing/Router.php(750): Illuminate\Routing\Router->runRoute(Object(Illuminate\Http\Request), Object(Illuminate\Routing\Route))
#18 /var/www/html/vendor/laravel/framework/src/Illuminate/Routing/Router.php(739): Illuminate\Routing\Router->dispatchToRoute(Object(Illuminate\Http\Request))
#19 /var/www/html/vendor/laravel/framework/src/Illuminate/Foundation/Http/Kernel.php(201): Illuminate\Routing\Router->dispatch(Object(Illuminate\Http\Request))
#20 /var/www/html/vendor/laravel/framework/src/Illuminate/Pipeline/Pipeline.php(170): Illuminate\Foundation\Http\Kernel->{closure:Illuminate\Foundation\Http\Kernel::dispatchToRouter():198}(Object(Illuminate\Http\Request))
#21 /var/www/html/app/Http/Middleware/SetLocale.php(26): Illuminate\Pipeline\Pipeline->{closure:Illuminate\Pipeline\Pipeline::prepareDestination():168}(Object(Illuminate\Http\Request))
#22 /var/www/html/vendor/laravel/framework/src/Illuminate/Pipeline/Pipeline.php(209): App\Http\Middleware\SetLocale->handle(Object(Illuminate\Http\Request), Object(Closure))
#23 /var/www/html/vendor/laravel/framework/src/Illuminate/Foundation/Http/Middleware/TransformsRequest.php(21): Illuminate\Pipeline\Pipeline->{closure:{closure:Illuminate\Pipeline\Pipeline::carry():184}:185}(Object(Illuminate\Http\Request))
#24 /var/www/html/vendor/laravel/framework/src/Illuminate/Foundation/Http/Middleware/ConvertEmptyStringsToNull.php(31): Illuminate\Foundation\Http\Middleware\TransformsRequest->handle(Object(Illuminate\Http\Request), Object(Closure))
#25 /var/www/html/vendor/laravel/framework/src/Illuminate/Pipeline/Pipeline.php(209): Illuminate\Foundation\Http\Middleware\ConvertEmptyStringsToNull->handle(Object(Illuminate\Http\Request), Object(Closure))
#26 /var/www/html/vendor/laravel/framework/src/Illuminate/Foundation/Http/Middleware/TransformsRequest.php(21): Illuminate\Pipeline\Pipeline->{closure:{closure:Illuminate\Pipeline\Pipeline::carry():184}:185}(Object(Illuminate\Http\Request))
#27 /var/www/html/vendor/laravel/framework/src/Illuminate/Foundation/Http/Middleware/TrimStrings.php(51): Illuminate\Foundation\Http\Middleware\TransformsRequest->handle(Object(Illuminate\Http\Request), Object(Closure))
#28 /var/www/html/vendor/laravel/framework/src/Illuminate/Pipeline/Pipeline.php(209): Illuminate\Foundation\Http\Middleware\TrimStrings->handle(Object(Illuminate\Http\Request), Object(Closure))
#29 /var/www/html/vendor/laravel/framework/src/Illuminate/Http/Middleware/ValidatePostSize.php(27): Illuminate\Pipeline\Pipeline->{closure:{closure:Illuminate\Pipeline\Pipeline::carry():184}:185}(Object(Illuminate\Http\Request))
#30 /var/www/html/vendor/laravel/framework/src/Illuminate/Pipeline/Pipeline.php(209): Illuminate\Http\Middleware\ValidatePostSize->handle(Object(Illuminate\Http\Request), Object(Closure))
#31 /var/www/html/vendor/laravel/framework/src/Illuminate/Foundation/Http/Middleware/PreventRequestsDuringMaintenance.php(110): Illuminate\Pipeline\Pipeline->{closure:{closure:Illuminate\Pipeline\Pipeline::carry():184}:185}(Object(Illuminate\Http\Request))
#32 /var/www/html/vendor/laravel/framework/src/Illuminate/Pipeline/Pipeline.php(209): Illuminate\Foundation\Http\Middleware\PreventRequestsDuringMaintenance->handle(Object(Illuminate\Http\Request), Object(Closure))
#33 /var/www/html/vendor/laravel/framework/src/Illuminate/Http/Middleware/HandleCors.php(62): Illuminate\Pipeline\Pipeline->{closure:{closure:Illuminate\Pipeline\Pipeline::carry():184}:185}(Object(Illuminate\Http\Request))
#34 /var/www/html/vendor/laravel/framework/src/Illuminate/Pipeline/Pipeline.php(209): Illuminate\Http\Middleware\HandleCors->handle(Object(Illuminate\Http\Request), Object(Closure))
#35 /var/www/html/vendor/laravel/framework/src/Illuminate/Http/Middleware/TrustProxies.php(58): Illuminate\Pipeline\Pipeline->{closure:{closure:Illuminate\Pipeline\Pipeline::carry():184}:185}(Object(Illuminate\Http\Request))
#36 /var/www/html/vendor/laravel/framework/src/Illuminate/Pipeline/Pipeline.php(209): Illuminate\Http\Middleware\TrustProxies->handle(Object(Illuminate\Http\Request), Object(Closure))
#37 /var/www/html/vendor/laravel/framework/src/Illuminate/Foundation/Http/Middleware/InvokeDeferredCallbacks.php(22): Illuminate\Pipeline\Pipeline->{closure:{closure:Illuminate\Pipeline\Pipeline::carry():184}:185}(Object(Illuminate\Http\Request))
#38 /var/www/html/vendor/laravel/framework/src/Illuminate/Pipeline/Pipeline.php(209): Illuminate\Foundation\Http\Middleware\InvokeDeferredCallbacks->handle(Object(Illuminate\Http\Request), Object(Closure))
#39 /var/www/html/vendor/laravel/framework/src/Illuminate/Pipeline/Pipeline.php(127): Illuminate\Pipeline\Pipeline->{closure:{closure:Illuminate\Pipeline\Pipeline::carry():184}:185}(Object(Illuminate\Http\Request))
#40 /var/www/html/vendor/laravel/framework/src/Illuminate/Foundation/Http/Kernel.php(176): Illuminate\Pipeline\Pipeline->then(Object(Closure))
#41 /var/www/html/vendor/laravel/framework/src/Illuminate/Foundation/Http/Kernel.php(145): Illuminate\Foundation\Http\Kernel->sendRequestThroughRouter(Object(Illuminate\Http\Request))
#42 /var/www/html/vendor/laravel/framework/src/Illuminate/Foundation/Testing/Concerns/MakesHttpRequests.php(607): Illuminate\Foundation\Http\Kernel->handle(Object(Illuminate\Http\Request))
#43 /var/www/html/vendor/laravel/framework/src/Illuminate/Foundation/Testing/Concerns/MakesHttpRequests.php(573): Illuminate\Foundation\Testing\TestCase->call('GET', '/api/posts/1', Array, Array, Array, Array, '[]')
#44 /var/www/html/vendor/laravel/framework/src/Illuminate/Foundation/Testing/Concerns/MakesHttpRequests.php(381): Illuminate\Foundation\Testing\TestCase->json('GET', '/api/posts/1', Array, Array, 0)
#45 /var/www/html/tests/Feature/PostTest.php(307): Illuminate\Foundation\Testing\TestCase->getJson('/api/posts/1')
#46 /var/www/html/vendor/pestphp/pest/src/Factories/TestCaseMethodFactory.php(171): P\Tests\Feature\PostTest->{closure:/var/www/html/tests/Feature/PostTest.php:296}()
#47 [internal function]: P\Tests\Feature\PostTest->{closure:Pest\Factories\TestCaseMethodFactory::getClosure():161}()
#48 /var/www/html/vendor/pestphp/pest/src/Concerns/Testable.php(419): call_user_func_array(Object(Closure), Array)
#49 /var/www/html/vendor/pestphp/pest/src/Support/ExceptionTrace.php(26): P\Tests\Feature\PostTest->{closure:Pest\Concerns\Testable::__callClosure():419}()
#50 /var/www/html/vendor/pestphp/pest/src/Concerns/Testable.php(419): Pest\Support\ExceptionTrace::ensure(Object(Closure))
#51 /var/www/html/vendor/pestphp/pest/src/Concerns/Testable.php(321): P\Tests\Feature\PostTest->__callClosure(Object(Closure), Array)
#52 /var/www/html/vendor/pestphp/pest/src/Factories/TestCaseFactory.php(170) : eval()'d code(293): P\Tests\Feature\PostTest->__runTest(Object(Closure))
#53 /var/www/html/vendor/phpunit/phpunit/src/Framework/TestCase.php(1667): P\Tests\Feature\PostTest->__pest_evaluable_it_falls_back_to_the_url_host_when_no_site_name_was_scraped()
#54 /var/www/html/vendor/phpunit/phpunit/src/Framework/TestCase.php(519): PHPUnit\Framework\TestCase->runTest()
#55 /var/www/html/vendor/phpunit/phpunit/src/Framework/TestRunner/TestRunner.php(87): PHPUnit\Framework\TestCase->runBare()
#56 /var/www/html/vendor/phpunit/phpunit/src/Framework/TestCase.php(365): PHPUnit\Framework\TestRunner->run(Object(P\Tests\Feature\PostTest))
#57 /var/www/html/vendor/phpunit/phpunit/src/Framework/TestSuite.php(369): PHPUnit\Framework\TestCase->run()
#58 /var/www/html/vendor/phpunit/phpunit/src/Framework/TestSuite.php(369): PHPUnit\Framework\TestSuite->run()
#59 /var/www/html/vendor/phpunit/phpunit/src/Framework/TestSuite.php(369): PHPUnit\Framework\TestSuite->run()
#60 /var/www/html/vendor/phpunit/phpunit/src/TextUI/TestRunner.php(64): PHPUnit\Framework\TestSuite->run()
#61 /var/www/html/vendor/phpunit/phpunit/src/TextUI/Application.php(211): PHPUnit\TextUI\TestRunner->run(Object(PHPUnit\TextUI\Configuration\Configuration), Object(PHPUnit\Runner\ResultCache\DefaultResultCache), Object(PHPUnit\Framework\TestSuite))
#62 /var/www/html/vendor/pestphp/pest/src/Kernel.php(103): PHPUnit\TextUI\Application->run(Array)
#63 /var/www/html/vendor/pestphp/pest/bin/pest(184): Pest\Kernel->handle(Array, Array)
#64 /var/www/html/vendor/pestphp/pest/bin/pest(192): {closure:/var/www/html/vendor/pestphp/pest/bin/pest:18}()
#65 {main}

----------------------------------------------------------------------------------

Cannot translate attribute `content` as it's not one of the translatable attributes: `title, intro`

  at tests/Feature/PostTest.php:308
    304▕     ]);
    305▕     $post->pressReleases()->attach($press->id);
    306▕ 
    307▕     $this->getJson("/api/posts/{$post->id}")
  ➜ 308▕         ->assertOk()
    309▕         ->assertJsonPath('data.press_releases.0.site', 'brassbass.example');
    310▕ });
    311▕ 
    312▕ it('omits press releases for a post with no coverage', function () {

  ────────────────────────────────────────────────────────────────────────────  
   FAILED  Tests\Feature\PostTest > it omits press releases for a post with…    
  Expected response status code [200] but received 500.
Failed asserting that 500 is identical to 200.

The following exception occurred during the last request:

Spatie\Translatable\Exceptions\AttributeIsNotTranslatable: Cannot translate attribute `content` as it's not one of the translatable attributes: `title, intro` in /var/www/html/vendor/spatie/laravel-translatable/src/Exceptions/AttributeIsNotTranslatable.php:13
Stack trace:
#0 /var/www/html/vendor/spatie/laravel-translatable/src/HasTranslations.php(283): Spatie\Translatable\Exceptions\AttributeIsNotTranslatable::make('content', Object(App\Models\Post))
#1 /var/www/html/vendor/spatie/laravel-translatable/src/HasTranslations.php(136): App\Models\Post->guardAgainstNonTranslatableAttribute('content')
#2 /var/www/html/vendor/laravel/framework/src/Illuminate/Support/Traits/ForwardsCalls.php(23): App\Models\Post->getTranslations('content')
#3 /var/www/html/vendor/laravel/framework/src/Illuminate/Http/Resources/DelegatesToResource.php(155): Illuminate\Http\Resources\Json\JsonResource->forwardCallTo(Object(App\Models\Post), 'getTranslations', Array)
#4 /var/www/html/app/Http/Resources/PostResource.php(25): Illuminate\Http\Resources\Json\JsonResource->__call('getTranslations', Array)
#5 /var/www/html/vendor/laravel/framework/src/Illuminate/Http/Resources/Json/JsonResource.php(108): App\Http\Resources\PostResource->toArray(Object(Illuminate\Http\Request))
#6 /var/www/html/vendor/laravel/framework/src/Illuminate/Http/Resources/Json/ResourceResponse.php(39): Illuminate\Http\Resources\Json\JsonResource->resolve(Object(Illuminate\Http\Request))
#7 /var/www/html/vendor/laravel/framework/src/Illuminate/Http/Resources/Json/JsonResource.php(245): Illuminate\Http\Resources\Json\ResourceResponse->toResponse(Object(Illuminate\Http\Request))
#8 /var/www/html/vendor/laravel/framework/src/Illuminate/Routing/Router.php(902): Illuminate\Http\Resources\Json\JsonResource->toResponse(Object(Illuminate\Http\Request))
#9 /var/www/html/vendor/laravel/framework/src/Illuminate/Routing/Router.php(887): Illuminate\Routing\Router::toResponse(Object(Illuminate\Http\Request), Object(App\Http\Resources\PostResource))
#10 /var/www/html/vendor/laravel/framework/src/Illuminate/Routing/Router.php(807): Illuminate\Routing\Router->prepareResponse(Object(Illuminate\Http\Request), Object(App\Http\Resources\PostResource))
#11 /var/www/html/vendor/laravel/framework/src/Illuminate/Pipeline/Pipeline.php(170): Illuminate\Routing\Router->{closure:Illuminate\Routing\Router::runRouteWithinStack():807}(Object(Illuminate\Http\Request))
#12 /var/www/html/vendor/laravel/framework/src/Illuminate/Routing/Middleware/SubstituteBindings.php(51): Illuminate\Pipeline\Pipeline->{closure:Illuminate\Pipeline\Pipeline::prepareDestination():168}(Object(Illuminate\Http\Request))
#13 /var/www/html/vendor/laravel/framework/src/Illuminate/Pipeline/Pipeline.php(209): Illuminate\Routing\Middleware\SubstituteBindings->handle(Object(Illuminate\Http\Request), Object(Closure))
#14 /var/www/html/vendor/laravel/framework/src/Illuminate/Pipeline/Pipeline.php(127): Illuminate\Pipeline\Pipeline->{closure:{closure:Illuminate\Pipeline\Pipeline::carry():184}:185}(Object(Illuminate\Http\Request))
#15 /var/www/html/vendor/laravel/framework/src/Illuminate/Routing/Router.php(807): Illuminate\Pipeline\Pipeline->then(Object(Closure))
#16 /var/www/html/vendor/laravel/framework/src/Illuminate/Routing/Router.php(786): Illuminate\Routing\Router->runRouteWithinStack(Object(Illuminate\Routing\Route), Object(Illuminate\Http\Request))
#17 /var/www/html/vendor/laravel/framework/src/Illuminate/Routing/Router.php(750): Illuminate\Routing\Router->runRoute(Object(Illuminate\Http\Request), Object(Illuminate\Routing\Route))
#18 /var/www/html/vendor/laravel/framework/src/Illuminate/Routing/Router.php(739): Illuminate\Routing\Router->dispatchToRoute(Object(Illuminate\Http\Request))
#19 /var/www/html/vendor/laravel/framework/src/Illuminate/Foundation/Http/Kernel.php(201): Illuminate\Routing\Router->dispatch(Object(Illuminate\Http\Request))
#20 /var/www/html/vendor/laravel/framework/src/Illuminate/Pipeline/Pipeline.php(170): Illuminate\Foundation\Http\Kernel->{closure:Illuminate\Foundation\Http\Kernel::dispatchToRouter():198}(Object(Illuminate\Http\Request))
#21 /var/www/html/app/Http/Middleware/SetLocale.php(26): Illuminate\Pipeline\Pipeline->{closure:Illuminate\Pipeline\Pipeline::prepareDestination():168}(Object(Illuminate\Http\Request))
#22 /var/www/html/vendor/laravel/framework/src/Illuminate/Pipeline/Pipeline.php(209): App\Http\Middleware\SetLocale->handle(Object(Illuminate\Http\Request), Object(Closure))
#23 /var/www/html/vendor/laravel/framework/src/Illuminate/Foundation/Http/Middleware/TransformsRequest.php(21): Illuminate\Pipeline\Pipeline->{closure:{closure:Illuminate\Pipeline\Pipeline::carry():184}:185}(Object(Illuminate\Http\Request))
#24 /var/www/html/vendor/laravel/framework/src/Illuminate/Foundation/Http/Middleware/ConvertEmptyStringsToNull.php(31): Illuminate\Foundation\Http\Middleware\TransformsRequest->handle(Object(Illuminate\Http\Request), Object(Closure))
#25 /var/www/html/vendor/laravel/framework/src/Illuminate/Pipeline/Pipeline.php(209): Illuminate\Foundation\Http\Middleware\ConvertEmptyStringsToNull->handle(Object(Illuminate\Http\Request), Object(Closure))
#26 /var/www/html/vendor/laravel/framework/src/Illuminate/Foundation/Http/Middleware/TransformsRequest.php(21): Illuminate\Pipeline\Pipeline->{closure:{closure:Illuminate\Pipeline\Pipeline::carry():184}:185}(Object(Illuminate\Http\Request))
#27 /var/www/html/vendor/laravel/framework/src/Illuminate/Foundation/Http/Middleware/TrimStrings.php(51): Illuminate\Foundation\Http\Middleware\TransformsRequest->handle(Object(Illuminate\Http\Request), Object(Closure))
#28 /var/www/html/vendor/laravel/framework/src/Illuminate/Pipeline/Pipeline.php(209): Illuminate\Foundation\Http\Middleware\TrimStrings->handle(Object(Illuminate\Http\Request), Object(Closure))
#29 /var/www/html/vendor/laravel/framework/src/Illuminate/Http/Middleware/ValidatePostSize.php(27): Illuminate\Pipeline\Pipeline->{closure:{closure:Illuminate\Pipeline\Pipeline::carry():184}:185}(Object(Illuminate\Http\Request))
#30 /var/www/html/vendor/laravel/framework/src/Illuminate/Pipeline/Pipeline.php(209): Illuminate\Http\Middleware\ValidatePostSize->handle(Object(Illuminate\Http\Request), Object(Closure))
#31 /var/www/html/vendor/laravel/framework/src/Illuminate/Foundation/Http/Middleware/PreventRequestsDuringMaintenance.php(110): Illuminate\Pipeline\Pipeline->{closure:{closure:Illuminate\Pipeline\Pipeline::carry():184}:185}(Object(Illuminate\Http\Request))
#32 /var/www/html/vendor/laravel/framework/src/Illuminate/Pipeline/Pipeline.php(209): Illuminate\Foundation\Http\Middleware\PreventRequestsDuringMaintenance->handle(Object(Illuminate\Http\Request), Object(Closure))
#33 /var/www/html/vendor/laravel/framework/src/Illuminate/Http/Middleware/HandleCors.php(62): Illuminate\Pipeline\Pipeline->{closure:{closure:Illuminate\Pipeline\Pipeline::carry():184}:185}(Object(Illuminate\Http\Request))
#34 /var/www/html/vendor/laravel/framework/src/Illuminate/Pipeline/Pipeline.php(209): Illuminate\Http\Middleware\HandleCors->handle(Object(Illuminate\Http\Request), Object(Closure))
#35 /var/www/html/vendor/laravel/framework/src/Illuminate/Http/Middleware/TrustProxies.php(58): Illuminate\Pipeline\Pipeline->{closure:{closure:Illuminate\Pipeline\Pipeline::carry():184}:185}(Object(Illuminate\Http\Request))
#36 /var/www/html/vendor/laravel/framework/src/Illuminate/Pipeline/Pipeline.php(209): Illuminate\Http\Middleware\TrustProxies->handle(Object(Illuminate\Http\Request), Object(Closure))
#37 /var/www/html/vendor/laravel/framework/src/Illuminate/Foundation/Http/Middleware/InvokeDeferredCallbacks.php(22): Illuminate\Pipeline\Pipeline->{closure:{closure:Illuminate\Pipeline\Pipeline::carry():184}:185}(Object(Illuminate\Http\Request))
#38 /var/www/html/vendor/laravel/framework/src/Illuminate/Pipeline/Pipeline.php(209): Illuminate\Foundation\Http\Middleware\InvokeDeferredCallbacks->handle(Object(Illuminate\Http\Request), Object(Closure))
#39 /var/www/html/vendor/laravel/framework/src/Illuminate/Pipeline/Pipeline.php(127): Illuminate\Pipeline\Pipeline->{closure:{closure:Illuminate\Pipeline\Pipeline::carry():184}:185}(Object(Illuminate\Http\Request))
#40 /var/www/html/vendor/laravel/framework/src/Illuminate/Foundation/Http/Kernel.php(176): Illuminate\Pipeline\Pipeline->then(Object(Closure))
#41 /var/www/html/vendor/laravel/framework/src/Illuminate/Foundation/Http/Kernel.php(145): Illuminate\Foundation\Http\Kernel->sendRequestThroughRouter(Object(Illuminate\Http\Request))
#42 /var/www/html/vendor/laravel/framework/src/Illuminate/Foundation/Testing/Concerns/MakesHttpRequests.php(607): Illuminate\Foundation\Http\Kernel->handle(Object(Illuminate\Http\Request))
#43 /var/www/html/vendor/laravel/framework/src/Illuminate/Foundation/Testing/Concerns/MakesHttpRequests.php(573): Illuminate\Foundation\Testing\TestCase->call('GET', '/api/posts/1', Array, Array, Array, Array, '[]')
#44 /var/www/html/vendor/laravel/framework/src/Illuminate/Foundation/Testing/Concerns/MakesHttpRequests.php(381): Illuminate\Foundation\Testing\TestCase->json('GET', '/api/posts/1', Array, Array, 0)
#45 /var/www/html/tests/Feature/PostTest.php(316): Illuminate\Foundation\Testing\TestCase->getJson('/api/posts/1')
#46 /var/www/html/vendor/pestphp/pest/src/Factories/TestCaseMethodFactory.php(171): P\Tests\Feature\PostTest->{closure:/var/www/html/tests/Feature/PostTest.php:312}()
#47 [internal function]: P\Tests\Feature\PostTest->{closure:Pest\Factories\TestCaseMethodFactory::getClosure():161}()
#48 /var/www/html/vendor/pestphp/pest/src/Concerns/Testable.php(419): call_user_func_array(Object(Closure), Array)
#49 /var/www/html/vendor/pestphp/pest/src/Support/ExceptionTrace.php(26): P\Tests\Feature\PostTest->{closure:Pest\Concerns\Testable::__callClosure():419}()
#50 /var/www/html/vendor/pestphp/pest/src/Concerns/Testable.php(419): Pest\Support\ExceptionTrace::ensure(Object(Closure))
#51 /var/www/html/vendor/pestphp/pest/src/Concerns/Testable.php(321): P\Tests\Feature\PostTest->__callClosure(Object(Closure), Array)
#52 /var/www/html/vendor/pestphp/pest/src/Factories/TestCaseFactory.php(170) : eval()'d code(302): P\Tests\Feature\PostTest->__runTest(Object(Closure))
#53 /var/www/html/vendor/phpunit/phpunit/src/Framework/TestCase.php(1667): P\Tests\Feature\PostTest->__pest_evaluable_it_omits_press_releases_for_a_post_with_no_coverage()
#54 /var/www/html/vendor/phpunit/phpunit/src/Framework/TestCase.php(519): PHPUnit\Framework\TestCase->runTest()
#55 /var/www/html/vendor/phpunit/phpunit/src/Framework/TestRunner/TestRunner.php(87): PHPUnit\Framework\TestCase->runBare()
#56 /var/www/html/vendor/phpunit/phpunit/src/Framework/TestCase.php(365): PHPUnit\Framework\TestRunner->run(Object(P\Tests\Feature\PostTest))
#57 /var/www/html/vendor/phpunit/phpunit/src/Framework/TestSuite.php(369): PHPUnit\Framework\TestCase->run()
#58 /var/www/html/vendor/phpunit/phpunit/src/Framework/TestSuite.php(369): PHPUnit\Framework\TestSuite->run()
#59 /var/www/html/vendor/phpunit/phpunit/src/Framework/TestSuite.php(369): PHPUnit\Framework\TestSuite->run()
#60 /var/www/html/vendor/phpunit/phpunit/src/TextUI/TestRunner.php(64): PHPUnit\Framework\TestSuite->run()
#61 /var/www/html/vendor/phpunit/phpunit/src/TextUI/Application.php(211): PHPUnit\TextUI\TestRunner->run(Object(PHPUnit\TextUI\Configuration\Configuration), Object(PHPUnit\Runner\ResultCache\DefaultResultCache), Object(PHPUnit\Framework\TestSuite))
#62 /var/www/html/vendor/pestphp/pest/src/Kernel.php(103): PHPUnit\TextUI\Application->run(Array)
#63 /var/www/html/vendor/pestphp/pest/bin/pest(184): Pest\Kernel->handle(Array, Array)
#64 /var/www/html/vendor/pestphp/pest/bin/pest(192): {closure:/var/www/html/vendor/pestphp/pest/bin/pest:18}()
#65 {main}

----------------------------------------------------------------------------------

Cannot translate attribute `content` as it's not one of the translatable attributes: `title, intro`

  at tests/Feature/PostTest.php:317
    313▕     $profile = \App\Models\BandProfile::factory()->create();
    314▕     $post    = \App\Models\Post::factory()->create(['published_at' => now()->subDay()]);
    315▕ 
    316▕     $this->getJson("/api/posts/{$post->id}")
  ➜ 317▕         ->assertOk()
    318▕         ->assertJsonPath('data.press_releases', []);
    319▕ });
    320▕


  Tests:    21 failed, 1250 passed (2875 assertions)
  Duration: 45.64s

